Archive member included to satisfy reference by file (symbol)

c:/program files (x86)/atmel/studio/7.0/toolchain/avr8/avr8-gnu-toolchain/bin/../lib/gcc/avr/5.4.0/../../../../avr/lib/avr5\libm.a(addsf3.o)
                              ATMEGA32_Driver/USART_Driver.o (__subsf3)
c:/program files (x86)/atmel/studio/7.0/toolchain/avr8/avr8-gnu-toolchain/bin/../lib/gcc/avr/5.4.0/../../../../avr/lib/avr5\libm.a(addsf3x.o)
                              c:/program files (x86)/atmel/studio/7.0/toolchain/avr8/avr8-gnu-toolchain/bin/../lib/gcc/avr/5.4.0/../../../../avr/lib/avr5\libm.a(addsf3.o) (__addsf3x)
c:/program files (x86)/atmel/studio/7.0/toolchain/avr8/avr8-gnu-toolchain/bin/../lib/gcc/avr/5.4.0/../../../../avr/lib/avr5\libm.a(divsf3.o)
                              ATMEGA32_Driver/USART_Driver.o (__divsf3)
c:/program files (x86)/atmel/studio/7.0/toolchain/avr8/avr8-gnu-toolchain/bin/../lib/gcc/avr/5.4.0/../../../../avr/lib/avr5\libm.a(divsf3x.o)
                              c:/program files (x86)/atmel/studio/7.0/toolchain/avr8/avr8-gnu-toolchain/bin/../lib/gcc/avr/5.4.0/../../../../avr/lib/avr5\libm.a(divsf3.o) (__divsf3x)
c:/program files (x86)/atmel/studio/7.0/toolchain/avr8/avr8-gnu-toolchain/bin/../lib/gcc/avr/5.4.0/../../../../avr/lib/avr5\libm.a(fixunssfsi.o)
                              ATMEGA32_Driver/USART_Driver.o (__fixunssfsi)
c:/program files (x86)/atmel/studio/7.0/toolchain/avr8/avr8-gnu-toolchain/bin/../lib/gcc/avr/5.4.0/../../../../avr/lib/avr5\libm.a(floatsisf.o)
                              ATMEGA32_Driver/USART_Driver.o (__floatunsisf)
c:/program files (x86)/atmel/studio/7.0/toolchain/avr8/avr8-gnu-toolchain/bin/../lib/gcc/avr/5.4.0/../../../../avr/lib/avr5\libm.a(fp_inf.o)
                              c:/program files (x86)/atmel/studio/7.0/toolchain/avr8/avr8-gnu-toolchain/bin/../lib/gcc/avr/5.4.0/../../../../avr/lib/avr5\libm.a(addsf3x.o) (__fp_inf)
c:/program files (x86)/atmel/studio/7.0/toolchain/avr8/avr8-gnu-toolchain/bin/../lib/gcc/avr/5.4.0/../../../../avr/lib/avr5\libm.a(fp_nan.o)
                              c:/program files (x86)/atmel/studio/7.0/toolchain/avr8/avr8-gnu-toolchain/bin/../lib/gcc/avr/5.4.0/../../../../avr/lib/avr5\libm.a(addsf3x.o) (__fp_nan)
c:/program files (x86)/atmel/studio/7.0/toolchain/avr8/avr8-gnu-toolchain/bin/../lib/gcc/avr/5.4.0/../../../../avr/lib/avr5\libm.a(fp_pscA.o)
                              c:/program files (x86)/atmel/studio/7.0/toolchain/avr8/avr8-gnu-toolchain/bin/../lib/gcc/avr/5.4.0/../../../../avr/lib/avr5\libm.a(addsf3x.o) (__fp_pscA)
c:/program files (x86)/atmel/studio/7.0/toolchain/avr8/avr8-gnu-toolchain/bin/../lib/gcc/avr/5.4.0/../../../../avr/lib/avr5\libm.a(fp_pscB.o)
                              c:/program files (x86)/atmel/studio/7.0/toolchain/avr8/avr8-gnu-toolchain/bin/../lib/gcc/avr/5.4.0/../../../../avr/lib/avr5\libm.a(addsf3x.o) (__fp_pscB)
c:/program files (x86)/atmel/studio/7.0/toolchain/avr8/avr8-gnu-toolchain/bin/../lib/gcc/avr/5.4.0/../../../../avr/lib/avr5\libm.a(fp_round.o)
                              c:/program files (x86)/atmel/studio/7.0/toolchain/avr8/avr8-gnu-toolchain/bin/../lib/gcc/avr/5.4.0/../../../../avr/lib/avr5\libm.a(addsf3.o) (__fp_round)
c:/program files (x86)/atmel/studio/7.0/toolchain/avr8/avr8-gnu-toolchain/bin/../lib/gcc/avr/5.4.0/../../../../avr/lib/avr5\libm.a(fp_split3.o)
                              c:/program files (x86)/atmel/studio/7.0/toolchain/avr8/avr8-gnu-toolchain/bin/../lib/gcc/avr/5.4.0/../../../../avr/lib/avr5\libm.a(addsf3x.o) (__fp_split3)
c:/program files (x86)/atmel/studio/7.0/toolchain/avr8/avr8-gnu-toolchain/bin/../lib/gcc/avr/5.4.0/../../../../avr/lib/avr5\libm.a(fp_zero.o)
                              c:/program files (x86)/atmel/studio/7.0/toolchain/avr8/avr8-gnu-toolchain/bin/../lib/gcc/avr/5.4.0/../../../../avr/lib/avr5\libm.a(addsf3x.o) (__fp_zero)
c:/program files (x86)/atmel/studio/7.0/toolchain/avr8/avr8-gnu-toolchain/bin/../lib/gcc/avr/5.4.0/../../../../avr/lib/avr5\libm.a(mulsf3.o)
                              ATMEGA32_Driver/USART_Driver.o (__mulsf3)
c:/program files (x86)/atmel/studio/7.0/toolchain/avr8/avr8-gnu-toolchain/bin/../lib/gcc/avr/5.4.0/../../../../avr/lib/avr5\libm.a(mulsf3x.o)
                              c:/program files (x86)/atmel/studio/7.0/toolchain/avr8/avr8-gnu-toolchain/bin/../lib/gcc/avr/5.4.0/../../../../avr/lib/avr5\libm.a(mulsf3.o) (__mulsf3x)
c:/program files (x86)/atmel/studio/7.0/toolchain/avr8/avr8-gnu-toolchain/bin/../lib/gcc/avr/5.4.0/avr5\libgcc.a(_udivmodsi4.o)
                              ATMEGA32_Driver/I2C_Driver.o (__udivmodsi4)
c:/program files (x86)/atmel/studio/7.0/toolchain/avr8/avr8-gnu-toolchain/bin/../lib/gcc/avr/5.4.0/avr5\libgcc.a(_exit.o)
                              C:/Program Files (x86)/Atmel/Studio/7.0/Packs/atmel/ATmega_DFP/1.6.364/gcc/dev/atmega32/avr5/crtatmega32.o (exit)
c:/program files (x86)/atmel/studio/7.0/toolchain/avr8/avr8-gnu-toolchain/bin/../lib/gcc/avr/5.4.0/avr5\libgcc.a(_tablejump2.o)
                              ATMEGA32_Driver/I2C_Driver.o (__tablejump2__)
c:/program files (x86)/atmel/studio/7.0/toolchain/avr8/avr8-gnu-toolchain/bin/../lib/gcc/avr/5.4.0/avr5\libgcc.a(_copy_data.o)
                              HAL/Keypad.o (__do_copy_data)
c:/program files (x86)/atmel/studio/7.0/toolchain/avr8/avr8-gnu-toolchain/bin/../lib/gcc/avr/5.4.0/avr5\libgcc.a(_clear_bss.o)
                              ATMEGA32_Driver/EXTI_Driver.o (__do_clear_bss)

Allocating common symbols
Common symbol       size              file

GPU_IRQ_CALL        0x6               ATMEGA32_Driver/USART_Driver.o
pinconfig           0x2               HAL/DHT11.o
key_pressed         0x1               main.o
GP_IRQ_CALL         0x6               ATMEGA32_Driver/EXTI_Driver.o

Discarded input sections

 .data          0x00000000        0x0 C:/Program Files (x86)/Atmel/Studio/7.0/Packs/atmel/ATmega_DFP/1.6.364/gcc/dev/atmega32/avr5/crtatmega32.o
 .bss           0x00000000        0x0 C:/Program Files (x86)/Atmel/Studio/7.0/Packs/atmel/ATmega_DFP/1.6.364/gcc/dev/atmega32/avr5/crtatmega32.o
 .text          0x00000000        0x0 ATMEGA32_Driver/EXTI_Driver.o
 .data          0x00000000        0x0 ATMEGA32_Driver/EXTI_Driver.o
 .bss           0x00000000        0x0 ATMEGA32_Driver/EXTI_Driver.o
 .text.MCAL_EXTI_GPIO_Init
                0x00000000      0x17e ATMEGA32_Driver/EXTI_Driver.o
 .text.MCAL_EXTI_GPIO_DeInit
                0x00000000       0x26 ATMEGA32_Driver/EXTI_Driver.o
 .text          0x00000000        0x0 ATMEGA32_Driver/GPIO_Driver.o
 .data          0x00000000        0x0 ATMEGA32_Driver/GPIO_Driver.o
 .bss           0x00000000        0x0 ATMEGA32_Driver/GPIO_Driver.o
 .text.MCAL_GPIO_DeInit
                0x00000000        0x8 ATMEGA32_Driver/GPIO_Driver.o
 .text.MCAL_GPIO_ReadPin
                0x00000000        0xc ATMEGA32_Driver/GPIO_Driver.o
 .text.MCAL_GPIO_TogglePin
                0x00000000        0xa ATMEGA32_Driver/GPIO_Driver.o
 .text          0x00000000        0x0 ATMEGA32_Driver/I2C_Driver.o
 .data          0x00000000        0x0 ATMEGA32_Driver/I2C_Driver.o
 .bss           0x00000000        0x0 ATMEGA32_Driver/I2C_Driver.o
 .text.MCAL_I2C_Slave_TX
                0x00000000       0x36 ATMEGA32_Driver/I2C_Driver.o
 .text.MCAL_I2C_Slave_RX
                0x00000000       0x2c ATMEGA32_Driver/I2C_Driver.o
 .text          0x00000000        0x0 ATMEGA32_Driver/PWM_Driver.o
 .data          0x00000000        0x0 ATMEGA32_Driver/PWM_Driver.o
 .bss           0x00000000        0x0 ATMEGA32_Driver/PWM_Driver.o
 .text.MCAL_PWM_DInit
                0x00000000       0x14 ATMEGA32_Driver/PWM_Driver.o
 .text.MCAL_PWM_Set_TOP_Value
                0x00000000        0x6 ATMEGA32_Driver/PWM_Driver.o
 .text          0x00000000        0x0 ATMEGA32_Driver/SPI_Driver.o
 .data          0x00000000        0x0 ATMEGA32_Driver/SPI_Driver.o
 .bss           0x00000000        0x0 ATMEGA32_Driver/SPI_Driver.o
 .text.MCAL_SPI_Init
                0x00000000       0xaa ATMEGA32_Driver/SPI_Driver.o
 .text.MCAL_SPI_DeInit
                0x00000000        0xc ATMEGA32_Driver/SPI_Driver.o
 .text.MCAL_SPI_ReceiveData
                0x00000000       0x10 ATMEGA32_Driver/SPI_Driver.o
 .text.MCAL_SPI_SendData
                0x00000000       0x10 ATMEGA32_Driver/SPI_Driver.o
 .text.MCAL_SPI_Receive_Send_Data
                0x00000000       0x1c ATMEGA32_Driver/SPI_Driver.o
 .text.MCAL_SPI_Set_Master_Pin
                0x00000000       0x6c ATMEGA32_Driver/SPI_Driver.o
 .text.MCAL_SPI_Set_Slave_Pin
                0x00000000       0x6c ATMEGA32_Driver/SPI_Driver.o
 .text          0x00000000        0x0 ATMEGA32_Driver/TIMER0_Driver.o
 .data          0x00000000        0x0 ATMEGA32_Driver/TIMER0_Driver.o
 .bss           0x00000000        0x0 ATMEGA32_Driver/TIMER0_Driver.o
 .text.MCAL_TIMER0_Init
                0x00000000       0xa2 ATMEGA32_Driver/TIMER0_Driver.o
 .text.MCAL_TIMER0_Set_Compare_Value
                0x00000000        0x4 ATMEGA32_Driver/TIMER0_Driver.o
 .text.MCAL_TIMER0_Read_Compare_Value
                0x00000000        0x4 ATMEGA32_Driver/TIMER0_Driver.o
 .text.MCAL_TIMER0_Read_Counter_Value
                0x00000000        0x4 ATMEGA32_Driver/TIMER0_Driver.o
 .text          0x00000000        0x0 ATMEGA32_Driver/USART_Driver.o
 .data          0x00000000        0x0 ATMEGA32_Driver/USART_Driver.o
 .bss           0x00000000        0x0 ATMEGA32_Driver/USART_Driver.o
 .text.MCAL_USART_Init
                0x00000000      0x304 ATMEGA32_Driver/USART_Driver.o
 .text.MCAL_USART_ReceiveData
                0x00000000       0x58 ATMEGA32_Driver/USART_Driver.o
 .text.MCAL_USART_SendData
                0x00000000       0x60 ATMEGA32_Driver/USART_Driver.o
 .text.MCAL_USART_Send_String
                0x00000000       0x32 ATMEGA32_Driver/USART_Driver.o
 .text.MCAL_USART_Receive_String
                0x00000000       0x36 ATMEGA32_Driver/USART_Driver.o
 .text.MCAL_USART_DeInit
                0x00000000       0x1e ATMEGA32_Driver/USART_Driver.o
 .bss.g_USART_Config
                0x00000000        0x2 ATMEGA32_Driver/USART_Driver.o
 .text          0x00000000        0x0 ATMEGA32_Driver/WDT.o
 .data          0x00000000        0x0 ATMEGA32_Driver/WDT.o
 .bss           0x00000000        0x0 ATMEGA32_Driver/WDT.o
 .text          0x00000000        0x0 HAL/DHT11.o
 .data          0x00000000        0x0 HAL/DHT11.o
 .bss           0x00000000        0x0 HAL/DHT11.o
 .text.Request  0x00000000       0x3c HAL/DHT11.o
 .text.Response
                0x00000000       0x42 HAL/DHT11.o
 .text.Receive_data
                0x00000000       0x60 HAL/DHT11.o
 .bss.buffer    0x00000000        0x1 HAL/DHT11.o
 .debug_info    0x00000000      0x3c2 HAL/DHT11.o
 .debug_abbrev  0x00000000      0x172 HAL/DHT11.o
 .debug_loc     0x00000000       0xcb HAL/DHT11.o
 .debug_aranges
                0x00000000       0x30 HAL/DHT11.o
 .debug_ranges  0x00000000       0x20 HAL/DHT11.o
 .debug_line    0x00000000      0x20e HAL/DHT11.o
 .debug_str     0x00000000      0x247 HAL/DHT11.o
 .comment       0x00000000       0x31 HAL/DHT11.o
 .debug_frame   0x00000000       0x4c HAL/DHT11.o
 COMMON         0x00000000        0x2 HAL/DHT11.o
 .text          0x00000000        0x0 HAL/EEPROM.o
 .data          0x00000000        0x0 HAL/EEPROM.o
 .bss           0x00000000        0x0 HAL/EEPROM.o
 .text          0x00000000        0x0 HAL/Keypad.o
 .data          0x00000000        0x0 HAL/Keypad.o
 .bss           0x00000000        0x0 HAL/Keypad.o
 .data.Keypad_Row
                0x00000000        0x8 HAL/Keypad.o
 .data.keypad   0x00000000       0x10 HAL/Keypad.o
 .text          0x00000000        0x0 HAL/LCD.o
 .data          0x00000000        0x0 HAL/LCD.o
 .bss           0x00000000        0x0 HAL/LCD.o
 .text          0x00000000        0x0 HAL/Servo_Motor.o
 .data          0x00000000        0x0 HAL/Servo_Motor.o
 .bss           0x00000000        0x0 HAL/Servo_Motor.o
 .text.Servo_DInit
                0x00000000        0x6 HAL/Servo_Motor.o
 .text          0x00000000        0x0 main.o
 .data          0x00000000        0x0 main.o
 .bss           0x00000000        0x0 main.o
 .text          0x00000000        0x0 c:/program files (x86)/atmel/studio/7.0/toolchain/avr8/avr8-gnu-toolchain/bin/../lib/gcc/avr/5.4.0/../../../../avr/lib/avr5\libm.a(addsf3.o)
 .data          0x00000000        0x0 c:/program files (x86)/atmel/studio/7.0/toolchain/avr8/avr8-gnu-toolchain/bin/../lib/gcc/avr/5.4.0/../../../../avr/lib/avr5\libm.a(addsf3.o)
 .bss           0x00000000        0x0 c:/program files (x86)/atmel/studio/7.0/toolchain/avr8/avr8-gnu-toolchain/bin/../lib/gcc/avr/5.4.0/../../../../avr/lib/avr5\libm.a(addsf3.o)
 .text          0x00000000        0x0 c:/program files (x86)/atmel/studio/7.0/toolchain/avr8/avr8-gnu-toolchain/bin/../lib/gcc/avr/5.4.0/../../../../avr/lib/avr5\libm.a(addsf3x.o)
 .data          0x00000000        0x0 c:/program files (x86)/atmel/studio/7.0/toolchain/avr8/avr8-gnu-toolchain/bin/../lib/gcc/avr/5.4.0/../../../../avr/lib/avr5\libm.a(addsf3x.o)
 .bss           0x00000000        0x0 c:/program files (x86)/atmel/studio/7.0/toolchain/avr8/avr8-gnu-toolchain/bin/../lib/gcc/avr/5.4.0/../../../../avr/lib/avr5\libm.a(addsf3x.o)
 .text          0x00000000        0x0 c:/program files (x86)/atmel/studio/7.0/toolchain/avr8/avr8-gnu-toolchain/bin/../lib/gcc/avr/5.4.0/../../../../avr/lib/avr5\libm.a(divsf3.o)
 .data          0x00000000        0x0 c:/program files (x86)/atmel/studio/7.0/toolchain/avr8/avr8-gnu-toolchain/bin/../lib/gcc/avr/5.4.0/../../../../avr/lib/avr5\libm.a(divsf3.o)
 .bss           0x00000000        0x0 c:/program files (x86)/atmel/studio/7.0/toolchain/avr8/avr8-gnu-toolchain/bin/../lib/gcc/avr/5.4.0/../../../../avr/lib/avr5\libm.a(divsf3.o)
 .text          0x00000000        0x0 c:/program files (x86)/atmel/studio/7.0/toolchain/avr8/avr8-gnu-toolchain/bin/../lib/gcc/avr/5.4.0/../../../../avr/lib/avr5\libm.a(divsf3x.o)
 .data          0x00000000        0x0 c:/program files (x86)/atmel/studio/7.0/toolchain/avr8/avr8-gnu-toolchain/bin/../lib/gcc/avr/5.4.0/../../../../avr/lib/avr5\libm.a(divsf3x.o)
 .bss           0x00000000        0x0 c:/program files (x86)/atmel/studio/7.0/toolchain/avr8/avr8-gnu-toolchain/bin/../lib/gcc/avr/5.4.0/../../../../avr/lib/avr5\libm.a(divsf3x.o)
 .text          0x00000000        0x0 c:/program files (x86)/atmel/studio/7.0/toolchain/avr8/avr8-gnu-toolchain/bin/../lib/gcc/avr/5.4.0/../../../../avr/lib/avr5\libm.a(fixunssfsi.o)
 .data          0x00000000        0x0 c:/program files (x86)/atmel/studio/7.0/toolchain/avr8/avr8-gnu-toolchain/bin/../lib/gcc/avr/5.4.0/../../../../avr/lib/avr5\libm.a(fixunssfsi.o)
 .bss           0x00000000        0x0 c:/program files (x86)/atmel/studio/7.0/toolchain/avr8/avr8-gnu-toolchain/bin/../lib/gcc/avr/5.4.0/../../../../avr/lib/avr5\libm.a(fixunssfsi.o)
 .text          0x00000000        0x0 c:/program files (x86)/atmel/studio/7.0/toolchain/avr8/avr8-gnu-toolchain/bin/../lib/gcc/avr/5.4.0/../../../../avr/lib/avr5\libm.a(floatsisf.o)
 .data          0x00000000        0x0 c:/program files (x86)/atmel/studio/7.0/toolchain/avr8/avr8-gnu-toolchain/bin/../lib/gcc/avr/5.4.0/../../../../avr/lib/avr5\libm.a(floatsisf.o)
 .bss           0x00000000        0x0 c:/program files (x86)/atmel/studio/7.0/toolchain/avr8/avr8-gnu-toolchain/bin/../lib/gcc/avr/5.4.0/../../../../avr/lib/avr5\libm.a(floatsisf.o)
 .text          0x00000000        0x0 c:/program files (x86)/atmel/studio/7.0/toolchain/avr8/avr8-gnu-toolchain/bin/../lib/gcc/avr/5.4.0/../../../../avr/lib/avr5\libm.a(fp_inf.o)
 .data          0x00000000        0x0 c:/program files (x86)/atmel/studio/7.0/toolchain/avr8/avr8-gnu-toolchain/bin/../lib/gcc/avr/5.4.0/../../../../avr/lib/avr5\libm.a(fp_inf.o)
 .bss           0x00000000        0x0 c:/program files (x86)/atmel/studio/7.0/toolchain/avr8/avr8-gnu-toolchain/bin/../lib/gcc/avr/5.4.0/../../../../avr/lib/avr5\libm.a(fp_inf.o)
 .text          0x00000000        0x0 c:/program files (x86)/atmel/studio/7.0/toolchain/avr8/avr8-gnu-toolchain/bin/../lib/gcc/avr/5.4.0/../../../../avr/lib/avr5\libm.a(fp_nan.o)
 .data          0x00000000        0x0 c:/program files (x86)/atmel/studio/7.0/toolchain/avr8/avr8-gnu-toolchain/bin/../lib/gcc/avr/5.4.0/../../../../avr/lib/avr5\libm.a(fp_nan.o)
 .bss           0x00000000        0x0 c:/program files (x86)/atmel/studio/7.0/toolchain/avr8/avr8-gnu-toolchain/bin/../lib/gcc/avr/5.4.0/../../../../avr/lib/avr5\libm.a(fp_nan.o)
 .text          0x00000000        0x0 c:/program files (x86)/atmel/studio/7.0/toolchain/avr8/avr8-gnu-toolchain/bin/../lib/gcc/avr/5.4.0/../../../../avr/lib/avr5\libm.a(fp_pscA.o)
 .data          0x00000000        0x0 c:/program files (x86)/atmel/studio/7.0/toolchain/avr8/avr8-gnu-toolchain/bin/../lib/gcc/avr/5.4.0/../../../../avr/lib/avr5\libm.a(fp_pscA.o)
 .bss           0x00000000        0x0 c:/program files (x86)/atmel/studio/7.0/toolchain/avr8/avr8-gnu-toolchain/bin/../lib/gcc/avr/5.4.0/../../../../avr/lib/avr5\libm.a(fp_pscA.o)
 .text          0x00000000        0x0 c:/program files (x86)/atmel/studio/7.0/toolchain/avr8/avr8-gnu-toolchain/bin/../lib/gcc/avr/5.4.0/../../../../avr/lib/avr5\libm.a(fp_pscB.o)
 .data          0x00000000        0x0 c:/program files (x86)/atmel/studio/7.0/toolchain/avr8/avr8-gnu-toolchain/bin/../lib/gcc/avr/5.4.0/../../../../avr/lib/avr5\libm.a(fp_pscB.o)
 .bss           0x00000000        0x0 c:/program files (x86)/atmel/studio/7.0/toolchain/avr8/avr8-gnu-toolchain/bin/../lib/gcc/avr/5.4.0/../../../../avr/lib/avr5\libm.a(fp_pscB.o)
 .text          0x00000000        0x0 c:/program files (x86)/atmel/studio/7.0/toolchain/avr8/avr8-gnu-toolchain/bin/../lib/gcc/avr/5.4.0/../../../../avr/lib/avr5\libm.a(fp_round.o)
 .data          0x00000000        0x0 c:/program files (x86)/atmel/studio/7.0/toolchain/avr8/avr8-gnu-toolchain/bin/../lib/gcc/avr/5.4.0/../../../../avr/lib/avr5\libm.a(fp_round.o)
 .bss           0x00000000        0x0 c:/program files (x86)/atmel/studio/7.0/toolchain/avr8/avr8-gnu-toolchain/bin/../lib/gcc/avr/5.4.0/../../../../avr/lib/avr5\libm.a(fp_round.o)
 .text          0x00000000        0x0 c:/program files (x86)/atmel/studio/7.0/toolchain/avr8/avr8-gnu-toolchain/bin/../lib/gcc/avr/5.4.0/../../../../avr/lib/avr5\libm.a(fp_split3.o)
 .data          0x00000000        0x0 c:/program files (x86)/atmel/studio/7.0/toolchain/avr8/avr8-gnu-toolchain/bin/../lib/gcc/avr/5.4.0/../../../../avr/lib/avr5\libm.a(fp_split3.o)
 .bss           0x00000000        0x0 c:/program files (x86)/atmel/studio/7.0/toolchain/avr8/avr8-gnu-toolchain/bin/../lib/gcc/avr/5.4.0/../../../../avr/lib/avr5\libm.a(fp_split3.o)
 .text          0x00000000        0x0 c:/program files (x86)/atmel/studio/7.0/toolchain/avr8/avr8-gnu-toolchain/bin/../lib/gcc/avr/5.4.0/../../../../avr/lib/avr5\libm.a(fp_zero.o)
 .data          0x00000000        0x0 c:/program files (x86)/atmel/studio/7.0/toolchain/avr8/avr8-gnu-toolchain/bin/../lib/gcc/avr/5.4.0/../../../../avr/lib/avr5\libm.a(fp_zero.o)
 .bss           0x00000000        0x0 c:/program files (x86)/atmel/studio/7.0/toolchain/avr8/avr8-gnu-toolchain/bin/../lib/gcc/avr/5.4.0/../../../../avr/lib/avr5\libm.a(fp_zero.o)
 .text          0x00000000        0x0 c:/program files (x86)/atmel/studio/7.0/toolchain/avr8/avr8-gnu-toolchain/bin/../lib/gcc/avr/5.4.0/../../../../avr/lib/avr5\libm.a(mulsf3.o)
 .data          0x00000000        0x0 c:/program files (x86)/atmel/studio/7.0/toolchain/avr8/avr8-gnu-toolchain/bin/../lib/gcc/avr/5.4.0/../../../../avr/lib/avr5\libm.a(mulsf3.o)
 .bss           0x00000000        0x0 c:/program files (x86)/atmel/studio/7.0/toolchain/avr8/avr8-gnu-toolchain/bin/../lib/gcc/avr/5.4.0/../../../../avr/lib/avr5\libm.a(mulsf3.o)
 .text          0x00000000        0x0 c:/program files (x86)/atmel/studio/7.0/toolchain/avr8/avr8-gnu-toolchain/bin/../lib/gcc/avr/5.4.0/../../../../avr/lib/avr5\libm.a(mulsf3x.o)
 .data          0x00000000        0x0 c:/program files (x86)/atmel/studio/7.0/toolchain/avr8/avr8-gnu-toolchain/bin/../lib/gcc/avr/5.4.0/../../../../avr/lib/avr5\libm.a(mulsf3x.o)
 .bss           0x00000000        0x0 c:/program files (x86)/atmel/studio/7.0/toolchain/avr8/avr8-gnu-toolchain/bin/../lib/gcc/avr/5.4.0/../../../../avr/lib/avr5\libm.a(mulsf3x.o)
 .text          0x00000000        0x0 c:/program files (x86)/atmel/studio/7.0/toolchain/avr8/avr8-gnu-toolchain/bin/../lib/gcc/avr/5.4.0/avr5\libgcc.a(_udivmodsi4.o)
 .data          0x00000000        0x0 c:/program files (x86)/atmel/studio/7.0/toolchain/avr8/avr8-gnu-toolchain/bin/../lib/gcc/avr/5.4.0/avr5\libgcc.a(_udivmodsi4.o)
 .bss           0x00000000        0x0 c:/program files (x86)/atmel/studio/7.0/toolchain/avr8/avr8-gnu-toolchain/bin/../lib/gcc/avr/5.4.0/avr5\libgcc.a(_udivmodsi4.o)
 .text.libgcc.mul
                0x00000000        0x0 c:/program files (x86)/atmel/studio/7.0/toolchain/avr8/avr8-gnu-toolchain/bin/../lib/gcc/avr/5.4.0/avr5\libgcc.a(_udivmodsi4.o)
 .text.libgcc   0x00000000        0x0 c:/program files (x86)/atmel/studio/7.0/toolchain/avr8/avr8-gnu-toolchain/bin/../lib/gcc/avr/5.4.0/avr5\libgcc.a(_udivmodsi4.o)
 .text.libgcc.prologue
                0x00000000        0x0 c:/program files (x86)/atmel/studio/7.0/toolchain/avr8/avr8-gnu-toolchain/bin/../lib/gcc/avr/5.4.0/avr5\libgcc.a(_udivmodsi4.o)
 .text.libgcc.builtins
                0x00000000        0x0 c:/program files (x86)/atmel/studio/7.0/toolchain/avr8/avr8-gnu-toolchain/bin/../lib/gcc/avr/5.4.0/avr5\libgcc.a(_udivmodsi4.o)
 .text.libgcc.fmul
                0x00000000        0x0 c:/program files (x86)/atmel/studio/7.0/toolchain/avr8/avr8-gnu-toolchain/bin/../lib/gcc/avr/5.4.0/avr5\libgcc.a(_udivmodsi4.o)
 .text.libgcc.fixed
                0x00000000        0x0 c:/program files (x86)/atmel/studio/7.0/toolchain/avr8/avr8-gnu-toolchain/bin/../lib/gcc/avr/5.4.0/avr5\libgcc.a(_udivmodsi4.o)
 .text          0x00000000        0x0 c:/program files (x86)/atmel/studio/7.0/toolchain/avr8/avr8-gnu-toolchain/bin/../lib/gcc/avr/5.4.0/avr5\libgcc.a(_exit.o)
 .data          0x00000000        0x0 c:/program files (x86)/atmel/studio/7.0/toolchain/avr8/avr8-gnu-toolchain/bin/../lib/gcc/avr/5.4.0/avr5\libgcc.a(_exit.o)
 .bss           0x00000000        0x0 c:/program files (x86)/atmel/studio/7.0/toolchain/avr8/avr8-gnu-toolchain/bin/../lib/gcc/avr/5.4.0/avr5\libgcc.a(_exit.o)
 .text.libgcc.mul
                0x00000000        0x0 c:/program files (x86)/atmel/studio/7.0/toolchain/avr8/avr8-gnu-toolchain/bin/../lib/gcc/avr/5.4.0/avr5\libgcc.a(_exit.o)
 .text.libgcc.div
                0x00000000        0x0 c:/program files (x86)/atmel/studio/7.0/toolchain/avr8/avr8-gnu-toolchain/bin/../lib/gcc/avr/5.4.0/avr5\libgcc.a(_exit.o)
 .text.libgcc   0x00000000        0x0 c:/program files (x86)/atmel/studio/7.0/toolchain/avr8/avr8-gnu-toolchain/bin/../lib/gcc/avr/5.4.0/avr5\libgcc.a(_exit.o)
 .text.libgcc.prologue
                0x00000000        0x0 c:/program files (x86)/atmel/studio/7.0/toolchain/avr8/avr8-gnu-toolchain/bin/../lib/gcc/avr/5.4.0/avr5\libgcc.a(_exit.o)
 .text.libgcc.builtins
                0x00000000        0x0 c:/program files (x86)/atmel/studio/7.0/toolchain/avr8/avr8-gnu-toolchain/bin/../lib/gcc/avr/5.4.0/avr5\libgcc.a(_exit.o)
 .text.libgcc.fmul
                0x00000000        0x0 c:/program files (x86)/atmel/studio/7.0/toolchain/avr8/avr8-gnu-toolchain/bin/../lib/gcc/avr/5.4.0/avr5\libgcc.a(_exit.o)
 .text.libgcc.fixed
                0x00000000        0x0 c:/program files (x86)/atmel/studio/7.0/toolchain/avr8/avr8-gnu-toolchain/bin/../lib/gcc/avr/5.4.0/avr5\libgcc.a(_exit.o)
 .text          0x00000000        0x0 c:/program files (x86)/atmel/studio/7.0/toolchain/avr8/avr8-gnu-toolchain/bin/../lib/gcc/avr/5.4.0/avr5\libgcc.a(_tablejump2.o)
 .data          0x00000000        0x0 c:/program files (x86)/atmel/studio/7.0/toolchain/avr8/avr8-gnu-toolchain/bin/../lib/gcc/avr/5.4.0/avr5\libgcc.a(_tablejump2.o)
 .bss           0x00000000        0x0 c:/program files (x86)/atmel/studio/7.0/toolchain/avr8/avr8-gnu-toolchain/bin/../lib/gcc/avr/5.4.0/avr5\libgcc.a(_tablejump2.o)
 .text.libgcc.mul
                0x00000000        0x0 c:/program files (x86)/atmel/studio/7.0/toolchain/avr8/avr8-gnu-toolchain/bin/../lib/gcc/avr/5.4.0/avr5\libgcc.a(_tablejump2.o)
 .text.libgcc.div
                0x00000000        0x0 c:/program files (x86)/atmel/studio/7.0/toolchain/avr8/avr8-gnu-toolchain/bin/../lib/gcc/avr/5.4.0/avr5\libgcc.a(_tablejump2.o)
 .text.libgcc.prologue
                0x00000000        0x0 c:/program files (x86)/atmel/studio/7.0/toolchain/avr8/avr8-gnu-toolchain/bin/../lib/gcc/avr/5.4.0/avr5\libgcc.a(_tablejump2.o)
 .text.libgcc.builtins
                0x00000000        0x0 c:/program files (x86)/atmel/studio/7.0/toolchain/avr8/avr8-gnu-toolchain/bin/../lib/gcc/avr/5.4.0/avr5\libgcc.a(_tablejump2.o)
 .text.libgcc.fmul
                0x00000000        0x0 c:/program files (x86)/atmel/studio/7.0/toolchain/avr8/avr8-gnu-toolchain/bin/../lib/gcc/avr/5.4.0/avr5\libgcc.a(_tablejump2.o)
 .text.libgcc.fixed
                0x00000000        0x0 c:/program files (x86)/atmel/studio/7.0/toolchain/avr8/avr8-gnu-toolchain/bin/../lib/gcc/avr/5.4.0/avr5\libgcc.a(_tablejump2.o)
 .text          0x00000000        0x0 c:/program files (x86)/atmel/studio/7.0/toolchain/avr8/avr8-gnu-toolchain/bin/../lib/gcc/avr/5.4.0/avr5\libgcc.a(_copy_data.o)
 .data          0x00000000        0x0 c:/program files (x86)/atmel/studio/7.0/toolchain/avr8/avr8-gnu-toolchain/bin/../lib/gcc/avr/5.4.0/avr5\libgcc.a(_copy_data.o)
 .bss           0x00000000        0x0 c:/program files (x86)/atmel/studio/7.0/toolchain/avr8/avr8-gnu-toolchain/bin/../lib/gcc/avr/5.4.0/avr5\libgcc.a(_copy_data.o)
 .text.libgcc.mul
                0x00000000        0x0 c:/program files (x86)/atmel/studio/7.0/toolchain/avr8/avr8-gnu-toolchain/bin/../lib/gcc/avr/5.4.0/avr5\libgcc.a(_copy_data.o)
 .text.libgcc.div
                0x00000000        0x0 c:/program files (x86)/atmel/studio/7.0/toolchain/avr8/avr8-gnu-toolchain/bin/../lib/gcc/avr/5.4.0/avr5\libgcc.a(_copy_data.o)
 .text.libgcc   0x00000000        0x0 c:/program files (x86)/atmel/studio/7.0/toolchain/avr8/avr8-gnu-toolchain/bin/../lib/gcc/avr/5.4.0/avr5\libgcc.a(_copy_data.o)
 .text.libgcc.prologue
                0x00000000        0x0 c:/program files (x86)/atmel/studio/7.0/toolchain/avr8/avr8-gnu-toolchain/bin/../lib/gcc/avr/5.4.0/avr5\libgcc.a(_copy_data.o)
 .text.libgcc.builtins
                0x00000000        0x0 c:/program files (x86)/atmel/studio/7.0/toolchain/avr8/avr8-gnu-toolchain/bin/../lib/gcc/avr/5.4.0/avr5\libgcc.a(_copy_data.o)
 .text.libgcc.fmul
                0x00000000        0x0 c:/program files (x86)/atmel/studio/7.0/toolchain/avr8/avr8-gnu-toolchain/bin/../lib/gcc/avr/5.4.0/avr5\libgcc.a(_copy_data.o)
 .text.libgcc.fixed
                0x00000000        0x0 c:/program files (x86)/atmel/studio/7.0/toolchain/avr8/avr8-gnu-toolchain/bin/../lib/gcc/avr/5.4.0/avr5\libgcc.a(_copy_data.o)
 .text          0x00000000        0x0 c:/program files (x86)/atmel/studio/7.0/toolchain/avr8/avr8-gnu-toolchain/bin/../lib/gcc/avr/5.4.0/avr5\libgcc.a(_clear_bss.o)
 .data          0x00000000        0x0 c:/program files (x86)/atmel/studio/7.0/toolchain/avr8/avr8-gnu-toolchain/bin/../lib/gcc/avr/5.4.0/avr5\libgcc.a(_clear_bss.o)
 .bss           0x00000000        0x0 c:/program files (x86)/atmel/studio/7.0/toolchain/avr8/avr8-gnu-toolchain/bin/../lib/gcc/avr/5.4.0/avr5\libgcc.a(_clear_bss.o)
 .text.libgcc.mul
                0x00000000        0x0 c:/program files (x86)/atmel/studio/7.0/toolchain/avr8/avr8-gnu-toolchain/bin/../lib/gcc/avr/5.4.0/avr5\libgcc.a(_clear_bss.o)
 .text.libgcc.div
                0x00000000        0x0 c:/program files (x86)/atmel/studio/7.0/toolchain/avr8/avr8-gnu-toolchain/bin/../lib/gcc/avr/5.4.0/avr5\libgcc.a(_clear_bss.o)
 .text.libgcc   0x00000000        0x0 c:/program files (x86)/atmel/studio/7.0/toolchain/avr8/avr8-gnu-toolchain/bin/../lib/gcc/avr/5.4.0/avr5\libgcc.a(_clear_bss.o)
 .text.libgcc.prologue
                0x00000000        0x0 c:/program files (x86)/atmel/studio/7.0/toolchain/avr8/avr8-gnu-toolchain/bin/../lib/gcc/avr/5.4.0/avr5\libgcc.a(_clear_bss.o)
 .text.libgcc.builtins
                0x00000000        0x0 c:/program files (x86)/atmel/studio/7.0/toolchain/avr8/avr8-gnu-toolchain/bin/../lib/gcc/avr/5.4.0/avr5\libgcc.a(_clear_bss.o)
 .text.libgcc.fmul
                0x00000000        0x0 c:/program files (x86)/atmel/studio/7.0/toolchain/avr8/avr8-gnu-toolchain/bin/../lib/gcc/avr/5.4.0/avr5\libgcc.a(_clear_bss.o)
 .text.libgcc.fixed
                0x00000000        0x0 c:/program files (x86)/atmel/studio/7.0/toolchain/avr8/avr8-gnu-toolchain/bin/../lib/gcc/avr/5.4.0/avr5\libgcc.a(_clear_bss.o)

Memory Configuration

Name             Origin             Length             Attributes
text             0x00000000         0x00008000         xr
data             0x00800060         0x00000800         rw !x
eeprom           0x00810000         0x00000400         rw !x
fuse             0x00820000         0x00000002         rw !x
lock             0x00830000         0x00000400         rw !x
signature        0x00840000         0x00000400         rw !x
user_signatures  0x00850000         0x00000400         rw !x
*default*        0x00000000         0xffffffff

Linker script and memory map

LOAD C:/Program Files (x86)/Atmel/Studio/7.0/Packs/atmel/ATmega_DFP/1.6.364/gcc/dev/atmega32/avr5/crtatmega32.o
LOAD ATMEGA32_Driver/EXTI_Driver.o
LOAD ATMEGA32_Driver/GPIO_Driver.o
LOAD ATMEGA32_Driver/I2C_Driver.o
LOAD ATMEGA32_Driver/PWM_Driver.o
LOAD ATMEGA32_Driver/SPI_Driver.o
LOAD ATMEGA32_Driver/TIMER0_Driver.o
LOAD ATMEGA32_Driver/USART_Driver.o
LOAD ATMEGA32_Driver/WDT.o
LOAD HAL/DHT11.o
LOAD HAL/EEPROM.o
LOAD HAL/Keypad.o
LOAD HAL/LCD.o
LOAD HAL/Servo_Motor.o
LOAD main.o
START GROUP
LOAD c:/program files (x86)/atmel/studio/7.0/toolchain/avr8/avr8-gnu-toolchain/bin/../lib/gcc/avr/5.4.0/../../../../avr/lib/avr5\libm.a
END GROUP
START GROUP
LOAD c:/program files (x86)/atmel/studio/7.0/toolchain/avr8/avr8-gnu-toolchain/bin/../lib/gcc/avr/5.4.0/avr5\libgcc.a
LOAD c:/program files (x86)/atmel/studio/7.0/toolchain/avr8/avr8-gnu-toolchain/bin/../lib/gcc/avr/5.4.0/../../../../avr/lib/avr5\libm.a
LOAD c:/program files (x86)/atmel/studio/7.0/toolchain/avr8/avr8-gnu-toolchain/bin/../lib/gcc/avr/5.4.0/../../../../avr/lib/avr5\libc.a
LOAD C:/Program Files (x86)/Atmel/Studio/7.0/Packs/atmel/ATmega_DFP/1.6.364/gcc/dev/atmega32/avr5\libatmega32.a
END GROUP
                0x00000000                __TEXT_REGION_ORIGIN__ = DEFINED (__TEXT_REGION_ORIGIN__)?__TEXT_REGION_ORIGIN__:0x0
                [0x00800060]                __DATA_REGION_ORIGIN__ = DEFINED (__DATA_REGION_ORIGIN__)?__DATA_REGION_ORIGIN__:0x800060
                [0x00008000]                __TEXT_REGION_LENGTH__ = DEFINED (__TEXT_REGION_LENGTH__)?__TEXT_REGION_LENGTH__:0x20000
                [0x00000800]                __DATA_REGION_LENGTH__ = DEFINED (__DATA_REGION_LENGTH__)?__DATA_REGION_LENGTH__:0xffa0
                [0x00000400]                __EEPROM_REGION_LENGTH__ = DEFINED (__EEPROM_REGION_LENGTH__)?__EEPROM_REGION_LENGTH__:0x10000
                [0x00000002]                __FUSE_REGION_LENGTH__ = DEFINED (__FUSE_REGION_LENGTH__)?__FUSE_REGION_LENGTH__:0x400
                0x00000400                __LOCK_REGION_LENGTH__ = DEFINED (__LOCK_REGION_LENGTH__)?__LOCK_REGION_LENGTH__:0x400
                0x00000400                __SIGNATURE_REGION_LENGTH__ = DEFINED (__SIGNATURE_REGION_LENGTH__)?__SIGNATURE_REGION_LENGTH__:0x400
                0x00000400                __USER_SIGNATURE_REGION_LENGTH__ = DEFINED (__USER_SIGNATURE_REGION_LENGTH__)?__USER_SIGNATURE_REGION_LENGTH__:0x400

.hash
 *(.hash)

.dynsym
 *(.dynsym)

.dynstr
 *(.dynstr)

.gnu.version
 *(.gnu.version)

.gnu.version_d
 *(.gnu.version_d)

.gnu.version_r
 *(.gnu.version_r)

.rel.init
 *(.rel.init)

.rela.init
 *(.rela.init)

.rel.text
 *(.rel.text)
 *(.rel.text.*)
 *(.rel.gnu.linkonce.t*)

.rela.text
 *(.rela.text)
 *(.rela.text.*)
 *(.rela.gnu.linkonce.t*)

.rel.fini
 *(.rel.fini)

.rela.fini
 *(.rela.fini)

.rel.rodata
 *(.rel.rodata)
 *(.rel.rodata.*)
 *(.rel.gnu.linkonce.r*)

.rela.rodata
 *(.rela.rodata)
 *(.rela.rodata.*)
 *(.rela.gnu.linkonce.r*)

.rel.data
 *(.rel.data)
 *(.rel.data.*)
 *(.rel.gnu.linkonce.d*)

.rela.data
 *(.rela.data)
 *(.rela.data.*)
 *(.rela.gnu.linkonce.d*)

.rel.ctors
 *(.rel.ctors)

.rela.ctors
 *(.rela.ctors)

.rel.dtors
 *(.rel.dtors)

.rela.dtors
 *(.rela.dtors)

.rel.got
 *(.rel.got)

.rela.got
 *(.rela.got)

.rel.bss
 *(.rel.bss)

.rela.bss
 *(.rela.bss)

.rel.plt
 *(.rel.plt)

.rela.plt
 *(.rela.plt)

.text           0x00000000     0x1672
 *(.vectors)
 .vectors       0x00000000       0x54 C:/Program Files (x86)/Atmel/Studio/7.0/Packs/atmel/ATmega_DFP/1.6.364/gcc/dev/atmega32/avr5/crtatmega32.o
                0x00000000                __vector_default
                0x00000000                __vectors
 *(.vectors)
 *(.progmem.gcc*)
 .progmem.gcc_sw_table.Get_flag_stutus
                0x00000054       0x14 ATMEGA32_Driver/I2C_Driver.o
                0x00000068                . = ALIGN (0x2)
                0x00000068                __trampolines_start = .
 *(.trampolines)
 .trampolines   0x00000068        0x0 linker stubs
 *(.trampolines*)
                0x00000068                __trampolines_end = .
 *libprintf_flt.a:*(.progmem.data)
 *libc.a:*(.progmem.data)
 *(.progmem*)
                0x00000068                . = ALIGN (0x2)
 *(.jumptables)
 *(.jumptables*)
 *(.lowtext)
 *(.lowtext*)
                0x00000068                __ctors_start = .
 *(.ctors)
                0x00000068                __ctors_end = .
                0x00000068                __dtors_start = .
 *(.dtors)
                0x00000068                __dtors_end = .
 SORT(*)(.ctors)
 SORT(*)(.dtors)
 *(.init0)
 .init0         0x00000068        0x0 C:/Program Files (x86)/Atmel/Studio/7.0/Packs/atmel/ATmega_DFP/1.6.364/gcc/dev/atmega32/avr5/crtatmega32.o
                0x00000068                __init
 *(.init0)
 *(.init1)
 *(.init1)
 *(.init2)
 .init2         0x00000068        0xc C:/Program Files (x86)/Atmel/Studio/7.0/Packs/atmel/ATmega_DFP/1.6.364/gcc/dev/atmega32/avr5/crtatmega32.o
 *(.init2)
 *(.init3)
 *(.init3)
 *(.init4)
 .init4         0x00000074       0x16 c:/program files (x86)/atmel/studio/7.0/toolchain/avr8/avr8-gnu-toolchain/bin/../lib/gcc/avr/5.4.0/avr5\libgcc.a(_copy_data.o)
                0x00000074                __do_copy_data
 .init4         0x0000008a       0x10 c:/program files (x86)/atmel/studio/7.0/toolchain/avr8/avr8-gnu-toolchain/bin/../lib/gcc/avr/5.4.0/avr5\libgcc.a(_clear_bss.o)
                0x0000008a                __do_clear_bss
 *(.init4)
 *(.init5)
 *(.init5)
 *(.init6)
 *(.init6)
 *(.init7)
 *(.init7)
 *(.init8)
 *(.init8)
 *(.init9)
 .init9         0x0000009a        0x8 C:/Program Files (x86)/Atmel/Studio/7.0/Packs/atmel/ATmega_DFP/1.6.364/gcc/dev/atmega32/avr5/crtatmega32.o
 *(.init9)
 *(.text)
 .text          0x000000a2        0x4 C:/Program Files (x86)/Atmel/Studio/7.0/Packs/atmel/ATmega_DFP/1.6.364/gcc/dev/atmega32/avr5/crtatmega32.o
                0x000000a2                __vector_6
                0x000000a2                __vector_17
                0x000000a2                __vector_5
                0x000000a2                __vector_4
                0x000000a2                __vector_16
                0x000000a2                __vector_18
                0x000000a2                __vector_20
                0x000000a2                __bad_interrupt
                0x000000a6                . = ALIGN (0x2)
 *(.text.*)
 .text.__vector_1
                0x000000a6       0x4e ATMEGA32_Driver/EXTI_Driver.o
                0x000000a6                __vector_1
 .text.__vector_2
                0x000000f4       0x4e ATMEGA32_Driver/EXTI_Driver.o
                0x000000f4                __vector_2
 .text.__vector_3
                0x00000142       0x4e ATMEGA32_Driver/EXTI_Driver.o
                0x00000142                __vector_3
 .text.MCAL_GPIO_Init
                0x00000190       0x50 ATMEGA32_Driver/GPIO_Driver.o
                0x00000190                MCAL_GPIO_Init
 .text.MCAL_GPIO_ReadPort
                0x000001e0        0x8 ATMEGA32_Driver/GPIO_Driver.o
                0x000001e0                MCAL_GPIO_ReadPort
 .text.MCAL_GPIO_WritePin
                0x000001e8       0x1e ATMEGA32_Driver/GPIO_Driver.o
                0x000001e8                MCAL_GPIO_WritePin
 .text.MCAL_GPIO_WritePort
                0x00000206        0x6 ATMEGA32_Driver/GPIO_Driver.o
                0x00000206                MCAL_GPIO_WritePort
 .text.MCAL_I2C_Init
                0x0000020c       0x62 ATMEGA32_Driver/I2C_Driver.o
                0x0000020c                MCAL_I2C_Init
 .text.Get_flag_stutus
                0x0000026e       0xb4 ATMEGA32_Driver/I2C_Driver.o
                0x0000026e                Get_flag_stutus
 .text.I2C_Generate_Start
                0x00000322       0x1c ATMEGA32_Driver/I2C_Driver.o
                0x00000322                I2C_Generate_Start
 .text.I2C_Generate_Stop
                0x0000033e        0x6 ATMEGA32_Driver/I2C_Driver.o
                0x0000033e                I2C_Generate_Stop
 .text.MCAL_I2C_Master_TX
                0x00000344       0x6c ATMEGA32_Driver/I2C_Driver.o
                0x00000344                MCAL_I2C_Master_TX
 .text.MCAL_I2C_Master_RX
                0x000003b0       0x78 ATMEGA32_Driver/I2C_Driver.o
                0x000003b0                MCAL_I2C_Master_RX
 .text.__vector_19
                0x00000428       0x54 ATMEGA32_Driver/I2C_Driver.o
                0x00000428                __vector_19
 .text.MCAL_PWM_Init
                0x0000047c       0xfe ATMEGA32_Driver/PWM_Driver.o
                0x0000047c                MCAL_PWM_Init
 .text.MCAL_PWM_Set_Compare_Value
                0x0000057a       0x10 ATMEGA32_Driver/PWM_Driver.o
                0x0000057a                MCAL_PWM_Set_Compare_Value
 .text.__vector_9
                0x0000058a       0x54 ATMEGA32_Driver/PWM_Driver.o
                0x0000058a                __vector_9
 .text.__vector_7
                0x000005de       0x54 ATMEGA32_Driver/PWM_Driver.o
                0x000005de                __vector_7
 .text.__vector_8
                0x00000632       0x54 ATMEGA32_Driver/PWM_Driver.o
                0x00000632                __vector_8
 .text.__vector_12
                0x00000686       0x54 ATMEGA32_Driver/SPI_Driver.o
                0x00000686                __vector_12
 .text.__vector_10
                0x000006da       0x54 ATMEGA32_Driver/TIMER0_Driver.o
                0x000006da                __vector_10
 .text.__vector_11
                0x0000072e       0x54 ATMEGA32_Driver/TIMER0_Driver.o
                0x0000072e                __vector_11
 .text.__vector_13
                0x00000782       0x4e ATMEGA32_Driver/USART_Driver.o
                0x00000782                __vector_13
 .text.__vector_14
                0x000007d0       0x4e ATMEGA32_Driver/USART_Driver.o
                0x000007d0                __vector_14
 .text.__vector_15
                0x0000081e       0x4e ATMEGA32_Driver/USART_Driver.o
                0x0000081e                __vector_15
 .text.MCAL_WDT_Init
                0x0000086c        0x4 ATMEGA32_Driver/WDT.o
                0x0000086c                MCAL_WDT_Init
 .text.MCAL_WDT_ON
                0x00000870        0x8 ATMEGA32_Driver/WDT.o
                0x00000870                MCAL_WDT_ON
 .text.MCAL_WDT_OFF
                0x00000878        0x8 ATMEGA32_Driver/WDT.o
                0x00000878                MCAL_WDT_OFF
 .text.EEPROM_Init
                0x00000880       0x38 HAL/EEPROM.o
                0x00000880                EEPROM_Init
 .text.EEPROM_Write_Data
                0x000008b8       0x68 HAL/EEPROM.o
                0x000008b8                EEPROM_Write_Data
 .text.EEPROM_Read_Data
                0x00000920       0x42 HAL/EEPROM.o
                0x00000920                EEPROM_Read_Data
 .text.keypad_init
                0x00000962       0xba HAL/Keypad.o
                0x00000962                keypad_init
 .text.keypad_getkey
                0x00000a1c       0xd6 HAL/Keypad.o
                0x00000a1c                keypad_getkey
 .text.LCD_cmd  0x00000af2       0x9c HAL/LCD.o
                0x00000af2                LCD_cmd
 .text.LCD_init
                0x00000b8e      0x140 HAL/LCD.o
                0x00000b8e                LCD_init
 .text.lcd_Clear
                0x00000cce       0x1a HAL/LCD.o
                0x00000cce                lcd_Clear
 .text.GOTO_XY  0x00000ce8       0x24 HAL/LCD.o
                0x00000ce8                GOTO_XY
 .text.LCD_Character
                0x00000d0c       0x9c HAL/LCD.o
                0x00000d0c                LCD_Character
 .text.LCD_String
                0x00000da8       0x64 HAL/LCD.o
                0x00000da8                LCD_String
 .text.Servo_Init
                0x00000e0c       0x5a HAL/Servo_Motor.o
                0x00000e0c                Servo_Init
 .text.My_Servo
                0x00000e66       0x4c HAL/Servo_Motor.o
                0x00000e66                My_Servo
 .text.GPIO_INIT
                0x00000eb2       0x42 main.o
                0x00000eb2                GPIO_INIT
 .text.Get_pass
                0x00000ef4       0x96 main.o
                0x00000ef4                Get_pass
 .text.main     0x00000f8a      0x282 main.o
                0x00000f8a                main
 .text.avr-libc.fplib
                0x0000120c        0xe c:/program files (x86)/atmel/studio/7.0/toolchain/avr8/avr8-gnu-toolchain/bin/../lib/gcc/avr/5.4.0/../../../../avr/lib/avr5\libm.a(addsf3.o)
                0x0000120c                __subsf3
                0x0000120e                __addsf3
 .text.avr-libc.fplib
                0x0000121a       0xcc c:/program files (x86)/atmel/studio/7.0/toolchain/avr8/avr8-gnu-toolchain/bin/../lib/gcc/avr/5.4.0/../../../../avr/lib/avr5\libm.a(addsf3x.o)
                0x0000123c                __addsf3x
 .text.avr-libc.fplib
                0x000012e6        0x8 c:/program files (x86)/atmel/studio/7.0/toolchain/avr8/avr8-gnu-toolchain/bin/../lib/gcc/avr/5.4.0/../../../../avr/lib/avr5\libm.a(divsf3.o)
                0x000012e6                __divsf3
 .text.avr-libc.fplib
                0x000012ee       0xdc c:/program files (x86)/atmel/studio/7.0/toolchain/avr8/avr8-gnu-toolchain/bin/../lib/gcc/avr/5.4.0/../../../../avr/lib/avr5\libm.a(divsf3x.o)
                0x0000130e                __divsf3x
                0x00001314                __divsf3_pse
 .text.avr-libc.fplib
                0x000013ca       0x5e c:/program files (x86)/atmel/studio/7.0/toolchain/avr8/avr8-gnu-toolchain/bin/../lib/gcc/avr/5.4.0/../../../../avr/lib/avr5\libm.a(fixunssfsi.o)
                0x000013ca                __fixunssfsi
 .text.avr-libc.fplib
                0x00001428       0x7a c:/program files (x86)/atmel/studio/7.0/toolchain/avr8/avr8-gnu-toolchain/bin/../lib/gcc/avr/5.4.0/../../../../avr/lib/avr5\libm.a(floatsisf.o)
                0x00001428                __floatunsisf
                0x0000142c                __floatsisf
 .text.avr-libc.fplib
                0x000014a2        0xc c:/program files (x86)/atmel/studio/7.0/toolchain/avr8/avr8-gnu-toolchain/bin/../lib/gcc/avr/5.4.0/../../../../avr/lib/avr5\libm.a(fp_inf.o)
                0x000014a2                __fp_inf
 .text.avr-libc.fplib
                0x000014ae        0x6 c:/program files (x86)/atmel/studio/7.0/toolchain/avr8/avr8-gnu-toolchain/bin/../lib/gcc/avr/5.4.0/../../../../avr/lib/avr5\libm.a(fp_nan.o)
                0x000014ae                __fp_nan
 .text.avr-libc.fplib
                0x000014b4        0xe c:/program files (x86)/atmel/studio/7.0/toolchain/avr8/avr8-gnu-toolchain/bin/../lib/gcc/avr/5.4.0/../../../../avr/lib/avr5\libm.a(fp_pscA.o)
                0x000014b4                __fp_pscA
 .text.avr-libc.fplib
                0x000014c2        0xe c:/program files (x86)/atmel/studio/7.0/toolchain/avr8/avr8-gnu-toolchain/bin/../lib/gcc/avr/5.4.0/../../../../avr/lib/avr5\libm.a(fp_pscB.o)
                0x000014c2                __fp_pscB
 .text.avr-libc.fplib
                0x000014d0       0x22 c:/program files (x86)/atmel/studio/7.0/toolchain/avr8/avr8-gnu-toolchain/bin/../lib/gcc/avr/5.4.0/../../../../avr/lib/avr5\libm.a(fp_round.o)
                0x000014d0                __fp_round
 .text.avr-libc.fplib
                0x000014f2       0x44 c:/program files (x86)/atmel/studio/7.0/toolchain/avr8/avr8-gnu-toolchain/bin/../lib/gcc/avr/5.4.0/../../../../avr/lib/avr5\libm.a(fp_split3.o)
                0x000014f2                __fp_split3
                0x00001502                __fp_splitA
 .text.avr-libc.fplib
                0x00001536        0xe c:/program files (x86)/atmel/studio/7.0/toolchain/avr8/avr8-gnu-toolchain/bin/../lib/gcc/avr/5.4.0/../../../../avr/lib/avr5\libm.a(fp_zero.o)
                0x00001536                __fp_zero
                0x00001538                __fp_szero
 .text.avr-libc.fplib
                0x00001544        0x8 c:/program files (x86)/atmel/studio/7.0/toolchain/avr8/avr8-gnu-toolchain/bin/../lib/gcc/avr/5.4.0/../../../../avr/lib/avr5\libm.a(mulsf3.o)
                0x00001544                __mulsf3
 .text.avr-libc.fplib
                0x0000154c       0xd2 c:/program files (x86)/atmel/studio/7.0/toolchain/avr8/avr8-gnu-toolchain/bin/../lib/gcc/avr/5.4.0/../../../../avr/lib/avr5\libm.a(mulsf3x.o)
                0x0000156a                __mulsf3x
                0x00001570                __mulsf3_pse
 .text.libgcc.div
                0x0000161e       0x44 c:/program files (x86)/atmel/studio/7.0/toolchain/avr8/avr8-gnu-toolchain/bin/../lib/gcc/avr/5.4.0/avr5\libgcc.a(_udivmodsi4.o)
                0x0000161e                __udivmodsi4
 .text.libgcc   0x00001662        0xc c:/program files (x86)/atmel/studio/7.0/toolchain/avr8/avr8-gnu-toolchain/bin/../lib/gcc/avr/5.4.0/avr5\libgcc.a(_tablejump2.o)
                0x00001662                __tablejump2__
                0x0000166e                . = ALIGN (0x2)
 *(.fini9)
 .fini9         0x0000166e        0x0 c:/program files (x86)/atmel/studio/7.0/toolchain/avr8/avr8-gnu-toolchain/bin/../lib/gcc/avr/5.4.0/avr5\libgcc.a(_exit.o)
                0x0000166e                _exit
                0x0000166e                exit
 *(.fini9)
 *(.fini8)
 *(.fini8)
 *(.fini7)
 *(.fini7)
 *(.fini6)
 *(.fini6)
 *(.fini5)
 *(.fini5)
 *(.fini4)
 *(.fini4)
 *(.fini3)
 *(.fini3)
 *(.fini2)
 *(.fini2)
 *(.fini1)
 *(.fini1)
 *(.fini0)
 .fini0         0x0000166e        0x4 c:/program files (x86)/atmel/studio/7.0/toolchain/avr8/avr8-gnu-toolchain/bin/../lib/gcc/avr/5.4.0/avr5\libgcc.a(_exit.o)
 *(.fini0)
                0x00001672                _etext = .

.data           0x00800060       0xb4 load address 0x00001672
                0x00800060                PROVIDE (__data_start, .)
 *(.data)
 *(.data*)
 .data.Keypad_Col
                0x00800060        0x8 HAL/Keypad.o
                0x00800060                Keypad_Col
 .data.Keypad_Read_Row
                0x00800068        0x8 HAL/Keypad.o
                0x00800068                Keypad_Read_Row
 .data.keypad_NUM
                0x00800070       0x10 HAL/Keypad.o
                0x00800070                keypad_NUM
 .data.Select   0x00800080        0x1 main.o
                0x00800080                Select
 .data.number_attempts
                0x00800081        0x1 main.o
                0x00800081                number_attempts
 .data.Data2    0x00800082        0x4 main.o
                0x00800082                Data2
 *(.gnu.linkonce.d*)
 *(.rodata)
 *(.rodata*)
 .rodata.str1.1
                0x00800086       0x8d main.o
                                 0x95 (size before relaxing)
 *(.gnu.linkonce.r*)
                0x00800114                . = ALIGN (0x2)
 *fill*         0x00800113        0x1 
                0x00800114                _edata = .
                0x00800114                PROVIDE (__data_end, .)

.bss            0x00800114       0x19
                0x00800114                PROVIDE (__bss_start, .)
 *(.bss)
 *(.bss*)
 .bss.g_I2C_Config
                0x00800114        0x2 ATMEGA32_Driver/I2C_Driver.o
                0x00800114                g_I2C_Config
 .bss.g_PWM_Config
                0x00800116        0x2 ATMEGA32_Driver/PWM_Driver.o
                0x00800116                g_PWM_Config
 .bss.g_SPI_Config
                0x00800118        0x2 ATMEGA32_Driver/SPI_Driver.o
                0x00800118                g_SPI_Config
 .bss.g_TIM0_Config
                0x0080011a        0x2 ATMEGA32_Driver/TIMER0_Driver.o
                0x0080011a                g_TIM0_Config
 .bss.Data1     0x0080011c        0x4 main.o
                0x0080011c                Data1
 *(COMMON)
 COMMON         0x00800120        0x6 ATMEGA32_Driver/EXTI_Driver.o
                0x00800120                GP_IRQ_CALL
 COMMON         0x00800126        0x6 ATMEGA32_Driver/USART_Driver.o
                0x00800126                GPU_IRQ_CALL
 COMMON         0x0080012c        0x1 main.o
                0x0080012c                key_pressed
                0x0080012d                PROVIDE (__bss_end, .)
                0x00001672                __data_load_start = LOADADDR (.data)
                0x00001726                __data_load_end = (__data_load_start + SIZEOF (.data))

.noinit         0x0080012d        0x0
                [!provide]                PROVIDE (__noinit_start, .)
 *(.noinit*)
                [!provide]                PROVIDE (__noinit_end, .)
                0x0080012d                _end = .
                [!provide]                PROVIDE (__heap_start, .)

.eeprom         0x00810000        0x0
 *(.eeprom*)
                0x00810000                __eeprom_end = .

.fuse
 *(.fuse)
 *(.lfuse)
 *(.hfuse)
 *(.efuse)

.lock
 *(.lock*)

.signature
 *(.signature*)

.user_signatures
 *(.user_signatures*)

.stab
 *(.stab)

.stabstr
 *(.stabstr)

.stab.excl
 *(.stab.excl)

.stab.exclstr
 *(.stab.exclstr)

.stab.index
 *(.stab.index)

.stab.indexstr
 *(.stab.indexstr)

.comment        0x00000000       0x30
 *(.comment)
 .comment       0x00000000       0x30 ATMEGA32_Driver/EXTI_Driver.o
                                 0x31 (size before relaxing)
 .comment       0x00000030       0x31 ATMEGA32_Driver/GPIO_Driver.o
 .comment       0x00000030       0x31 ATMEGA32_Driver/I2C_Driver.o
 .comment       0x00000030       0x31 ATMEGA32_Driver/PWM_Driver.o
 .comment       0x00000030       0x31 ATMEGA32_Driver/SPI_Driver.o
 .comment       0x00000030       0x31 ATMEGA32_Driver/TIMER0_Driver.o
 .comment       0x00000030       0x31 ATMEGA32_Driver/USART_Driver.o
 .comment       0x00000030       0x31 ATMEGA32_Driver/WDT.o
 .comment       0x00000030       0x31 HAL/EEPROM.o
 .comment       0x00000030       0x31 HAL/Keypad.o
 .comment       0x00000030       0x31 HAL/LCD.o
 .comment       0x00000030       0x31 HAL/Servo_Motor.o
 .comment       0x00000030       0x31 main.o

.note.gnu.avr.deviceinfo
                0x00000000       0x3c
 .note.gnu.avr.deviceinfo
                0x00000000       0x3c C:/Program Files (x86)/Atmel/Studio/7.0/Packs/atmel/ATmega_DFP/1.6.364/gcc/dev/atmega32/avr5/crtatmega32.o

.note.gnu.build-id
 *(.note.gnu.build-id)

.debug
 *(.debug)

.line
 *(.line)

.debug_srcinfo
 *(.debug_srcinfo)

.debug_sfnames
 *(.debug_sfnames)

.debug_aranges  0x00000000      0x370
 *(.debug_aranges)
 .debug_aranges
                0x00000000       0x40 ATMEGA32_Driver/EXTI_Driver.o
 .debug_aranges
                0x00000040       0x50 ATMEGA32_Driver/GPIO_Driver.o
 .debug_aranges
                0x00000090       0x60 ATMEGA32_Driver/I2C_Driver.o
 .debug_aranges
                0x000000f0       0x50 ATMEGA32_Driver/PWM_Driver.o
 .debug_aranges
                0x00000140       0x58 ATMEGA32_Driver/SPI_Driver.o
 .debug_aranges
                0x00000198       0x48 ATMEGA32_Driver/TIMER0_Driver.o
 .debug_aranges
                0x000001e0       0x60 ATMEGA32_Driver/USART_Driver.o
 .debug_aranges
                0x00000240       0x30 ATMEGA32_Driver/WDT.o
 .debug_aranges
                0x00000270       0x30 HAL/EEPROM.o
 .debug_aranges
                0x000002a0       0x28 HAL/Keypad.o
 .debug_aranges
                0x000002c8       0x48 HAL/LCD.o
 .debug_aranges
                0x00000310       0x30 HAL/Servo_Motor.o
 .debug_aranges
                0x00000340       0x30 main.o

.debug_pubnames
 *(.debug_pubnames)

.debug_info     0x00000000     0x3c65
 *(.debug_info .gnu.linkonce.wi.*)
 .debug_info    0x00000000      0x4e6 C:/Program Files (x86)/Atmel/Studio/7.0/Packs/atmel/ATmega_DFP/1.6.364/gcc/dev/atmega32/avr5/crtatmega32.o
 .debug_info    0x000004e6      0x293 ATMEGA32_Driver/EXTI_Driver.o
 .debug_info    0x00000779      0x28c ATMEGA32_Driver/GPIO_Driver.o
 .debug_info    0x00000a05      0x4fa ATMEGA32_Driver/I2C_Driver.o
 .debug_info    0x00000eff      0x40f ATMEGA32_Driver/PWM_Driver.o
 .debug_info    0x0000130e      0x4a9 ATMEGA32_Driver/SPI_Driver.o
 .debug_info    0x000017b7      0x297 ATMEGA32_Driver/TIMER0_Driver.o
 .debug_info    0x00001a4e      0x44c ATMEGA32_Driver/USART_Driver.o
 .debug_info    0x00001e9a       0xc1 ATMEGA32_Driver/WDT.o
 .debug_info    0x00001f5b      0x2c1 HAL/EEPROM.o
 .debug_info    0x0000221c      0x3e9 HAL/Keypad.o
 .debug_info    0x00002605      0xa7a HAL/LCD.o
 .debug_info    0x0000307f      0x232 HAL/Servo_Motor.o
 .debug_info    0x000032b1      0x9b4 main.o

.debug_abbrev   0x00000000     0x15c6
 *(.debug_abbrev)
 .debug_abbrev  0x00000000      0x4a3 C:/Program Files (x86)/Atmel/Studio/7.0/Packs/atmel/ATmega_DFP/1.6.364/gcc/dev/atmega32/avr5/crtatmega32.o
 .debug_abbrev  0x000004a3      0x135 ATMEGA32_Driver/EXTI_Driver.o
 .debug_abbrev  0x000005d8       0xe8 ATMEGA32_Driver/GPIO_Driver.o
 .debug_abbrev  0x000006c0      0x1bd ATMEGA32_Driver/I2C_Driver.o
 .debug_abbrev  0x0000087d      0x17f ATMEGA32_Driver/PWM_Driver.o
 .debug_abbrev  0x000009fc      0x17a ATMEGA32_Driver/SPI_Driver.o
 .debug_abbrev  0x00000b76      0x15c ATMEGA32_Driver/TIMER0_Driver.o
 .debug_abbrev  0x00000cd2      0x1d9 ATMEGA32_Driver/USART_Driver.o
 .debug_abbrev  0x00000eab       0x7a ATMEGA32_Driver/WDT.o
 .debug_abbrev  0x00000f25      0x120 HAL/EEPROM.o
 .debug_abbrev  0x00001045      0x111 HAL/Keypad.o
 .debug_abbrev  0x00001156      0x1ad HAL/LCD.o
 .debug_abbrev  0x00001303      0x131 HAL/Servo_Motor.o
 .debug_abbrev  0x00001434      0x192 main.o

.debug_line     0x00000000     0x23d7
 *(.debug_line .debug_line.* .debug_line_end)
 .debug_line    0x00000000      0x116 C:/Program Files (x86)/Atmel/Studio/7.0/Packs/atmel/ATmega_DFP/1.6.364/gcc/dev/atmega32/avr5/crtatmega32.o
 .debug_line    0x00000116      0x298 ATMEGA32_Driver/EXTI_Driver.o
 .debug_line    0x000003ae      0x1c8 ATMEGA32_Driver/GPIO_Driver.o
 .debug_line    0x00000576      0x3d6 ATMEGA32_Driver/I2C_Driver.o
 .debug_line    0x0000094c      0x2b7 ATMEGA32_Driver/PWM_Driver.o
 .debug_line    0x00000c03      0x326 ATMEGA32_Driver/SPI_Driver.o
 .debug_line    0x00000f29      0x216 ATMEGA32_Driver/TIMER0_Driver.o
 .debug_line    0x0000113f      0x4a1 ATMEGA32_Driver/USART_Driver.o
 .debug_line    0x000015e0       0xe0 ATMEGA32_Driver/WDT.o
 .debug_line    0x000016c0      0x166 HAL/EEPROM.o
 .debug_line    0x00001826      0x1f3 HAL/Keypad.o
 .debug_line    0x00001a19      0x405 HAL/LCD.o
 .debug_line    0x00001e1e      0x151 HAL/Servo_Motor.o
 .debug_line    0x00001f6f      0x468 main.o

.debug_frame    0x00000000      0xb14
 *(.debug_frame)
 .debug_frame   0x00000000      0x158 ATMEGA32_Driver/EXTI_Driver.o
 .debug_frame   0x00000158       0x84 ATMEGA32_Driver/GPIO_Driver.o
 .debug_frame   0x000001dc      0x124 ATMEGA32_Driver/I2C_Driver.o
 .debug_frame   0x00000300      0x180 ATMEGA32_Driver/PWM_Driver.o
 .debug_frame   0x00000480      0x120 ATMEGA32_Driver/SPI_Driver.o
 .debug_frame   0x000005a0      0x124 ATMEGA32_Driver/TIMER0_Driver.o
 .debug_frame   0x000006c4      0x1b8 ATMEGA32_Driver/USART_Driver.o
 .debug_frame   0x0000087c       0x44 ATMEGA32_Driver/WDT.o
 .debug_frame   0x000008c0       0x88 HAL/EEPROM.o
 .debug_frame   0x00000948       0x60 HAL/Keypad.o
 .debug_frame   0x000009a8       0xbc HAL/LCD.o
 .debug_frame   0x00000a64       0x54 HAL/Servo_Motor.o
 .debug_frame   0x00000ab8       0x5c main.o

.debug_str      0x00000000      0xec8
 *(.debug_str)
 .debug_str     0x00000000      0x196 C:/Program Files (x86)/Atmel/Studio/7.0/Packs/atmel/ATmega_DFP/1.6.364/gcc/dev/atmega32/avr5/crtatmega32.o
 .debug_str     0x00000196      0x22f ATMEGA32_Driver/EXTI_Driver.o
                                0x26e (size before relaxing)
 .debug_str     0x000003c5       0xb6 ATMEGA32_Driver/GPIO_Driver.o
                                0x246 (size before relaxing)
 .debug_str     0x0000047b      0x222 ATMEGA32_Driver/I2C_Driver.o
                                0x390 (size before relaxing)
 .debug_str     0x0000069d      0x1b7 ATMEGA32_Driver/PWM_Driver.o
                                0x385 (size before relaxing)
 .debug_str     0x00000854      0x172 ATMEGA32_Driver/SPI_Driver.o
                                0x358 (size before relaxing)
 .debug_str     0x000009c6      0x135 ATMEGA32_Driver/TIMER0_Driver.o
                                0x2e4 (size before relaxing)
 .debug_str     0x00000afb      0x16a ATMEGA32_Driver/USART_Driver.o
                                0x365 (size before relaxing)
 .debug_str     0x00000c65       0x4a ATMEGA32_Driver/WDT.o
                                0x18e (size before relaxing)
 .debug_str     0x00000caf       0x55 HAL/EEPROM.o
                                0x25c (size before relaxing)
 .debug_str     0x00000d04       0x6e HAL/Keypad.o
                                0x22c (size before relaxing)
 .debug_str     0x00000d72       0xc8 HAL/LCD.o
                                0x285 (size before relaxing)
 .debug_str     0x00000e3a       0x3b HAL/Servo_Motor.o
                                0x29c (size before relaxing)
 .debug_str     0x00000e75       0x53 main.o
                                0x308 (size before relaxing)

.debug_loc      0x00000000     0x2211
 *(.debug_loc)
 .debug_loc     0x00000000      0x2fb ATMEGA32_Driver/EXTI_Driver.o
 .debug_loc     0x000002fb       0xe1 ATMEGA32_Driver/GPIO_Driver.o
 .debug_loc     0x000003dc      0x48c ATMEGA32_Driver/I2C_Driver.o
 .debug_loc     0x00000868      0x36a ATMEGA32_Driver/PWM_Driver.o
 .debug_loc     0x00000bd2      0x268 ATMEGA32_Driver/SPI_Driver.o
 .debug_loc     0x00000e3a      0x286 ATMEGA32_Driver/TIMER0_Driver.o
 .debug_loc     0x000010c0      0x4b7 ATMEGA32_Driver/USART_Driver.o
 .debug_loc     0x00001577      0x24b HAL/EEPROM.o
 .debug_loc     0x000017c2       0xf6 HAL/Keypad.o
 .debug_loc     0x000018b8      0x4fd HAL/LCD.o
 .debug_loc     0x00001db5       0xa7 HAL/Servo_Motor.o
 .debug_loc     0x00001e5c      0x3b5 main.o

.debug_macinfo
 *(.debug_macinfo)

.debug_weaknames
 *(.debug_weaknames)

.debug_funcnames
 *(.debug_funcnames)

.debug_typenames
 *(.debug_typenames)

.debug_varnames
 *(.debug_varnames)

.debug_pubtypes
 *(.debug_pubtypes)

.debug_ranges   0x00000000      0x2a0
 *(.debug_ranges)
 .debug_ranges  0x00000000       0x30 ATMEGA32_Driver/EXTI_Driver.o
 .debug_ranges  0x00000030       0x40 ATMEGA32_Driver/GPIO_Driver.o
 .debug_ranges  0x00000070       0x50 ATMEGA32_Driver/I2C_Driver.o
 .debug_ranges  0x000000c0       0x40 ATMEGA32_Driver/PWM_Driver.o
 .debug_ranges  0x00000100       0x48 ATMEGA32_Driver/SPI_Driver.o
 .debug_ranges  0x00000148       0x38 ATMEGA32_Driver/TIMER0_Driver.o
 .debug_ranges  0x00000180       0x50 ATMEGA32_Driver/USART_Driver.o
 .debug_ranges  0x000001d0       0x20 ATMEGA32_Driver/WDT.o
 .debug_ranges  0x000001f0       0x20 HAL/EEPROM.o
 .debug_ranges  0x00000210       0x18 HAL/Keypad.o
 .debug_ranges  0x00000228       0x38 HAL/LCD.o
 .debug_ranges  0x00000260       0x20 HAL/Servo_Motor.o
 .debug_ranges  0x00000280       0x20 main.o

.debug_macro
 *(.debug_macro)
OUTPUT(Atmega32_Drivers.elf elf32-avr)
LOAD linker stubs
