Archive member included to satisfy reference by file (symbol)

c:/program files (x86)/atmel/studio/7.0/toolchain/avr8/avr8-gnu-toolchain/bin/../lib/gcc/avr/5.4.0/../../../../avr/lib/avr5\libm.a(addsf3.o)
                              ATMEGA32_Driver/USART_Driver.o (__subsf3)
c:/program files (x86)/atmel/studio/7.0/toolchain/avr8/avr8-gnu-toolchain/bin/../lib/gcc/avr/5.4.0/../../../../avr/lib/avr5\libm.a(addsf3x.o)
                              c:/program files (x86)/atmel/studio/7.0/toolchain/avr8/avr8-gnu-toolchain/bin/../lib/gcc/avr/5.4.0/../../../../avr/lib/avr5\libm.a(addsf3.o) (__addsf3x)
c:/program files (x86)/atmel/studio/7.0/toolchain/avr8/avr8-gnu-toolchain/bin/../lib/gcc/avr/5.4.0/../../../../avr/lib/avr5\libm.a(divsf3.o)
                              ATMEGA32_Driver/USART_Driver.o (__divsf3)
c:/program files (x86)/atmel/studio/7.0/toolchain/avr8/avr8-gnu-toolchain/bin/../lib/gcc/avr/5.4.0/../../../../avr/lib/avr5\libm.a(divsf3x.o)
                              c:/program files (x86)/atmel/studio/7.0/toolchain/avr8/avr8-gnu-toolchain/bin/../lib/gcc/avr/5.4.0/../../../../avr/lib/avr5\libm.a(divsf3.o) (__divsf3x)
c:/program files (x86)/atmel/studio/7.0/toolchain/avr8/avr8-gnu-toolchain/bin/../lib/gcc/avr/5.4.0/../../../../avr/lib/avr5\libm.a(fixunssfsi.o)
                              ATMEGA32_Driver/USART_Driver.o (__fixunssfsi)
c:/program files (x86)/atmel/studio/7.0/toolchain/avr8/avr8-gnu-toolchain/bin/../lib/gcc/avr/5.4.0/../../../../avr/lib/avr5\libm.a(floatsisf.o)
                              ATMEGA32_Driver/USART_Driver.o (__floatunsisf)
c:/program files (x86)/atmel/studio/7.0/toolchain/avr8/avr8-gnu-toolchain/bin/../lib/gcc/avr/5.4.0/../../../../avr/lib/avr5\libm.a(fp_inf.o)
                              c:/program files (x86)/atmel/studio/7.0/toolchain/avr8/avr8-gnu-toolchain/bin/../lib/gcc/avr/5.4.0/../../../../avr/lib/avr5\libm.a(addsf3x.o) (__fp_inf)
c:/program files (x86)/atmel/studio/7.0/toolchain/avr8/avr8-gnu-toolchain/bin/../lib/gcc/avr/5.4.0/../../../../avr/lib/avr5\libm.a(fp_nan.o)
                              c:/program files (x86)/atmel/studio/7.0/toolchain/avr8/avr8-gnu-toolchain/bin/../lib/gcc/avr/5.4.0/../../../../avr/lib/avr5\libm.a(addsf3x.o) (__fp_nan)
c:/program files (x86)/atmel/studio/7.0/toolchain/avr8/avr8-gnu-toolchain/bin/../lib/gcc/avr/5.4.0/../../../../avr/lib/avr5\libm.a(fp_pscA.o)
                              c:/program files (x86)/atmel/studio/7.0/toolchain/avr8/avr8-gnu-toolchain/bin/../lib/gcc/avr/5.4.0/../../../../avr/lib/avr5\libm.a(addsf3x.o) (__fp_pscA)
c:/program files (x86)/atmel/studio/7.0/toolchain/avr8/avr8-gnu-toolchain/bin/../lib/gcc/avr/5.4.0/../../../../avr/lib/avr5\libm.a(fp_pscB.o)
                              c:/program files (x86)/atmel/studio/7.0/toolchain/avr8/avr8-gnu-toolchain/bin/../lib/gcc/avr/5.4.0/../../../../avr/lib/avr5\libm.a(addsf3x.o) (__fp_pscB)
c:/program files (x86)/atmel/studio/7.0/toolchain/avr8/avr8-gnu-toolchain/bin/../lib/gcc/avr/5.4.0/../../../../avr/lib/avr5\libm.a(fp_round.o)
                              c:/program files (x86)/atmel/studio/7.0/toolchain/avr8/avr8-gnu-toolchain/bin/../lib/gcc/avr/5.4.0/../../../../avr/lib/avr5\libm.a(addsf3.o) (__fp_round)
c:/program files (x86)/atmel/studio/7.0/toolchain/avr8/avr8-gnu-toolchain/bin/../lib/gcc/avr/5.4.0/../../../../avr/lib/avr5\libm.a(fp_split3.o)
                              c:/program files (x86)/atmel/studio/7.0/toolchain/avr8/avr8-gnu-toolchain/bin/../lib/gcc/avr/5.4.0/../../../../avr/lib/avr5\libm.a(addsf3x.o) (__fp_split3)
c:/program files (x86)/atmel/studio/7.0/toolchain/avr8/avr8-gnu-toolchain/bin/../lib/gcc/avr/5.4.0/../../../../avr/lib/avr5\libm.a(fp_zero.o)
                              c:/program files (x86)/atmel/studio/7.0/toolchain/avr8/avr8-gnu-toolchain/bin/../lib/gcc/avr/5.4.0/../../../../avr/lib/avr5\libm.a(addsf3x.o) (__fp_zero)
c:/program files (x86)/atmel/studio/7.0/toolchain/avr8/avr8-gnu-toolchain/bin/../lib/gcc/avr/5.4.0/../../../../avr/lib/avr5\libm.a(mulsf3.o)
                              ATMEGA32_Driver/USART_Driver.o (__mulsf3)
c:/program files (x86)/atmel/studio/7.0/toolchain/avr8/avr8-gnu-toolchain/bin/../lib/gcc/avr/5.4.0/../../../../avr/lib/avr5\libm.a(mulsf3x.o)
                              c:/program files (x86)/atmel/studio/7.0/toolchain/avr8/avr8-gnu-toolchain/bin/../lib/gcc/avr/5.4.0/../../../../avr/lib/avr5\libm.a(mulsf3.o) (__mulsf3x)
c:/program files (x86)/atmel/studio/7.0/toolchain/avr8/avr8-gnu-toolchain/bin/../lib/gcc/avr/5.4.0/avr5\libgcc.a(_udivmodsi4.o)
                              ATMEGA32_Driver/I2C_Driver.o (__udivmodsi4)
c:/program files (x86)/atmel/studio/7.0/toolchain/avr8/avr8-gnu-toolchain/bin/../lib/gcc/avr/5.4.0/avr5\libgcc.a(_exit.o)
                              C:/Program Files (x86)/Atmel/Studio/7.0/Packs/atmel/ATmega_DFP/1.6.364/gcc/dev/atmega32/avr5/crtatmega32.o (exit)
c:/program files (x86)/atmel/studio/7.0/toolchain/avr8/avr8-gnu-toolchain/bin/../lib/gcc/avr/5.4.0/avr5\libgcc.a(_tablejump2.o)
                              ATMEGA32_Driver/I2C_Driver.o (__tablejump2__)
c:/program files (x86)/atmel/studio/7.0/toolchain/avr8/avr8-gnu-toolchain/bin/../lib/gcc/avr/5.4.0/avr5\libgcc.a(_copy_data.o)
                              main.o (__do_copy_data)
c:/program files (x86)/atmel/studio/7.0/toolchain/avr8/avr8-gnu-toolchain/bin/../lib/gcc/avr/5.4.0/avr5\libgcc.a(_clear_bss.o)
                              ATMEGA32_Driver/EXTI_Driver.o (__do_clear_bss)

Allocating common symbols
Common symbol       size              file

DATA                0xa               main.o
GPU_IRQ_CALL        0x6               ATMEGA32_Driver/USART_Driver.o
pinconfig           0x2               HAL/DHT11.o
Data                0x1               main.o
GP_IRQ_CALL         0x6               ATMEGA32_Driver/EXTI_Driver.o

Discarded input sections

 .data          0x00000000        0x0 C:/Program Files (x86)/Atmel/Studio/7.0/Packs/atmel/ATmega_DFP/1.6.364/gcc/dev/atmega32/avr5/crtatmega32.o
 .bss           0x00000000        0x0 C:/Program Files (x86)/Atmel/Studio/7.0/Packs/atmel/ATmega_DFP/1.6.364/gcc/dev/atmega32/avr5/crtatmega32.o
 .text          0x00000000        0x0 ATMEGA32_Driver/EXTI_Driver.o
 .data          0x00000000        0x0 ATMEGA32_Driver/EXTI_Driver.o
 .bss           0x00000000        0x0 ATMEGA32_Driver/EXTI_Driver.o
 .text.MCAL_EXTI_GPIO_Init
                0x00000000      0x17e ATMEGA32_Driver/EXTI_Driver.o
 .text.MCAL_EXTI_GPIO_DeInit
                0x00000000       0x26 ATMEGA32_Driver/EXTI_Driver.o
 .text          0x00000000        0x0 ATMEGA32_Driver/GPIO_Driver.o
 .data          0x00000000        0x0 ATMEGA32_Driver/GPIO_Driver.o
 .bss           0x00000000        0x0 ATMEGA32_Driver/GPIO_Driver.o
 .text.MCAL_GPIO_DeInit
                0x00000000        0x8 ATMEGA32_Driver/GPIO_Driver.o
 .text.MCAL_GPIO_ReadPin
                0x00000000        0xc ATMEGA32_Driver/GPIO_Driver.o
 .text.MCAL_GPIO_ReadPort
                0x00000000        0x8 ATMEGA32_Driver/GPIO_Driver.o
 .text.MCAL_GPIO_WritePort
                0x00000000        0x6 ATMEGA32_Driver/GPIO_Driver.o
 .text.MCAL_GPIO_TogglePin
                0x00000000        0xa ATMEGA32_Driver/GPIO_Driver.o
 .text          0x00000000        0x0 ATMEGA32_Driver/I2C_Driver.o
 .data          0x00000000        0x0 ATMEGA32_Driver/I2C_Driver.o
 .bss           0x00000000        0x0 ATMEGA32_Driver/I2C_Driver.o
 .text.MCAL_I2C_Init
                0x00000000       0x62 ATMEGA32_Driver/I2C_Driver.o
 .text.Get_flag_stutus
                0x00000000       0xb4 ATMEGA32_Driver/I2C_Driver.o
 .progmem.gcc_sw_table.Get_flag_stutus
                0x00000000       0x14 ATMEGA32_Driver/I2C_Driver.o
 .text.I2C_Generate_Start
                0x00000000       0x1c ATMEGA32_Driver/I2C_Driver.o
 .text.I2C_Generate_Stop
                0x00000000        0x6 ATMEGA32_Driver/I2C_Driver.o
 .text.MCAL_I2C_Master_TX
                0x00000000       0x6c ATMEGA32_Driver/I2C_Driver.o
 .text.MCAL_I2C_Master_RX
                0x00000000       0x62 ATMEGA32_Driver/I2C_Driver.o
 .text.MCAL_I2C_Slave_TX
                0x00000000       0x36 ATMEGA32_Driver/I2C_Driver.o
 .text.MCAL_I2C_Slave_RX
                0x00000000       0x2c ATMEGA32_Driver/I2C_Driver.o
 .text          0x00000000        0x0 ATMEGA32_Driver/PWM_Driver.o
 .data          0x00000000        0x0 ATMEGA32_Driver/PWM_Driver.o
 .bss           0x00000000        0x0 ATMEGA32_Driver/PWM_Driver.o
 .text.MCAL_PWM_Init
                0x00000000       0xfe ATMEGA32_Driver/PWM_Driver.o
 .text.MCAL_PWM_DInit
                0x00000000       0x14 ATMEGA32_Driver/PWM_Driver.o
 .text.MCAL_PWM_Set_Compare_Value
                0x00000000       0x10 ATMEGA32_Driver/PWM_Driver.o
 .text.MCAL_PWM_Set_TOP_Value
                0x00000000        0x6 ATMEGA32_Driver/PWM_Driver.o
 .text          0x00000000        0x0 ATMEGA32_Driver/SPI_Driver.o
 .data          0x00000000        0x0 ATMEGA32_Driver/SPI_Driver.o
 .bss           0x00000000        0x0 ATMEGA32_Driver/SPI_Driver.o
 .text.MCAL_SPI_Init
                0x00000000       0xaa ATMEGA32_Driver/SPI_Driver.o
 .text.MCAL_SPI_DeInit
                0x00000000        0xc ATMEGA32_Driver/SPI_Driver.o
 .text.MCAL_SPI_ReceiveData
                0x00000000       0x10 ATMEGA32_Driver/SPI_Driver.o
 .text.MCAL_SPI_SendData
                0x00000000       0x10 ATMEGA32_Driver/SPI_Driver.o
 .text.MCAL_SPI_Receive_Send_Data
                0x00000000       0x1c ATMEGA32_Driver/SPI_Driver.o
 .text.MCAL_SPI_Set_Master_Pin
                0x00000000       0x6c ATMEGA32_Driver/SPI_Driver.o
 .text.MCAL_SPI_Set_Slave_Pin
                0x00000000       0x6c ATMEGA32_Driver/SPI_Driver.o
 .text          0x00000000        0x0 ATMEGA32_Driver/TIMER0_Driver.o
 .data          0x00000000        0x0 ATMEGA32_Driver/TIMER0_Driver.o
 .bss           0x00000000        0x0 ATMEGA32_Driver/TIMER0_Driver.o
 .text.MCAL_TIMER0_Init
                0x00000000       0xa2 ATMEGA32_Driver/TIMER0_Driver.o
 .text.MCAL_TIMER0_Set_Compare_Value
                0x00000000        0x4 ATMEGA32_Driver/TIMER0_Driver.o
 .text.MCAL_TIMER0_Read_Compare_Value
                0x00000000        0x4 ATMEGA32_Driver/TIMER0_Driver.o
 .text.MCAL_TIMER0_Read_Counter_Value
                0x00000000        0x4 ATMEGA32_Driver/TIMER0_Driver.o
 .text          0x00000000        0x0 ATMEGA32_Driver/USART_Driver.o
 .data          0x00000000        0x0 ATMEGA32_Driver/USART_Driver.o
 .bss           0x00000000        0x0 ATMEGA32_Driver/USART_Driver.o
 .text.MCAL_USART_DeInit
                0x00000000       0x1e ATMEGA32_Driver/USART_Driver.o
 .text          0x00000000        0x0 HAL/DHT11.o
 .data          0x00000000        0x0 HAL/DHT11.o
 .bss           0x00000000        0x0 HAL/DHT11.o
 .text.Request  0x00000000       0x3c HAL/DHT11.o
 .text.Response
                0x00000000       0x42 HAL/DHT11.o
 .text.Receive_data
                0x00000000       0x60 HAL/DHT11.o
 .bss.buffer    0x00000000        0x1 HAL/DHT11.o
 .debug_info    0x00000000      0x3c2 HAL/DHT11.o
 .debug_abbrev  0x00000000      0x172 HAL/DHT11.o
 .debug_loc     0x00000000       0xce HAL/DHT11.o
 .debug_aranges
                0x00000000       0x30 HAL/DHT11.o
 .debug_ranges  0x00000000       0x20 HAL/DHT11.o
 .debug_line    0x00000000      0x20e HAL/DHT11.o
 .debug_str     0x00000000      0x247 HAL/DHT11.o
 .comment       0x00000000       0x31 HAL/DHT11.o
 .debug_frame   0x00000000       0x4c HAL/DHT11.o
 COMMON         0x00000000        0x2 HAL/DHT11.o
 .text          0x00000000        0x0 HAL/EEPROM.o
 .data          0x00000000        0x0 HAL/EEPROM.o
 .bss           0x00000000        0x0 HAL/EEPROM.o
 .text.EEPROM_Init
                0x00000000       0x38 HAL/EEPROM.o
 .text.EEPROM_Write_Data
                0x00000000       0x68 HAL/EEPROM.o
 .text.EEPROM_Read_Data
                0x00000000       0x42 HAL/EEPROM.o
 .debug_info    0x00000000      0x2c1 HAL/EEPROM.o
 .debug_abbrev  0x00000000      0x120 HAL/EEPROM.o
 .debug_loc     0x00000000      0x24b HAL/EEPROM.o
 .debug_aranges
                0x00000000       0x30 HAL/EEPROM.o
 .debug_ranges  0x00000000       0x20 HAL/EEPROM.o
 .debug_line    0x00000000      0x166 HAL/EEPROM.o
 .debug_str     0x00000000      0x25c HAL/EEPROM.o
 .comment       0x00000000       0x31 HAL/EEPROM.o
 .debug_frame   0x00000000       0x88 HAL/EEPROM.o
 .text          0x00000000        0x0 HAL/HC_05_Bluetooth.o
 .data          0x00000000        0x0 HAL/HC_05_Bluetooth.o
 .bss           0x00000000        0x0 HAL/HC_05_Bluetooth.o
 .text.Bluetooth_TX_Byte
                0x00000000        0x8 HAL/HC_05_Bluetooth.o
 .text.Bluetooth_RX_Str
                0x00000000        0x8 HAL/HC_05_Bluetooth.o
 .text          0x00000000        0x0 HAL/LCD.o
 .data          0x00000000        0x0 HAL/LCD.o
 .bss           0x00000000        0x0 HAL/LCD.o
 .text.LCD_cmd  0x00000000       0xac HAL/LCD.o
 .text.LCD_init
                0x00000000      0x140 HAL/LCD.o
 .text.lcd_Clear
                0x00000000       0x1a HAL/LCD.o
 .text.GOTO_XY  0x00000000       0x24 HAL/LCD.o
 .text.LCD_Character
                0x00000000       0xac HAL/LCD.o
 .text.LCD_String
                0x00000000       0x64 HAL/LCD.o
 .debug_info    0x00000000      0xa74 HAL/LCD.o
 .debug_abbrev  0x00000000      0x1a4 HAL/LCD.o
 .debug_loc     0x00000000      0x591 HAL/LCD.o
 .debug_aranges
                0x00000000       0x48 HAL/LCD.o
 .debug_ranges  0x00000000       0x38 HAL/LCD.o
 .debug_line    0x00000000      0x405 HAL/LCD.o
 .debug_str     0x00000000      0x285 HAL/LCD.o
 .comment       0x00000000       0x31 HAL/LCD.o
 .debug_frame   0x00000000       0xbc HAL/LCD.o
 .text          0x00000000        0x0 HAL/Servo_Motor.o
 .data          0x00000000        0x0 HAL/Servo_Motor.o
 .bss           0x00000000        0x0 HAL/Servo_Motor.o
 .text.Servo_Init
                0x00000000       0x5a HAL/Servo_Motor.o
 .text.My_Servo
                0x00000000       0x4c HAL/Servo_Motor.o
 .text.Servo_DInit
                0x00000000        0x6 HAL/Servo_Motor.o
 .debug_info    0x00000000      0x232 HAL/Servo_Motor.o
 .debug_abbrev  0x00000000      0x131 HAL/Servo_Motor.o
 .debug_loc     0x00000000       0xa7 HAL/Servo_Motor.o
 .debug_aranges
                0x00000000       0x30 HAL/Servo_Motor.o
 .debug_ranges  0x00000000       0x20 HAL/Servo_Motor.o
 .debug_line    0x00000000      0x151 HAL/Servo_Motor.o
 .debug_str     0x00000000      0x29c HAL/Servo_Motor.o
 .comment       0x00000000       0x31 HAL/Servo_Motor.o
 .debug_frame   0x00000000       0x54 HAL/Servo_Motor.o
 .text          0x00000000        0x0 main.o
 .data          0x00000000        0x0 main.o
 .bss           0x00000000        0x0 main.o
 .text          0x00000000        0x0 c:/program files (x86)/atmel/studio/7.0/toolchain/avr8/avr8-gnu-toolchain/bin/../lib/gcc/avr/5.4.0/../../../../avr/lib/avr5\libm.a(addsf3.o)
 .data          0x00000000        0x0 c:/program files (x86)/atmel/studio/7.0/toolchain/avr8/avr8-gnu-toolchain/bin/../lib/gcc/avr/5.4.0/../../../../avr/lib/avr5\libm.a(addsf3.o)
 .bss           0x00000000        0x0 c:/program files (x86)/atmel/studio/7.0/toolchain/avr8/avr8-gnu-toolchain/bin/../lib/gcc/avr/5.4.0/../../../../avr/lib/avr5\libm.a(addsf3.o)
 .text          0x00000000        0x0 c:/program files (x86)/atmel/studio/7.0/toolchain/avr8/avr8-gnu-toolchain/bin/../lib/gcc/avr/5.4.0/../../../../avr/lib/avr5\libm.a(addsf3x.o)
 .data          0x00000000        0x0 c:/program files (x86)/atmel/studio/7.0/toolchain/avr8/avr8-gnu-toolchain/bin/../lib/gcc/avr/5.4.0/../../../../avr/lib/avr5\libm.a(addsf3x.o)
 .bss           0x00000000        0x0 c:/program files (x86)/atmel/studio/7.0/toolchain/avr8/avr8-gnu-toolchain/bin/../lib/gcc/avr/5.4.0/../../../../avr/lib/avr5\libm.a(addsf3x.o)
 .text          0x00000000        0x0 c:/program files (x86)/atmel/studio/7.0/toolchain/avr8/avr8-gnu-toolchain/bin/../lib/gcc/avr/5.4.0/../../../../avr/lib/avr5\libm.a(divsf3.o)
 .data          0x00000000        0x0 c:/program files (x86)/atmel/studio/7.0/toolchain/avr8/avr8-gnu-toolchain/bin/../lib/gcc/avr/5.4.0/../../../../avr/lib/avr5\libm.a(divsf3.o)
 .bss           0x00000000        0x0 c:/program files (x86)/atmel/studio/7.0/toolchain/avr8/avr8-gnu-toolchain/bin/../lib/gcc/avr/5.4.0/../../../../avr/lib/avr5\libm.a(divsf3.o)
 .text          0x00000000        0x0 c:/program files (x86)/atmel/studio/7.0/toolchain/avr8/avr8-gnu-toolchain/bin/../lib/gcc/avr/5.4.0/../../../../avr/lib/avr5\libm.a(divsf3x.o)
 .data          0x00000000        0x0 c:/program files (x86)/atmel/studio/7.0/toolchain/avr8/avr8-gnu-toolchain/bin/../lib/gcc/avr/5.4.0/../../../../avr/lib/avr5\libm.a(divsf3x.o)
 .bss           0x00000000        0x0 c:/program files (x86)/atmel/studio/7.0/toolchain/avr8/avr8-gnu-toolchain/bin/../lib/gcc/avr/5.4.0/../../../../avr/lib/avr5\libm.a(divsf3x.o)
 .text          0x00000000        0x0 c:/program files (x86)/atmel/studio/7.0/toolchain/avr8/avr8-gnu-toolchain/bin/../lib/gcc/avr/5.4.0/../../../../avr/lib/avr5\libm.a(fixunssfsi.o)
 .data          0x00000000        0x0 c:/program files (x86)/atmel/studio/7.0/toolchain/avr8/avr8-gnu-toolchain/bin/../lib/gcc/avr/5.4.0/../../../../avr/lib/avr5\libm.a(fixunssfsi.o)
 .bss           0x00000000        0x0 c:/program files (x86)/atmel/studio/7.0/toolchain/avr8/avr8-gnu-toolchain/bin/../lib/gcc/avr/5.4.0/../../../../avr/lib/avr5\libm.a(fixunssfsi.o)
 .text          0x00000000        0x0 c:/program files (x86)/atmel/studio/7.0/toolchain/avr8/avr8-gnu-toolchain/bin/../lib/gcc/avr/5.4.0/../../../../avr/lib/avr5\libm.a(floatsisf.o)
 .data          0x00000000        0x0 c:/program files (x86)/atmel/studio/7.0/toolchain/avr8/avr8-gnu-toolchain/bin/../lib/gcc/avr/5.4.0/../../../../avr/lib/avr5\libm.a(floatsisf.o)
 .bss           0x00000000        0x0 c:/program files (x86)/atmel/studio/7.0/toolchain/avr8/avr8-gnu-toolchain/bin/../lib/gcc/avr/5.4.0/../../../../avr/lib/avr5\libm.a(floatsisf.o)
 .text          0x00000000        0x0 c:/program files (x86)/atmel/studio/7.0/toolchain/avr8/avr8-gnu-toolchain/bin/../lib/gcc/avr/5.4.0/../../../../avr/lib/avr5\libm.a(fp_inf.o)
 .data          0x00000000        0x0 c:/program files (x86)/atmel/studio/7.0/toolchain/avr8/avr8-gnu-toolchain/bin/../lib/gcc/avr/5.4.0/../../../../avr/lib/avr5\libm.a(fp_inf.o)
 .bss           0x00000000        0x0 c:/program files (x86)/atmel/studio/7.0/toolchain/avr8/avr8-gnu-toolchain/bin/../lib/gcc/avr/5.4.0/../../../../avr/lib/avr5\libm.a(fp_inf.o)
 .text          0x00000000        0x0 c:/program files (x86)/atmel/studio/7.0/toolchain/avr8/avr8-gnu-toolchain/bin/../lib/gcc/avr/5.4.0/../../../../avr/lib/avr5\libm.a(fp_nan.o)
 .data          0x00000000        0x0 c:/program files (x86)/atmel/studio/7.0/toolchain/avr8/avr8-gnu-toolchain/bin/../lib/gcc/avr/5.4.0/../../../../avr/lib/avr5\libm.a(fp_nan.o)
 .bss           0x00000000        0x0 c:/program files (x86)/atmel/studio/7.0/toolchain/avr8/avr8-gnu-toolchain/bin/../lib/gcc/avr/5.4.0/../../../../avr/lib/avr5\libm.a(fp_nan.o)
 .text          0x00000000        0x0 c:/program files (x86)/atmel/studio/7.0/toolchain/avr8/avr8-gnu-toolchain/bin/../lib/gcc/avr/5.4.0/../../../../avr/lib/avr5\libm.a(fp_pscA.o)
 .data          0x00000000        0x0 c:/program files (x86)/atmel/studio/7.0/toolchain/avr8/avr8-gnu-toolchain/bin/../lib/gcc/avr/5.4.0/../../../../avr/lib/avr5\libm.a(fp_pscA.o)
 .bss           0x00000000        0x0 c:/program files (x86)/atmel/studio/7.0/toolchain/avr8/avr8-gnu-toolchain/bin/../lib/gcc/avr/5.4.0/../../../../avr/lib/avr5\libm.a(fp_pscA.o)
 .text          0x00000000        0x0 c:/program files (x86)/atmel/studio/7.0/toolchain/avr8/avr8-gnu-toolchain/bin/../lib/gcc/avr/5.4.0/../../../../avr/lib/avr5\libm.a(fp_pscB.o)
 .data          0x00000000        0x0 c:/program files (x86)/atmel/studio/7.0/toolchain/avr8/avr8-gnu-toolchain/bin/../lib/gcc/avr/5.4.0/../../../../avr/lib/avr5\libm.a(fp_pscB.o)
 .bss           0x00000000        0x0 c:/program files (x86)/atmel/studio/7.0/toolchain/avr8/avr8-gnu-toolchain/bin/../lib/gcc/avr/5.4.0/../../../../avr/lib/avr5\libm.a(fp_pscB.o)
 .text          0x00000000        0x0 c:/program files (x86)/atmel/studio/7.0/toolchain/avr8/avr8-gnu-toolchain/bin/../lib/gcc/avr/5.4.0/../../../../avr/lib/avr5\libm.a(fp_round.o)
 .data          0x00000000        0x0 c:/program files (x86)/atmel/studio/7.0/toolchain/avr8/avr8-gnu-toolchain/bin/../lib/gcc/avr/5.4.0/../../../../avr/lib/avr5\libm.a(fp_round.o)
 .bss           0x00000000        0x0 c:/program files (x86)/atmel/studio/7.0/toolchain/avr8/avr8-gnu-toolchain/bin/../lib/gcc/avr/5.4.0/../../../../avr/lib/avr5\libm.a(fp_round.o)
 .text          0x00000000        0x0 c:/program files (x86)/atmel/studio/7.0/toolchain/avr8/avr8-gnu-toolchain/bin/../lib/gcc/avr/5.4.0/../../../../avr/lib/avr5\libm.a(fp_split3.o)
 .data          0x00000000        0x0 c:/program files (x86)/atmel/studio/7.0/toolchain/avr8/avr8-gnu-toolchain/bin/../lib/gcc/avr/5.4.0/../../../../avr/lib/avr5\libm.a(fp_split3.o)
 .bss           0x00000000        0x0 c:/program files (x86)/atmel/studio/7.0/toolchain/avr8/avr8-gnu-toolchain/bin/../lib/gcc/avr/5.4.0/../../../../avr/lib/avr5\libm.a(fp_split3.o)
 .text          0x00000000        0x0 c:/program files (x86)/atmel/studio/7.0/toolchain/avr8/avr8-gnu-toolchain/bin/../lib/gcc/avr/5.4.0/../../../../avr/lib/avr5\libm.a(fp_zero.o)
 .data          0x00000000        0x0 c:/program files (x86)/atmel/studio/7.0/toolchain/avr8/avr8-gnu-toolchain/bin/../lib/gcc/avr/5.4.0/../../../../avr/lib/avr5\libm.a(fp_zero.o)
 .bss           0x00000000        0x0 c:/program files (x86)/atmel/studio/7.0/toolchain/avr8/avr8-gnu-toolchain/bin/../lib/gcc/avr/5.4.0/../../../../avr/lib/avr5\libm.a(fp_zero.o)
 .text          0x00000000        0x0 c:/program files (x86)/atmel/studio/7.0/toolchain/avr8/avr8-gnu-toolchain/bin/../lib/gcc/avr/5.4.0/../../../../avr/lib/avr5\libm.a(mulsf3.o)
 .data          0x00000000        0x0 c:/program files (x86)/atmel/studio/7.0/toolchain/avr8/avr8-gnu-toolchain/bin/../lib/gcc/avr/5.4.0/../../../../avr/lib/avr5\libm.a(mulsf3.o)
 .bss           0x00000000        0x0 c:/program files (x86)/atmel/studio/7.0/toolchain/avr8/avr8-gnu-toolchain/bin/../lib/gcc/avr/5.4.0/../../../../avr/lib/avr5\libm.a(mulsf3.o)
 .text          0x00000000        0x0 c:/program files (x86)/atmel/studio/7.0/toolchain/avr8/avr8-gnu-toolchain/bin/../lib/gcc/avr/5.4.0/../../../../avr/lib/avr5\libm.a(mulsf3x.o)
 .data          0x00000000        0x0 c:/program files (x86)/atmel/studio/7.0/toolchain/avr8/avr8-gnu-toolchain/bin/../lib/gcc/avr/5.4.0/../../../../avr/lib/avr5\libm.a(mulsf3x.o)
 .bss           0x00000000        0x0 c:/program files (x86)/atmel/studio/7.0/toolchain/avr8/avr8-gnu-toolchain/bin/../lib/gcc/avr/5.4.0/../../../../avr/lib/avr5\libm.a(mulsf3x.o)
 .text          0x00000000        0x0 c:/program files (x86)/atmel/studio/7.0/toolchain/avr8/avr8-gnu-toolchain/bin/../lib/gcc/avr/5.4.0/avr5\libgcc.a(_udivmodsi4.o)
 .data          0x00000000        0x0 c:/program files (x86)/atmel/studio/7.0/toolchain/avr8/avr8-gnu-toolchain/bin/../lib/gcc/avr/5.4.0/avr5\libgcc.a(_udivmodsi4.o)
 .bss           0x00000000        0x0 c:/program files (x86)/atmel/studio/7.0/toolchain/avr8/avr8-gnu-toolchain/bin/../lib/gcc/avr/5.4.0/avr5\libgcc.a(_udivmodsi4.o)
 .text.libgcc.mul
                0x00000000        0x0 c:/program files (x86)/atmel/studio/7.0/toolchain/avr8/avr8-gnu-toolchain/bin/../lib/gcc/avr/5.4.0/avr5\libgcc.a(_udivmodsi4.o)
 .text.libgcc.div
                0x00000000       0x44 c:/program files (x86)/atmel/studio/7.0/toolchain/avr8/avr8-gnu-toolchain/bin/../lib/gcc/avr/5.4.0/avr5\libgcc.a(_udivmodsi4.o)
 .text.libgcc   0x00000000        0x0 c:/program files (x86)/atmel/studio/7.0/toolchain/avr8/avr8-gnu-toolchain/bin/../lib/gcc/avr/5.4.0/avr5\libgcc.a(_udivmodsi4.o)
 .text.libgcc.prologue
                0x00000000        0x0 c:/program files (x86)/atmel/studio/7.0/toolchain/avr8/avr8-gnu-toolchain/bin/../lib/gcc/avr/5.4.0/avr5\libgcc.a(_udivmodsi4.o)
 .text.libgcc.builtins
                0x00000000        0x0 c:/program files (x86)/atmel/studio/7.0/toolchain/avr8/avr8-gnu-toolchain/bin/../lib/gcc/avr/5.4.0/avr5\libgcc.a(_udivmodsi4.o)
 .text.libgcc.fmul
                0x00000000        0x0 c:/program files (x86)/atmel/studio/7.0/toolchain/avr8/avr8-gnu-toolchain/bin/../lib/gcc/avr/5.4.0/avr5\libgcc.a(_udivmodsi4.o)
 .text.libgcc.fixed
                0x00000000        0x0 c:/program files (x86)/atmel/studio/7.0/toolchain/avr8/avr8-gnu-toolchain/bin/../lib/gcc/avr/5.4.0/avr5\libgcc.a(_udivmodsi4.o)
 .text          0x00000000        0x0 c:/program files (x86)/atmel/studio/7.0/toolchain/avr8/avr8-gnu-toolchain/bin/../lib/gcc/avr/5.4.0/avr5\libgcc.a(_exit.o)
 .data          0x00000000        0x0 c:/program files (x86)/atmel/studio/7.0/toolchain/avr8/avr8-gnu-toolchain/bin/../lib/gcc/avr/5.4.0/avr5\libgcc.a(_exit.o)
 .bss           0x00000000        0x0 c:/program files (x86)/atmel/studio/7.0/toolchain/avr8/avr8-gnu-toolchain/bin/../lib/gcc/avr/5.4.0/avr5\libgcc.a(_exit.o)
 .text.libgcc.mul
                0x00000000        0x0 c:/program files (x86)/atmel/studio/7.0/toolchain/avr8/avr8-gnu-toolchain/bin/../lib/gcc/avr/5.4.0/avr5\libgcc.a(_exit.o)
 .text.libgcc.div
                0x00000000        0x0 c:/program files (x86)/atmel/studio/7.0/toolchain/avr8/avr8-gnu-toolchain/bin/../lib/gcc/avr/5.4.0/avr5\libgcc.a(_exit.o)
 .text.libgcc   0x00000000        0x0 c:/program files (x86)/atmel/studio/7.0/toolchain/avr8/avr8-gnu-toolchain/bin/../lib/gcc/avr/5.4.0/avr5\libgcc.a(_exit.o)
 .text.libgcc.prologue
                0x00000000        0x0 c:/program files (x86)/atmel/studio/7.0/toolchain/avr8/avr8-gnu-toolchain/bin/../lib/gcc/avr/5.4.0/avr5\libgcc.a(_exit.o)
 .text.libgcc.builtins
                0x00000000        0x0 c:/program files (x86)/atmel/studio/7.0/toolchain/avr8/avr8-gnu-toolchain/bin/../lib/gcc/avr/5.4.0/avr5\libgcc.a(_exit.o)
 .text.libgcc.fmul
                0x00000000        0x0 c:/program files (x86)/atmel/studio/7.0/toolchain/avr8/avr8-gnu-toolchain/bin/../lib/gcc/avr/5.4.0/avr5\libgcc.a(_exit.o)
 .text.libgcc.fixed
                0x00000000        0x0 c:/program files (x86)/atmel/studio/7.0/toolchain/avr8/avr8-gnu-toolchain/bin/../lib/gcc/avr/5.4.0/avr5\libgcc.a(_exit.o)
 .text          0x00000000        0x0 c:/program files (x86)/atmel/studio/7.0/toolchain/avr8/avr8-gnu-toolchain/bin/../lib/gcc/avr/5.4.0/avr5\libgcc.a(_tablejump2.o)
 .data          0x00000000        0x0 c:/program files (x86)/atmel/studio/7.0/toolchain/avr8/avr8-gnu-toolchain/bin/../lib/gcc/avr/5.4.0/avr5\libgcc.a(_tablejump2.o)
 .bss           0x00000000        0x0 c:/program files (x86)/atmel/studio/7.0/toolchain/avr8/avr8-gnu-toolchain/bin/../lib/gcc/avr/5.4.0/avr5\libgcc.a(_tablejump2.o)
 .text.libgcc.mul
                0x00000000        0x0 c:/program files (x86)/atmel/studio/7.0/toolchain/avr8/avr8-gnu-toolchain/bin/../lib/gcc/avr/5.4.0/avr5\libgcc.a(_tablejump2.o)
 .text.libgcc.div
                0x00000000        0x0 c:/program files (x86)/atmel/studio/7.0/toolchain/avr8/avr8-gnu-toolchain/bin/../lib/gcc/avr/5.4.0/avr5\libgcc.a(_tablejump2.o)
 .text.libgcc   0x00000000        0xc c:/program files (x86)/atmel/studio/7.0/toolchain/avr8/avr8-gnu-toolchain/bin/../lib/gcc/avr/5.4.0/avr5\libgcc.a(_tablejump2.o)
 .text.libgcc.prologue
                0x00000000        0x0 c:/program files (x86)/atmel/studio/7.0/toolchain/avr8/avr8-gnu-toolchain/bin/../lib/gcc/avr/5.4.0/avr5\libgcc.a(_tablejump2.o)
 .text.libgcc.builtins
                0x00000000        0x0 c:/program files (x86)/atmel/studio/7.0/toolchain/avr8/avr8-gnu-toolchain/bin/../lib/gcc/avr/5.4.0/avr5\libgcc.a(_tablejump2.o)
 .text.libgcc.fmul
                0x00000000        0x0 c:/program files (x86)/atmel/studio/7.0/toolchain/avr8/avr8-gnu-toolchain/bin/../lib/gcc/avr/5.4.0/avr5\libgcc.a(_tablejump2.o)
 .text.libgcc.fixed
                0x00000000        0x0 c:/program files (x86)/atmel/studio/7.0/toolchain/avr8/avr8-gnu-toolchain/bin/../lib/gcc/avr/5.4.0/avr5\libgcc.a(_tablejump2.o)
 .text          0x00000000        0x0 c:/program files (x86)/atmel/studio/7.0/toolchain/avr8/avr8-gnu-toolchain/bin/../lib/gcc/avr/5.4.0/avr5\libgcc.a(_copy_data.o)
 .data          0x00000000        0x0 c:/program files (x86)/atmel/studio/7.0/toolchain/avr8/avr8-gnu-toolchain/bin/../lib/gcc/avr/5.4.0/avr5\libgcc.a(_copy_data.o)
 .bss           0x00000000        0x0 c:/program files (x86)/atmel/studio/7.0/toolchain/avr8/avr8-gnu-toolchain/bin/../lib/gcc/avr/5.4.0/avr5\libgcc.a(_copy_data.o)
 .text.libgcc.mul
                0x00000000        0x0 c:/program files (x86)/atmel/studio/7.0/toolchain/avr8/avr8-gnu-toolchain/bin/../lib/gcc/avr/5.4.0/avr5\libgcc.a(_copy_data.o)
 .text.libgcc.div
                0x00000000        0x0 c:/program files (x86)/atmel/studio/7.0/toolchain/avr8/avr8-gnu-toolchain/bin/../lib/gcc/avr/5.4.0/avr5\libgcc.a(_copy_data.o)
 .text.libgcc   0x00000000        0x0 c:/program files (x86)/atmel/studio/7.0/toolchain/avr8/avr8-gnu-toolchain/bin/../lib/gcc/avr/5.4.0/avr5\libgcc.a(_copy_data.o)
 .text.libgcc.prologue
                0x00000000        0x0 c:/program files (x86)/atmel/studio/7.0/toolchain/avr8/avr8-gnu-toolchain/bin/../lib/gcc/avr/5.4.0/avr5\libgcc.a(_copy_data.o)
 .text.libgcc.builtins
                0x00000000        0x0 c:/program files (x86)/atmel/studio/7.0/toolchain/avr8/avr8-gnu-toolchain/bin/../lib/gcc/avr/5.4.0/avr5\libgcc.a(_copy_data.o)
 .text.libgcc.fmul
                0x00000000        0x0 c:/program files (x86)/atmel/studio/7.0/toolchain/avr8/avr8-gnu-toolchain/bin/../lib/gcc/avr/5.4.0/avr5\libgcc.a(_copy_data.o)
 .text.libgcc.fixed
                0x00000000        0x0 c:/program files (x86)/atmel/studio/7.0/toolchain/avr8/avr8-gnu-toolchain/bin/../lib/gcc/avr/5.4.0/avr5\libgcc.a(_copy_data.o)
 .text          0x00000000        0x0 c:/program files (x86)/atmel/studio/7.0/toolchain/avr8/avr8-gnu-toolchain/bin/../lib/gcc/avr/5.4.0/avr5\libgcc.a(_clear_bss.o)
 .data          0x00000000        0x0 c:/program files (x86)/atmel/studio/7.0/toolchain/avr8/avr8-gnu-toolchain/bin/../lib/gcc/avr/5.4.0/avr5\libgcc.a(_clear_bss.o)
 .bss           0x00000000        0x0 c:/program files (x86)/atmel/studio/7.0/toolchain/avr8/avr8-gnu-toolchain/bin/../lib/gcc/avr/5.4.0/avr5\libgcc.a(_clear_bss.o)
 .text.libgcc.mul
                0x00000000        0x0 c:/program files (x86)/atmel/studio/7.0/toolchain/avr8/avr8-gnu-toolchain/bin/../lib/gcc/avr/5.4.0/avr5\libgcc.a(_clear_bss.o)
 .text.libgcc.div
                0x00000000        0x0 c:/program files (x86)/atmel/studio/7.0/toolchain/avr8/avr8-gnu-toolchain/bin/../lib/gcc/avr/5.4.0/avr5\libgcc.a(_clear_bss.o)
 .text.libgcc   0x00000000        0x0 c:/program files (x86)/atmel/studio/7.0/toolchain/avr8/avr8-gnu-toolchain/bin/../lib/gcc/avr/5.4.0/avr5\libgcc.a(_clear_bss.o)
 .text.libgcc.prologue
                0x00000000        0x0 c:/program files (x86)/atmel/studio/7.0/toolchain/avr8/avr8-gnu-toolchain/bin/../lib/gcc/avr/5.4.0/avr5\libgcc.a(_clear_bss.o)
 .text.libgcc.builtins
                0x00000000        0x0 c:/program files (x86)/atmel/studio/7.0/toolchain/avr8/avr8-gnu-toolchain/bin/../lib/gcc/avr/5.4.0/avr5\libgcc.a(_clear_bss.o)
 .text.libgcc.fmul
                0x00000000        0x0 c:/program files (x86)/atmel/studio/7.0/toolchain/avr8/avr8-gnu-toolchain/bin/../lib/gcc/avr/5.4.0/avr5\libgcc.a(_clear_bss.o)
 .text.libgcc.fixed
                0x00000000        0x0 c:/program files (x86)/atmel/studio/7.0/toolchain/avr8/avr8-gnu-toolchain/bin/../lib/gcc/avr/5.4.0/avr5\libgcc.a(_clear_bss.o)

Memory Configuration

Name             Origin             Length             Attributes
text             0x00000000         0x00008000         xr
data             0x00800060         0x00000800         rw !x
eeprom           0x00810000         0x00000400         rw !x
fuse             0x00820000         0x00000002         rw !x
lock             0x00830000         0x00000400         rw !x
signature        0x00840000         0x00000400         rw !x
user_signatures  0x00850000         0x00000400         rw !x
*default*        0x00000000         0xffffffff

Linker script and memory map

LOAD C:/Program Files (x86)/Atmel/Studio/7.0/Packs/atmel/ATmega_DFP/1.6.364/gcc/dev/atmega32/avr5/crtatmega32.o
LOAD ATMEGA32_Driver/EXTI_Driver.o
LOAD ATMEGA32_Driver/GPIO_Driver.o
LOAD ATMEGA32_Driver/I2C_Driver.o
LOAD ATMEGA32_Driver/PWM_Driver.o
LOAD ATMEGA32_Driver/SPI_Driver.o
LOAD ATMEGA32_Driver/TIMER0_Driver.o
LOAD ATMEGA32_Driver/USART_Driver.o
LOAD HAL/DHT11.o
LOAD HAL/EEPROM.o
LOAD HAL/HC_05_Bluetooth.o
LOAD HAL/LCD.o
LOAD HAL/Servo_Motor.o
LOAD main.o
START GROUP
LOAD c:/program files (x86)/atmel/studio/7.0/toolchain/avr8/avr8-gnu-toolchain/bin/../lib/gcc/avr/5.4.0/../../../../avr/lib/avr5\libm.a
END GROUP
START GROUP
LOAD c:/program files (x86)/atmel/studio/7.0/toolchain/avr8/avr8-gnu-toolchain/bin/../lib/gcc/avr/5.4.0/avr5\libgcc.a
LOAD c:/program files (x86)/atmel/studio/7.0/toolchain/avr8/avr8-gnu-toolchain/bin/../lib/gcc/avr/5.4.0/../../../../avr/lib/avr5\libm.a
LOAD c:/program files (x86)/atmel/studio/7.0/toolchain/avr8/avr8-gnu-toolchain/bin/../lib/gcc/avr/5.4.0/../../../../avr/lib/avr5\libc.a
LOAD C:/Program Files (x86)/Atmel/Studio/7.0/Packs/atmel/ATmega_DFP/1.6.364/gcc/dev/atmega32/avr5\libatmega32.a
END GROUP
                0x00000000                __TEXT_REGION_ORIGIN__ = DEFINED (__TEXT_REGION_ORIGIN__)?__TEXT_REGION_ORIGIN__:0x0
                [0x00800060]                __DATA_REGION_ORIGIN__ = DEFINED (__DATA_REGION_ORIGIN__)?__DATA_REGION_ORIGIN__:0x800060
                [0x00008000]                __TEXT_REGION_LENGTH__ = DEFINED (__TEXT_REGION_LENGTH__)?__TEXT_REGION_LENGTH__:0x20000
                [0x00000800]                __DATA_REGION_LENGTH__ = DEFINED (__DATA_REGION_LENGTH__)?__DATA_REGION_LENGTH__:0xffa0
                [0x00000400]                __EEPROM_REGION_LENGTH__ = DEFINED (__EEPROM_REGION_LENGTH__)?__EEPROM_REGION_LENGTH__:0x10000
                [0x00000002]                __FUSE_REGION_LENGTH__ = DEFINED (__FUSE_REGION_LENGTH__)?__FUSE_REGION_LENGTH__:0x400
                0x00000400                __LOCK_REGION_LENGTH__ = DEFINED (__LOCK_REGION_LENGTH__)?__LOCK_REGION_LENGTH__:0x400
                0x00000400                __SIGNATURE_REGION_LENGTH__ = DEFINED (__SIGNATURE_REGION_LENGTH__)?__SIGNATURE_REGION_LENGTH__:0x400
                0x00000400                __USER_SIGNATURE_REGION_LENGTH__ = DEFINED (__USER_SIGNATURE_REGION_LENGTH__)?__USER_SIGNATURE_REGION_LENGTH__:0x400

.hash
 *(.hash)

.dynsym
 *(.dynsym)

.dynstr
 *(.dynstr)

.gnu.version
 *(.gnu.version)

.gnu.version_d
 *(.gnu.version_d)

.gnu.version_r
 *(.gnu.version_r)

.rel.init
 *(.rel.init)

.rela.init
 *(.rela.init)

.rel.text
 *(.rel.text)
 *(.rel.text.*)
 *(.rel.gnu.linkonce.t*)

.rela.text
 *(.rela.text)
 *(.rela.text.*)
 *(.rela.gnu.linkonce.t*)

.rel.fini
 *(.rel.fini)

.rela.fini
 *(.rela.fini)

.rel.rodata
 *(.rel.rodata)
 *(.rel.rodata.*)
 *(.rel.gnu.linkonce.r*)

.rela.rodata
 *(.rela.rodata)
 *(.rela.rodata.*)
 *(.rela.gnu.linkonce.r*)

.rel.data
 *(.rel.data)
 *(.rel.data.*)
 *(.rel.gnu.linkonce.d*)

.rela.data
 *(.rela.data)
 *(.rela.data.*)
 *(.rela.gnu.linkonce.d*)

.rel.ctors
 *(.rel.ctors)

.rela.ctors
 *(.rela.ctors)

.rel.dtors
 *(.rel.dtors)

.rela.dtors
 *(.rela.dtors)

.rel.got
 *(.rel.got)

.rela.got
 *(.rela.got)

.rel.bss
 *(.rel.bss)

.rela.bss
 *(.rela.bss)

.rel.plt
 *(.rel.plt)

.rela.plt
 *(.rela.plt)

.text           0x00000000      0xe28
 *(.vectors)
 .vectors       0x00000000       0x54 C:/Program Files (x86)/Atmel/Studio/7.0/Packs/atmel/ATmega_DFP/1.6.364/gcc/dev/atmega32/avr5/crtatmega32.o
                0x00000000                __vector_default
                0x00000000                __vectors
 *(.vectors)
 *(.progmem.gcc*)
                0x00000054                . = ALIGN (0x2)
                0x00000054                __trampolines_start = .
 *(.trampolines)
 .trampolines   0x00000054        0x0 linker stubs
 *(.trampolines*)
                0x00000054                __trampolines_end = .
 *libprintf_flt.a:*(.progmem.data)
 *libc.a:*(.progmem.data)
 *(.progmem*)
                0x00000054                . = ALIGN (0x2)
 *(.jumptables)
 *(.jumptables*)
 *(.lowtext)
 *(.lowtext*)
                0x00000054                __ctors_start = .
 *(.ctors)
                0x00000054                __ctors_end = .
                0x00000054                __dtors_start = .
 *(.dtors)
                0x00000054                __dtors_end = .
 SORT(*)(.ctors)
 SORT(*)(.dtors)
 *(.init0)
 .init0         0x00000054        0x0 C:/Program Files (x86)/Atmel/Studio/7.0/Packs/atmel/ATmega_DFP/1.6.364/gcc/dev/atmega32/avr5/crtatmega32.o
                0x00000054                __init
 *(.init0)
 *(.init1)
 *(.init1)
 *(.init2)
 .init2         0x00000054        0xc C:/Program Files (x86)/Atmel/Studio/7.0/Packs/atmel/ATmega_DFP/1.6.364/gcc/dev/atmega32/avr5/crtatmega32.o
 *(.init2)
 *(.init3)
 *(.init3)
 *(.init4)
 .init4         0x00000060       0x16 c:/program files (x86)/atmel/studio/7.0/toolchain/avr8/avr8-gnu-toolchain/bin/../lib/gcc/avr/5.4.0/avr5\libgcc.a(_copy_data.o)
                0x00000060                __do_copy_data
 .init4         0x00000076       0x10 c:/program files (x86)/atmel/studio/7.0/toolchain/avr8/avr8-gnu-toolchain/bin/../lib/gcc/avr/5.4.0/avr5\libgcc.a(_clear_bss.o)
                0x00000076                __do_clear_bss
 *(.init4)
 *(.init5)
 *(.init5)
 *(.init6)
 *(.init6)
 *(.init7)
 *(.init7)
 *(.init8)
 *(.init8)
 *(.init9)
 .init9         0x00000086        0x8 C:/Program Files (x86)/Atmel/Studio/7.0/Packs/atmel/ATmega_DFP/1.6.364/gcc/dev/atmega32/avr5/crtatmega32.o
 *(.init9)
 *(.text)
 .text          0x0000008e        0x4 C:/Program Files (x86)/Atmel/Studio/7.0/Packs/atmel/ATmega_DFP/1.6.364/gcc/dev/atmega32/avr5/crtatmega32.o
                0x0000008e                __vector_6
                0x0000008e                __vector_17
                0x0000008e                __vector_5
                0x0000008e                __vector_4
                0x0000008e                __vector_16
                0x0000008e                __vector_18
                0x0000008e                __vector_20
                0x0000008e                __bad_interrupt
                0x00000092                . = ALIGN (0x2)
 *(.text.*)
 .text.__vector_1
                0x00000092       0x4e ATMEGA32_Driver/EXTI_Driver.o
                0x00000092                __vector_1
 .text.__vector_2
                0x000000e0       0x4e ATMEGA32_Driver/EXTI_Driver.o
                0x000000e0                __vector_2
 .text.__vector_3
                0x0000012e       0x4e ATMEGA32_Driver/EXTI_Driver.o
                0x0000012e                __vector_3
 .text.MCAL_GPIO_Init
                0x0000017c       0x50 ATMEGA32_Driver/GPIO_Driver.o
                0x0000017c                MCAL_GPIO_Init
 .text.MCAL_GPIO_WritePin
                0x000001cc       0x1e ATMEGA32_Driver/GPIO_Driver.o
                0x000001cc                MCAL_GPIO_WritePin
 .text.__vector_19
                0x000001ea       0x54 ATMEGA32_Driver/I2C_Driver.o
                0x000001ea                __vector_19
 .text.__vector_9
                0x0000023e       0x54 ATMEGA32_Driver/PWM_Driver.o
                0x0000023e                __vector_9
 .text.__vector_7
                0x00000292       0x54 ATMEGA32_Driver/PWM_Driver.o
                0x00000292                __vector_7
 .text.__vector_8
                0x000002e6       0x54 ATMEGA32_Driver/PWM_Driver.o
                0x000002e6                __vector_8
 .text.__vector_12
                0x0000033a       0x54 ATMEGA32_Driver/SPI_Driver.o
                0x0000033a                __vector_12
 .text.__vector_10
                0x0000038e       0x54 ATMEGA32_Driver/TIMER0_Driver.o
                0x0000038e                __vector_10
 .text.__vector_11
                0x000003e2       0x54 ATMEGA32_Driver/TIMER0_Driver.o
                0x000003e2                __vector_11
 .text.MCAL_USART_Init
                0x00000436      0x304 ATMEGA32_Driver/USART_Driver.o
                0x00000436                MCAL_USART_Init
 .text.MCAL_USART_ReceiveData
                0x0000073a       0x58 ATMEGA32_Driver/USART_Driver.o
                0x0000073a                MCAL_USART_ReceiveData
 .text.MCAL_USART_SendData
                0x00000792       0x60 ATMEGA32_Driver/USART_Driver.o
                0x00000792                MCAL_USART_SendData
 .text.MCAL_USART_Send_String
                0x000007f2       0x32 ATMEGA32_Driver/USART_Driver.o
                0x000007f2                MCAL_USART_Send_String
 .text.MCAL_USART_Receive_String
                0x00000824       0x36 ATMEGA32_Driver/USART_Driver.o
                0x00000824                MCAL_USART_Receive_String
 .text.__vector_13
                0x0000085a       0x4e ATMEGA32_Driver/USART_Driver.o
                0x0000085a                __vector_13
 .text.__vector_14
                0x000008a8       0x4e ATMEGA32_Driver/USART_Driver.o
                0x000008a8                __vector_14
 .text.__vector_15
                0x000008f6       0x4e ATMEGA32_Driver/USART_Driver.o
                0x000008f6                __vector_15
 .text.Bluetooth_Init
                0x00000944       0x4c HAL/HC_05_Bluetooth.o
                0x00000944                Bluetooth_Init
 .text.Bluetooth_TX_Str
                0x00000990        0x8 HAL/HC_05_Bluetooth.o
                0x00000990                Bluetooth_TX_Str
 .text.Bluetooth_RX_Byte
                0x00000998        0x8 HAL/HC_05_Bluetooth.o
                0x00000998                Bluetooth_RX_Byte
 .text.ISR_Bluetooth
                0x000009a0       0x4a main.o
                0x000009a0                ISR_Bluetooth
 .text.main     0x000009ea       0x28 main.o
                0x000009ea                main
 .text.avr-libc.fplib
                0x00000a12        0xe c:/program files (x86)/atmel/studio/7.0/toolchain/avr8/avr8-gnu-toolchain/bin/../lib/gcc/avr/5.4.0/../../../../avr/lib/avr5\libm.a(addsf3.o)
                0x00000a12                __subsf3
                0x00000a14                __addsf3
 .text.avr-libc.fplib
                0x00000a20       0xcc c:/program files (x86)/atmel/studio/7.0/toolchain/avr8/avr8-gnu-toolchain/bin/../lib/gcc/avr/5.4.0/../../../../avr/lib/avr5\libm.a(addsf3x.o)
                0x00000a42                __addsf3x
 .text.avr-libc.fplib
                0x00000aec        0x8 c:/program files (x86)/atmel/studio/7.0/toolchain/avr8/avr8-gnu-toolchain/bin/../lib/gcc/avr/5.4.0/../../../../avr/lib/avr5\libm.a(divsf3.o)
                0x00000aec                __divsf3
 .text.avr-libc.fplib
                0x00000af4       0xdc c:/program files (x86)/atmel/studio/7.0/toolchain/avr8/avr8-gnu-toolchain/bin/../lib/gcc/avr/5.4.0/../../../../avr/lib/avr5\libm.a(divsf3x.o)
                0x00000b14                __divsf3x
                0x00000b1a                __divsf3_pse
 .text.avr-libc.fplib
                0x00000bd0       0x5e c:/program files (x86)/atmel/studio/7.0/toolchain/avr8/avr8-gnu-toolchain/bin/../lib/gcc/avr/5.4.0/../../../../avr/lib/avr5\libm.a(fixunssfsi.o)
                0x00000bd0                __fixunssfsi
 .text.avr-libc.fplib
                0x00000c2e       0x7a c:/program files (x86)/atmel/studio/7.0/toolchain/avr8/avr8-gnu-toolchain/bin/../lib/gcc/avr/5.4.0/../../../../avr/lib/avr5\libm.a(floatsisf.o)
                0x00000c2e                __floatunsisf
                0x00000c32                __floatsisf
 .text.avr-libc.fplib
                0x00000ca8        0xc c:/program files (x86)/atmel/studio/7.0/toolchain/avr8/avr8-gnu-toolchain/bin/../lib/gcc/avr/5.4.0/../../../../avr/lib/avr5\libm.a(fp_inf.o)
                0x00000ca8                __fp_inf
 .text.avr-libc.fplib
                0x00000cb4        0x6 c:/program files (x86)/atmel/studio/7.0/toolchain/avr8/avr8-gnu-toolchain/bin/../lib/gcc/avr/5.4.0/../../../../avr/lib/avr5\libm.a(fp_nan.o)
                0x00000cb4                __fp_nan
 .text.avr-libc.fplib
                0x00000cba        0xe c:/program files (x86)/atmel/studio/7.0/toolchain/avr8/avr8-gnu-toolchain/bin/../lib/gcc/avr/5.4.0/../../../../avr/lib/avr5\libm.a(fp_pscA.o)
                0x00000cba                __fp_pscA
 .text.avr-libc.fplib
                0x00000cc8        0xe c:/program files (x86)/atmel/studio/7.0/toolchain/avr8/avr8-gnu-toolchain/bin/../lib/gcc/avr/5.4.0/../../../../avr/lib/avr5\libm.a(fp_pscB.o)
                0x00000cc8                __fp_pscB
 .text.avr-libc.fplib
                0x00000cd6       0x22 c:/program files (x86)/atmel/studio/7.0/toolchain/avr8/avr8-gnu-toolchain/bin/../lib/gcc/avr/5.4.0/../../../../avr/lib/avr5\libm.a(fp_round.o)
                0x00000cd6                __fp_round
 .text.avr-libc.fplib
                0x00000cf8       0x44 c:/program files (x86)/atmel/studio/7.0/toolchain/avr8/avr8-gnu-toolchain/bin/../lib/gcc/avr/5.4.0/../../../../avr/lib/avr5\libm.a(fp_split3.o)
                0x00000cf8                __fp_split3
                0x00000d08                __fp_splitA
 .text.avr-libc.fplib
                0x00000d3c        0xe c:/program files (x86)/atmel/studio/7.0/toolchain/avr8/avr8-gnu-toolchain/bin/../lib/gcc/avr/5.4.0/../../../../avr/lib/avr5\libm.a(fp_zero.o)
                0x00000d3c                __fp_zero
                0x00000d3e                __fp_szero
 .text.avr-libc.fplib
                0x00000d4a        0x8 c:/program files (x86)/atmel/studio/7.0/toolchain/avr8/avr8-gnu-toolchain/bin/../lib/gcc/avr/5.4.0/../../../../avr/lib/avr5\libm.a(mulsf3.o)
                0x00000d4a                __mulsf3
 .text.avr-libc.fplib
                0x00000d52       0xd2 c:/program files (x86)/atmel/studio/7.0/toolchain/avr8/avr8-gnu-toolchain/bin/../lib/gcc/avr/5.4.0/../../../../avr/lib/avr5\libm.a(mulsf3x.o)
                0x00000d70                __mulsf3x
                0x00000d76                __mulsf3_pse
                0x00000e24                . = ALIGN (0x2)
 *(.fini9)
 .fini9         0x00000e24        0x0 c:/program files (x86)/atmel/studio/7.0/toolchain/avr8/avr8-gnu-toolchain/bin/../lib/gcc/avr/5.4.0/avr5\libgcc.a(_exit.o)
                0x00000e24                _exit
                0x00000e24                exit
 *(.fini9)
 *(.fini8)
 *(.fini8)
 *(.fini7)
 *(.fini7)
 *(.fini6)
 *(.fini6)
 *(.fini5)
 *(.fini5)
 *(.fini4)
 *(.fini4)
 *(.fini3)
 *(.fini3)
 *(.fini2)
 *(.fini2)
 *(.fini1)
 *(.fini1)
 *(.fini0)
 .fini0         0x00000e24        0x4 c:/program files (x86)/atmel/studio/7.0/toolchain/avr8/avr8-gnu-toolchain/bin/../lib/gcc/avr/5.4.0/avr5\libgcc.a(_exit.o)
 *(.fini0)
                0x00000e28                _etext = .

.data           0x00800060       0x12 load address 0x00000e28
                0x00800060                PROVIDE (__data_start, .)
 *(.data)
 *(.data*)
 *(.gnu.linkonce.d*)
 *(.rodata)
 *(.rodata*)
 .rodata.str1.1
                0x00800060       0x11 main.o
 *(.gnu.linkonce.r*)
                0x00800072                . = ALIGN (0x2)
 *fill*         0x00800071        0x1 
                0x00800072                _edata = .
                0x00800072                PROVIDE (__data_end, .)

.bss            0x00800072       0x2c
                0x00800072                PROVIDE (__bss_start, .)
 *(.bss)
 *(.bss*)
 .bss.g_I2C_Config
                0x00800072        0x2 ATMEGA32_Driver/I2C_Driver.o
                0x00800072                g_I2C_Config
 .bss.g_PWM_Config
                0x00800074        0x2 ATMEGA32_Driver/PWM_Driver.o
                0x00800074                g_PWM_Config
 .bss.g_SPI_Config
                0x00800076        0x2 ATMEGA32_Driver/SPI_Driver.o
                0x00800076                g_SPI_Config
 .bss.g_TIM0_Config
                0x00800078        0x2 ATMEGA32_Driver/TIMER0_Driver.o
                0x00800078                g_TIM0_Config
 .bss.g_USART_Config
                0x0080007a        0x2 ATMEGA32_Driver/USART_Driver.o
                0x0080007a                g_USART_Config
 .bss.USART_Config.1993
                0x0080007c        0xb HAL/HC_05_Bluetooth.o
 *(COMMON)
 COMMON         0x00800087        0x6 ATMEGA32_Driver/EXTI_Driver.o
                0x00800087                GP_IRQ_CALL
 COMMON         0x0080008d        0x6 ATMEGA32_Driver/USART_Driver.o
                0x0080008d                GPU_IRQ_CALL
 COMMON         0x00800093        0xb main.o
                0x00800093                DATA
                0x0080009d                Data
                0x0080009e                PROVIDE (__bss_end, .)
                0x00000e28                __data_load_start = LOADADDR (.data)
                0x00000e3a                __data_load_end = (__data_load_start + SIZEOF (.data))

.noinit         0x0080009e        0x0
                [!provide]                PROVIDE (__noinit_start, .)
 *(.noinit*)
                [!provide]                PROVIDE (__noinit_end, .)
                0x0080009e                _end = .
                [!provide]                PROVIDE (__heap_start, .)

.eeprom         0x00810000        0x0
 *(.eeprom*)
                0x00810000                __eeprom_end = .

.fuse
 *(.fuse)
 *(.lfuse)
 *(.hfuse)
 *(.efuse)

.lock
 *(.lock*)

.signature
 *(.signature*)

.user_signatures
 *(.user_signatures*)

.stab
 *(.stab)

.stabstr
 *(.stabstr)

.stab.excl
 *(.stab.excl)

.stab.exclstr
 *(.stab.exclstr)

.stab.index
 *(.stab.index)

.stab.indexstr
 *(.stab.indexstr)

.comment        0x00000000       0x30
 *(.comment)
 .comment       0x00000000       0x30 ATMEGA32_Driver/EXTI_Driver.o
                                 0x31 (size before relaxing)
 .comment       0x00000030       0x31 ATMEGA32_Driver/GPIO_Driver.o
 .comment       0x00000030       0x31 ATMEGA32_Driver/I2C_Driver.o
 .comment       0x00000030       0x31 ATMEGA32_Driver/PWM_Driver.o
 .comment       0x00000030       0x31 ATMEGA32_Driver/SPI_Driver.o
 .comment       0x00000030       0x31 ATMEGA32_Driver/TIMER0_Driver.o
 .comment       0x00000030       0x31 ATMEGA32_Driver/USART_Driver.o
 .comment       0x00000030       0x31 HAL/HC_05_Bluetooth.o
 .comment       0x00000030       0x31 main.o

.note.gnu.avr.deviceinfo
                0x00000000       0x3c
 .note.gnu.avr.deviceinfo
                0x00000000       0x3c C:/Program Files (x86)/Atmel/Studio/7.0/Packs/atmel/ATmega_DFP/1.6.364/gcc/dev/atmega32/avr5/crtatmega32.o

.note.gnu.build-id
 *(.note.gnu.build-id)

.debug
 *(.debug)

.line
 *(.line)

.debug_srcinfo
 *(.debug_srcinfo)

.debug_sfnames
 *(.debug_sfnames)

.debug_aranges  0x00000000      0x2a8
 *(.debug_aranges)
 .debug_aranges
                0x00000000       0x40 ATMEGA32_Driver/EXTI_Driver.o
 .debug_aranges
                0x00000040       0x50 ATMEGA32_Driver/GPIO_Driver.o
 .debug_aranges
                0x00000090       0x60 ATMEGA32_Driver/I2C_Driver.o
 .debug_aranges
                0x000000f0       0x50 ATMEGA32_Driver/PWM_Driver.o
 .debug_aranges
                0x00000140       0x58 ATMEGA32_Driver/SPI_Driver.o
 .debug_aranges
                0x00000198       0x48 ATMEGA32_Driver/TIMER0_Driver.o
 .debug_aranges
                0x000001e0       0x60 ATMEGA32_Driver/USART_Driver.o
 .debug_aranges
                0x00000240       0x40 HAL/HC_05_Bluetooth.o
 .debug_aranges
                0x00000280       0x28 main.o

.debug_pubnames
 *(.debug_pubnames)

.debug_info     0x00000000     0x2485
 *(.debug_info .gnu.linkonce.wi.*)
 .debug_info    0x00000000      0x4e6 C:/Program Files (x86)/Atmel/Studio/7.0/Packs/atmel/ATmega_DFP/1.6.364/gcc/dev/atmega32/avr5/crtatmega32.o
 .debug_info    0x000004e6      0x293 ATMEGA32_Driver/EXTI_Driver.o
 .debug_info    0x00000779      0x28c ATMEGA32_Driver/GPIO_Driver.o
 .debug_info    0x00000a05      0x4fa ATMEGA32_Driver/I2C_Driver.o
 .debug_info    0x00000eff      0x40f ATMEGA32_Driver/PWM_Driver.o
 .debug_info    0x0000130e      0x4a9 ATMEGA32_Driver/SPI_Driver.o
 .debug_info    0x000017b7      0x297 ATMEGA32_Driver/TIMER0_Driver.o
 .debug_info    0x00001a4e      0x44c ATMEGA32_Driver/USART_Driver.o
 .debug_info    0x00001e9a      0x2fa HAL/HC_05_Bluetooth.o
 .debug_info    0x00002194      0x2f1 main.o

.debug_abbrev   0x00000000     0x10c2
 *(.debug_abbrev)
 .debug_abbrev  0x00000000      0x4a3 C:/Program Files (x86)/Atmel/Studio/7.0/Packs/atmel/ATmega_DFP/1.6.364/gcc/dev/atmega32/avr5/crtatmega32.o
 .debug_abbrev  0x000004a3      0x135 ATMEGA32_Driver/EXTI_Driver.o
 .debug_abbrev  0x000005d8       0xe8 ATMEGA32_Driver/GPIO_Driver.o
 .debug_abbrev  0x000006c0      0x1bd ATMEGA32_Driver/I2C_Driver.o
 .debug_abbrev  0x0000087d      0x17f ATMEGA32_Driver/PWM_Driver.o
 .debug_abbrev  0x000009fc      0x17a ATMEGA32_Driver/SPI_Driver.o
 .debug_abbrev  0x00000b76      0x15c ATMEGA32_Driver/TIMER0_Driver.o
 .debug_abbrev  0x00000cd2      0x1d9 ATMEGA32_Driver/USART_Driver.o
 .debug_abbrev  0x00000eab       0xe0 HAL/HC_05_Bluetooth.o
 .debug_abbrev  0x00000f8b      0x137 main.o

.debug_line     0x00000000     0x18d6
 *(.debug_line .debug_line.* .debug_line_end)
 .debug_line    0x00000000      0x116 C:/Program Files (x86)/Atmel/Studio/7.0/Packs/atmel/ATmega_DFP/1.6.364/gcc/dev/atmega32/avr5/crtatmega32.o
 .debug_line    0x00000116      0x298 ATMEGA32_Driver/EXTI_Driver.o
 .debug_line    0x000003ae      0x1c8 ATMEGA32_Driver/GPIO_Driver.o
 .debug_line    0x00000576      0x3ca ATMEGA32_Driver/I2C_Driver.o
 .debug_line    0x00000940      0x2b7 ATMEGA32_Driver/PWM_Driver.o
 .debug_line    0x00000bf7      0x326 ATMEGA32_Driver/SPI_Driver.o
 .debug_line    0x00000f1d      0x216 ATMEGA32_Driver/TIMER0_Driver.o
 .debug_line    0x00001133      0x4a1 ATMEGA32_Driver/USART_Driver.o
 .debug_line    0x000015d4      0x197 HAL/HC_05_Bluetooth.o
 .debug_line    0x0000176b      0x16b main.o

.debug_frame    0x00000000      0x924
 *(.debug_frame)
 .debug_frame   0x00000000      0x158 ATMEGA32_Driver/EXTI_Driver.o
 .debug_frame   0x00000158       0x84 ATMEGA32_Driver/GPIO_Driver.o
 .debug_frame   0x000001dc      0x124 ATMEGA32_Driver/I2C_Driver.o
 .debug_frame   0x00000300      0x180 ATMEGA32_Driver/PWM_Driver.o
 .debug_frame   0x00000480      0x120 ATMEGA32_Driver/SPI_Driver.o
 .debug_frame   0x000005a0      0x124 ATMEGA32_Driver/TIMER0_Driver.o
 .debug_frame   0x000006c4      0x1b8 ATMEGA32_Driver/USART_Driver.o
 .debug_frame   0x0000087c       0x64 HAL/HC_05_Bluetooth.o
 .debug_frame   0x000008e0       0x44 main.o

.debug_str      0x00000000      0xd4b
 *(.debug_str)
 .debug_str     0x00000000      0x196 C:/Program Files (x86)/Atmel/Studio/7.0/Packs/atmel/ATmega_DFP/1.6.364/gcc/dev/atmega32/avr5/crtatmega32.o
 .debug_str     0x00000196      0x22f ATMEGA32_Driver/EXTI_Driver.o
                                0x26e (size before relaxing)
 .debug_str     0x000003c5       0xb6 ATMEGA32_Driver/GPIO_Driver.o
                                0x246 (size before relaxing)
 .debug_str     0x0000047b      0x222 ATMEGA32_Driver/I2C_Driver.o
                                0x390 (size before relaxing)
 .debug_str     0x0000069d      0x1b7 ATMEGA32_Driver/PWM_Driver.o
                                0x385 (size before relaxing)
 .debug_str     0x00000854      0x172 ATMEGA32_Driver/SPI_Driver.o
                                0x358 (size before relaxing)
 .debug_str     0x000009c6      0x135 ATMEGA32_Driver/TIMER0_Driver.o
                                0x2e4 (size before relaxing)
 .debug_str     0x00000afb      0x15b ATMEGA32_Driver/USART_Driver.o
                                0x365 (size before relaxing)
 .debug_str     0x00000c56       0x95 HAL/HC_05_Bluetooth.o
                                0x302 (size before relaxing)
 .debug_str     0x00000ceb       0x60 main.o
                                0x27a (size before relaxing)

.debug_loc      0x00000000     0x167b
 *(.debug_loc)
 .debug_loc     0x00000000      0x2fb ATMEGA32_Driver/EXTI_Driver.o
 .debug_loc     0x000002fb       0xe1 ATMEGA32_Driver/GPIO_Driver.o
 .debug_loc     0x000003dc      0x476 ATMEGA32_Driver/I2C_Driver.o
 .debug_loc     0x00000852      0x36a ATMEGA32_Driver/PWM_Driver.o
 .debug_loc     0x00000bbc      0x268 ATMEGA32_Driver/SPI_Driver.o
 .debug_loc     0x00000e24      0x286 ATMEGA32_Driver/TIMER0_Driver.o
 .debug_loc     0x000010aa      0x4b7 ATMEGA32_Driver/USART_Driver.o
 .debug_loc     0x00001561       0xd2 HAL/HC_05_Bluetooth.o
 .debug_loc     0x00001633       0x48 main.o

.debug_macinfo
 *(.debug_macinfo)

.debug_weaknames
 *(.debug_weaknames)

.debug_funcnames
 *(.debug_funcnames)

.debug_typenames
 *(.debug_typenames)

.debug_varnames
 *(.debug_varnames)

.debug_pubtypes
 *(.debug_pubtypes)

.debug_ranges   0x00000000      0x218
 *(.debug_ranges)
 .debug_ranges  0x00000000       0x30 ATMEGA32_Driver/EXTI_Driver.o
 .debug_ranges  0x00000030       0x40 ATMEGA32_Driver/GPIO_Driver.o
 .debug_ranges  0x00000070       0x50 ATMEGA32_Driver/I2C_Driver.o
 .debug_ranges  0x000000c0       0x40 ATMEGA32_Driver/PWM_Driver.o
 .debug_ranges  0x00000100       0x48 ATMEGA32_Driver/SPI_Driver.o
 .debug_ranges  0x00000148       0x38 ATMEGA32_Driver/TIMER0_Driver.o
 .debug_ranges  0x00000180       0x50 ATMEGA32_Driver/USART_Driver.o
 .debug_ranges  0x000001d0       0x30 HAL/HC_05_Bluetooth.o
 .debug_ranges  0x00000200       0x18 main.o

.debug_macro
 *(.debug_macro)
OUTPUT(Atmega32_Drivers.elf elf32-avr)
LOAD linker stubs
