core_cm3.h:1641:22:__NVIC_SetPriority	16	static
core_cm3.h:1840:26:SysTick_Config	16	static
Cortex_Mx_Porting.c:11:6:HardFault_Handler	4	static
Cortex_Mx_Porting.c:16:6:MemManage_Handler	4	static
Cortex_Mx_Porting.c:21:6:vBusFault_Handler	4	static
Cortex_Mx_Porting.c:26:6:UsageFault_Handler	4	static
Cortex_Mx_Porting.c:31:27:SVC_Handler	0	static,ignoring_inline_asm
Cortex_Mx_Porting.c:40:6:HW_init	8	static
Cortex_Mx_Porting.c:54:6:trigger_OS_PendSV	4	static
Cortex_Mx_Porting.c:59:6:Start_Ticker	8	static
Cortex_Mx_Porting.c:71:6:SysTick_Handler	8	static
