stm32_f103c6_CAN.c:20:14:MCAL_CAN_Init	32	static
stm32_f103c6_CAN.c:264:6:MCAL_CAN_DeInit	4	static
stm32_f103c6_CAN.c:288:14:MCAL_CAN_Config_Filter	24	static
stm32_f103c6_CAN.c:411:14:MCAL_CAN_Start	4	static
stm32_f103c6_CAN.c:430:9:MCAL_CAN_Get_TX_Mailboxes_Empty	4	static
stm32_f103c6_CAN.c:452:14:MCAL_CAN_Add_TX_Message	40	static
stm32_f103c6_CAN.c:555:14:MCAL_CAN_Set_BaudRate	24	static
stm32_f103c6_CAN.c:584:14:MCAL_CAN_Abort_TX_Message	24	static
stm32_f103c6_CAN.c:629:14:MCAL_CAN_TX_Message_Pending	24	static
stm32_f103c6_CAN.c:697:14:MCAL_CAN_Receive_Message	24	static
stm32_f103c6_CAN.c:806:14:MCAL_CAN_Get_Receive_Message	32	static
stm32_f103c6_CAN.c:883:6:MCAL_CAN_Request_Sleep	4	static
stm32_f103c6_CAN.c:905:12:MCAL_CAN_Get_Mode	16	static
stm32_f103c6_CAN.c:929:6:USB_HP_CAN_TX_IRQHandler	8	static
stm32_f103c6_CAN.c:978:6:USB_LP_CAN_RX0_IRQHandler	8	static
stm32_f103c6_CAN.c:1023:6:CAN_RX1_IRQHandler	8	static
stm32_f103c6_CAN.c:1068:6:CAN_SCE_IRQHandler	8	static
stm32_f103c6_CAN.c:1189:28:MCAL_CAN_Error_Bus_Off_Callback	4	static
stm32_f103c6_CAN.c:1194:28:MCAL_CAN_Error_Passive_Callback	4	static
stm32_f103c6_CAN.c:1199:28:MCAL_CAN_Error_Warning_Callback	4	static
stm32_f103c6_CAN.c:1203:28:MCAL_CAN_Error_Stuff_Callback	4	static
stm32_f103c6_CAN.c:1207:28:MCAL_CAN_Error_Form_Callback	4	static
stm32_f103c6_CAN.c:1211:28:MCAL_CAN_Error_Bit_Recessive_Callback	4	static
stm32_f103c6_CAN.c:1215:28:MCAL_CAN_Error_Bit_Dominant_Callback	4	static
stm32_f103c6_CAN.c:1219:28:MCAL_CAN_Error_Acknowledgment_Callback	4	static
stm32_f103c6_CAN.c:1223:28:MCAL_CAN_Error_CRC__Callback	4	static
stm32_f103c6_CAN.c:1227:28:MCAL_CAN_Mailbox_0_Empty_Callback	4	static
stm32_f103c6_CAN.c:1231:28:MCAL_CAN_Mailbox_1_Empty_Callback	4	static
stm32_f103c6_CAN.c:1235:28:MCAL_CAN_Mailbox_2_Empty_Callback	4	static
stm32_f103c6_CAN.c:1239:28:MCAL_CAN_FIFO_0_Receive_Callback	4	static
stm32_f103c6_CAN.c:1243:28:MCAL_CAN_FIFO_0_Full_Callback	4	static
stm32_f103c6_CAN.c:1247:28:MCAL_CAN_FIFO_0_Overrun_Callback	4	static
stm32_f103c6_CAN.c:1251:28:MCAL_CAN_FIFO_1_Receive_Callback	4	static
stm32_f103c6_CAN.c:1255:28:MCAL_CAN_FIFO_1_Full_Callback	4	static
stm32_f103c6_CAN.c:1259:28:MCAL_CAN_FIFO_1_Overrun_Callback	4	static
