stm32_f103c6_EXTI.c:42:6:Enable_NVIC	16	static
stm32_f103c6_EXTI.c:79:6:Disable_NVIC	16	static
stm32_f103c6_EXTI.c:119:6:Configuration_EXTI	24	static
stm32_f103c6_EXTI.c:194:6:MCAL_EXTI_GPIO_Init	16	static
stm32_f103c6_EXTI.c:209:6:MCAL_EXTI_GPIO_DeInit	4	static
stm32_f103c6_EXTI.c:240:6:MCAL_EXTI_GPIO_Update	16	static
stm32_f103c6_EXTI.c:255:6:EXTI0_IRQHandler	8	static
stm32_f103c6_EXTI.c:263:6:EXTI1_IRQHandler	8	static
stm32_f103c6_EXTI.c:271:6:EXTI2_IRQHandler	8	static
stm32_f103c6_EXTI.c:279:6:EXTI3_IRQHandler	8	static
stm32_f103c6_EXTI.c:287:6:EXTI4_IRQHandler	8	static
stm32_f103c6_EXTI.c:296:6:EXTI9_5_IRQHandler	8	static
stm32_f103c6_EXTI.c:306:6:EXTI15_10_IRQHandler	8	static
