Archive member included to satisfy reference by file (symbol)

c:/program files (x86)/atmel/studio/7.0/toolchain/avr8/avr8-gnu-toolchain/bin/../lib/gcc/avr/5.4.0/../../../../avr/lib/avr5\libm.a(addsf3.o)
                              ATMEGA32_Driver/USART_Driver.o (__subsf3)
c:/program files (x86)/atmel/studio/7.0/toolchain/avr8/avr8-gnu-toolchain/bin/../lib/gcc/avr/5.4.0/../../../../avr/lib/avr5\libm.a(addsf3x.o)
                              c:/program files (x86)/atmel/studio/7.0/toolchain/avr8/avr8-gnu-toolchain/bin/../lib/gcc/avr/5.4.0/../../../../avr/lib/avr5\libm.a(addsf3.o) (__addsf3x)
c:/program files (x86)/atmel/studio/7.0/toolchain/avr8/avr8-gnu-toolchain/bin/../lib/gcc/avr/5.4.0/../../../../avr/lib/avr5\libm.a(divsf3.o)
                              ATMEGA32_Driver/USART_Driver.o (__divsf3)
c:/program files (x86)/atmel/studio/7.0/toolchain/avr8/avr8-gnu-toolchain/bin/../lib/gcc/avr/5.4.0/../../../../avr/lib/avr5\libm.a(divsf3x.o)
                              c:/program files (x86)/atmel/studio/7.0/toolchain/avr8/avr8-gnu-toolchain/bin/../lib/gcc/avr/5.4.0/../../../../avr/lib/avr5\libm.a(divsf3.o) (__divsf3x)
c:/program files (x86)/atmel/studio/7.0/toolchain/avr8/avr8-gnu-toolchain/bin/../lib/gcc/avr/5.4.0/../../../../avr/lib/avr5\libm.a(fixunssfsi.o)
                              ATMEGA32_Driver/USART_Driver.o (__fixunssfsi)
c:/program files (x86)/atmel/studio/7.0/toolchain/avr8/avr8-gnu-toolchain/bin/../lib/gcc/avr/5.4.0/../../../../avr/lib/avr5\libm.a(floatsisf.o)
                              ATMEGA32_Driver/USART_Driver.o (__floatunsisf)
c:/program files (x86)/atmel/studio/7.0/toolchain/avr8/avr8-gnu-toolchain/bin/../lib/gcc/avr/5.4.0/../../../../avr/lib/avr5\libm.a(fp_inf.o)
                              c:/program files (x86)/atmel/studio/7.0/toolchain/avr8/avr8-gnu-toolchain/bin/../lib/gcc/avr/5.4.0/../../../../avr/lib/avr5\libm.a(addsf3x.o) (__fp_inf)
c:/program files (x86)/atmel/studio/7.0/toolchain/avr8/avr8-gnu-toolchain/bin/../lib/gcc/avr/5.4.0/../../../../avr/lib/avr5\libm.a(fp_nan.o)
                              c:/program files (x86)/atmel/studio/7.0/toolchain/avr8/avr8-gnu-toolchain/bin/../lib/gcc/avr/5.4.0/../../../../avr/lib/avr5\libm.a(addsf3x.o) (__fp_nan)
c:/program files (x86)/atmel/studio/7.0/toolchain/avr8/avr8-gnu-toolchain/bin/../lib/gcc/avr/5.4.0/../../../../avr/lib/avr5\libm.a(fp_pscA.o)
                              c:/program files (x86)/atmel/studio/7.0/toolchain/avr8/avr8-gnu-toolchain/bin/../lib/gcc/avr/5.4.0/../../../../avr/lib/avr5\libm.a(addsf3x.o) (__fp_pscA)
c:/program files (x86)/atmel/studio/7.0/toolchain/avr8/avr8-gnu-toolchain/bin/../lib/gcc/avr/5.4.0/../../../../avr/lib/avr5\libm.a(fp_pscB.o)
                              c:/program files (x86)/atmel/studio/7.0/toolchain/avr8/avr8-gnu-toolchain/bin/../lib/gcc/avr/5.4.0/../../../../avr/lib/avr5\libm.a(addsf3x.o) (__fp_pscB)
c:/program files (x86)/atmel/studio/7.0/toolchain/avr8/avr8-gnu-toolchain/bin/../lib/gcc/avr/5.4.0/../../../../avr/lib/avr5\libm.a(fp_round.o)
                              c:/program files (x86)/atmel/studio/7.0/toolchain/avr8/avr8-gnu-toolchain/bin/../lib/gcc/avr/5.4.0/../../../../avr/lib/avr5\libm.a(addsf3.o) (__fp_round)
c:/program files (x86)/atmel/studio/7.0/toolchain/avr8/avr8-gnu-toolchain/bin/../lib/gcc/avr/5.4.0/../../../../avr/lib/avr5\libm.a(fp_split3.o)
                              c:/program files (x86)/atmel/studio/7.0/toolchain/avr8/avr8-gnu-toolchain/bin/../lib/gcc/avr/5.4.0/../../../../avr/lib/avr5\libm.a(addsf3x.o) (__fp_split3)
c:/program files (x86)/atmel/studio/7.0/toolchain/avr8/avr8-gnu-toolchain/bin/../lib/gcc/avr/5.4.0/../../../../avr/lib/avr5\libm.a(fp_zero.o)
                              c:/program files (x86)/atmel/studio/7.0/toolchain/avr8/avr8-gnu-toolchain/bin/../lib/gcc/avr/5.4.0/../../../../avr/lib/avr5\libm.a(addsf3x.o) (__fp_zero)
c:/program files (x86)/atmel/studio/7.0/toolchain/avr8/avr8-gnu-toolchain/bin/../lib/gcc/avr/5.4.0/../../../../avr/lib/avr5\libm.a(mulsf3.o)
                              ATMEGA32_Driver/USART_Driver.o (__mulsf3)
c:/program files (x86)/atmel/studio/7.0/toolchain/avr8/avr8-gnu-toolchain/bin/../lib/gcc/avr/5.4.0/../../../../avr/lib/avr5\libm.a(mulsf3x.o)
                              c:/program files (x86)/atmel/studio/7.0/toolchain/avr8/avr8-gnu-toolchain/bin/../lib/gcc/avr/5.4.0/../../../../avr/lib/avr5\libm.a(mulsf3.o) (__mulsf3x)
c:/program files (x86)/atmel/studio/7.0/toolchain/avr8/avr8-gnu-toolchain/bin/../lib/gcc/avr/5.4.0/avr5\libgcc.a(_udivmodsi4.o)
                              ATMEGA32_Driver/I2C_Driver.o (__udivmodsi4)
c:/program files (x86)/atmel/studio/7.0/toolchain/avr8/avr8-gnu-toolchain/bin/../lib/gcc/avr/5.4.0/avr5\libgcc.a(_exit.o)
                              C:/Program Files (x86)/Atmel/Studio/7.0/Packs/atmel/ATmega_DFP/1.6.364/gcc/dev/atmega32/avr5/crtatmega32.o (exit)
c:/program files (x86)/atmel/studio/7.0/toolchain/avr8/avr8-gnu-toolchain/bin/../lib/gcc/avr/5.4.0/avr5\libgcc.a(_tablejump2.o)
                              ATMEGA32_Driver/I2C_Driver.o (__tablejump2__)
c:/program files (x86)/atmel/studio/7.0/toolchain/avr8/avr8-gnu-toolchain/bin/../lib/gcc/avr/5.4.0/avr5\libgcc.a(_copy_data.o)
                              main.o (__do_copy_data)
c:/program files (x86)/atmel/studio/7.0/toolchain/avr8/avr8-gnu-toolchain/bin/../lib/gcc/avr/5.4.0/avr5\libgcc.a(_clear_bss.o)
                              ATMEGA32_Driver/EXTI_Driver.o (__do_clear_bss)

Allocating common symbols
Common symbol       size              file

GPU_IRQ_CALL        0x6               ATMEGA32_Driver/USART_Driver.o
pinconfig           0x2               HAL/DHT11.o
GP_IRQ_CALL         0x6               ATMEGA32_Driver/EXTI_Driver.o

Discarded input sections

 .data          0x00000000        0x0 C:/Program Files (x86)/Atmel/Studio/7.0/Packs/atmel/ATmega_DFP/1.6.364/gcc/dev/atmega32/avr5/crtatmega32.o
 .bss           0x00000000        0x0 C:/Program Files (x86)/Atmel/Studio/7.0/Packs/atmel/ATmega_DFP/1.6.364/gcc/dev/atmega32/avr5/crtatmega32.o
 .text          0x00000000        0x0 ATMEGA32_Driver/EXTI_Driver.o
 .data          0x00000000        0x0 ATMEGA32_Driver/EXTI_Driver.o
 .bss           0x00000000        0x0 ATMEGA32_Driver/EXTI_Driver.o
 .text.MCAL_EXTI_GPIO_Init
                0x00000000      0x17e ATMEGA32_Driver/EXTI_Driver.o
 .text.MCAL_EXTI_GPIO_DeInit
                0x00000000       0x26 ATMEGA32_Driver/EXTI_Driver.o
 .text          0x00000000        0x0 ATMEGA32_Driver/GPIO_Driver.o
 .data          0x00000000        0x0 ATMEGA32_Driver/GPIO_Driver.o
 .bss           0x00000000        0x0 ATMEGA32_Driver/GPIO_Driver.o
 .text.MCAL_GPIO_Init
                0x00000000       0x50 ATMEGA32_Driver/GPIO_Driver.o
 .text.MCAL_GPIO_DeInit
                0x00000000        0x8 ATMEGA32_Driver/GPIO_Driver.o
 .text.MCAL_GPIO_ReadPin
                0x00000000        0xc ATMEGA32_Driver/GPIO_Driver.o
 .text.MCAL_GPIO_ReadPort
                0x00000000        0x8 ATMEGA32_Driver/GPIO_Driver.o
 .text.MCAL_GPIO_WritePin
                0x00000000       0x1e ATMEGA32_Driver/GPIO_Driver.o
 .text.MCAL_GPIO_WritePort
                0x00000000        0x6 ATMEGA32_Driver/GPIO_Driver.o
 .text.MCAL_GPIO_TogglePin
                0x00000000        0xa ATMEGA32_Driver/GPIO_Driver.o
 .debug_info    0x00000000      0x28c ATMEGA32_Driver/GPIO_Driver.o
 .debug_abbrev  0x00000000       0xe8 ATMEGA32_Driver/GPIO_Driver.o
 .debug_loc     0x00000000       0xe1 ATMEGA32_Driver/GPIO_Driver.o
 .debug_aranges
                0x00000000       0x50 ATMEGA32_Driver/GPIO_Driver.o
 .debug_ranges  0x00000000       0x40 ATMEGA32_Driver/GPIO_Driver.o
 .debug_line    0x00000000      0x1c8 ATMEGA32_Driver/GPIO_Driver.o
 .debug_str     0x00000000      0x246 ATMEGA32_Driver/GPIO_Driver.o
 .comment       0x00000000       0x31 ATMEGA32_Driver/GPIO_Driver.o
 .debug_frame   0x00000000       0x84 ATMEGA32_Driver/GPIO_Driver.o
 .text          0x00000000        0x0 ATMEGA32_Driver/I2C_Driver.o
 .data          0x00000000        0x0 ATMEGA32_Driver/I2C_Driver.o
 .bss           0x00000000        0x0 ATMEGA32_Driver/I2C_Driver.o
 .text.MCAL_I2C_Slave_TX
                0x00000000       0x36 ATMEGA32_Driver/I2C_Driver.o
 .text.MCAL_I2C_Slave_RX
                0x00000000       0x2c ATMEGA32_Driver/I2C_Driver.o
 .text          0x00000000        0x0 ATMEGA32_Driver/PWM_Driver.o
 .data          0x00000000        0x0 ATMEGA32_Driver/PWM_Driver.o
 .bss           0x00000000        0x0 ATMEGA32_Driver/PWM_Driver.o
 .text.MCAL_PWM_Init
                0x00000000       0xfe ATMEGA32_Driver/PWM_Driver.o
 .text.MCAL_PWM_DInit
                0x00000000       0x14 ATMEGA32_Driver/PWM_Driver.o
 .text.MCAL_PWM_Set_Compare_Value
                0x00000000       0x10 ATMEGA32_Driver/PWM_Driver.o
 .text.MCAL_PWM_Set_TOP_Value
                0x00000000        0x6 ATMEGA32_Driver/PWM_Driver.o
 .text          0x00000000        0x0 ATMEGA32_Driver/SPI_Driver.o
 .data          0x00000000        0x0 ATMEGA32_Driver/SPI_Driver.o
 .bss           0x00000000        0x0 ATMEGA32_Driver/SPI_Driver.o
 .text.MCAL_SPI_Init
                0x00000000       0xaa ATMEGA32_Driver/SPI_Driver.o
 .text.MCAL_SPI_DeInit
                0x00000000        0xc ATMEGA32_Driver/SPI_Driver.o
 .text.MCAL_SPI_ReceiveData
                0x00000000       0x10 ATMEGA32_Driver/SPI_Driver.o
 .text.MCAL_SPI_SendData
                0x00000000       0x10 ATMEGA32_Driver/SPI_Driver.o
 .text.MCAL_SPI_Receive_Send_Data
                0x00000000       0x1c ATMEGA32_Driver/SPI_Driver.o
 .text.MCAL_SPI_Set_Master_Pin
                0x00000000       0x6c ATMEGA32_Driver/SPI_Driver.o
 .text.MCAL_SPI_Set_Slave_Pin
                0x00000000       0x6c ATMEGA32_Driver/SPI_Driver.o
 .text          0x00000000        0x0 ATMEGA32_Driver/TIMER0_Driver.o
 .data          0x00000000        0x0 ATMEGA32_Driver/TIMER0_Driver.o
 .bss           0x00000000        0x0 ATMEGA32_Driver/TIMER0_Driver.o
 .text.MCAL_TIMER0_Init
                0x00000000       0xa2 ATMEGA32_Driver/TIMER0_Driver.o
 .text.MCAL_TIMER0_Set_Compare_Value
                0x00000000        0x4 ATMEGA32_Driver/TIMER0_Driver.o
 .text.MCAL_TIMER0_Read_Compare_Value
                0x00000000        0x4 ATMEGA32_Driver/TIMER0_Driver.o
 .text.MCAL_TIMER0_Read_Counter_Value
                0x00000000        0x4 ATMEGA32_Driver/TIMER0_Driver.o
 .text          0x00000000        0x0 ATMEGA32_Driver/USART_Driver.o
 .data          0x00000000        0x0 ATMEGA32_Driver/USART_Driver.o
 .bss           0x00000000        0x0 ATMEGA32_Driver/USART_Driver.o
 .text.MCAL_USART_Init
                0x00000000      0x304 ATMEGA32_Driver/USART_Driver.o
 .text.MCAL_USART_ReceiveData
                0x00000000       0x58 ATMEGA32_Driver/USART_Driver.o
 .text.MCAL_USART_SendData
                0x00000000       0x60 ATMEGA32_Driver/USART_Driver.o
 .text.MCAL_USART_Send_String
                0x00000000       0x32 ATMEGA32_Driver/USART_Driver.o
 .text.MCAL_USART_Receive_String
                0x00000000       0x36 ATMEGA32_Driver/USART_Driver.o
 .text.MCAL_USART_DeInit
                0x00000000       0x1e ATMEGA32_Driver/USART_Driver.o
 .bss.g_USART_Config
                0x00000000        0x2 ATMEGA32_Driver/USART_Driver.o
 .text          0x00000000        0x0 HAL/DHT11.o
 .data          0x00000000        0x0 HAL/DHT11.o
 .bss           0x00000000        0x0 HAL/DHT11.o
 .text.Request  0x00000000       0x3c HAL/DHT11.o
 .text.Response
                0x00000000       0x42 HAL/DHT11.o
 .text.Receive_data
                0x00000000       0x60 HAL/DHT11.o
 .bss.buffer    0x00000000        0x1 HAL/DHT11.o
 .debug_info    0x00000000      0x3c2 HAL/DHT11.o
 .debug_abbrev  0x00000000      0x172 HAL/DHT11.o
 .debug_loc     0x00000000       0xcb HAL/DHT11.o
 .debug_aranges
                0x00000000       0x30 HAL/DHT11.o
 .debug_ranges  0x00000000       0x20 HAL/DHT11.o
 .debug_line    0x00000000      0x20e HAL/DHT11.o
 .debug_str     0x00000000      0x247 HAL/DHT11.o
 .comment       0x00000000       0x31 HAL/DHT11.o
 .debug_frame   0x00000000       0x4c HAL/DHT11.o
 COMMON         0x00000000        0x2 HAL/DHT11.o
 .text          0x00000000        0x0 HAL/EEPROM.o
 .data          0x00000000        0x0 HAL/EEPROM.o
 .bss           0x00000000        0x0 HAL/EEPROM.o
 .text          0x00000000        0x0 HAL/LCD.o
 .data          0x00000000        0x0 HAL/LCD.o
 .bss           0x00000000        0x0 HAL/LCD.o
 .text.LCD_cmd  0x00000000       0x9c HAL/LCD.o
 .text.LCD_init
                0x00000000      0x140 HAL/LCD.o
 .text.lcd_Clear
                0x00000000       0x1a HAL/LCD.o
 .text.GOTO_XY  0x00000000       0x24 HAL/LCD.o
 .text.LCD_Character
                0x00000000       0x9c HAL/LCD.o
 .text.LCD_String
                0x00000000       0x64 HAL/LCD.o
 .debug_info    0x00000000      0xa7a HAL/LCD.o
 .debug_abbrev  0x00000000      0x1ad HAL/LCD.o
 .debug_loc     0x00000000      0x4fd HAL/LCD.o
 .debug_aranges
                0x00000000       0x48 HAL/LCD.o
 .debug_ranges  0x00000000       0x38 HAL/LCD.o
 .debug_line    0x00000000      0x405 HAL/LCD.o
 .debug_str     0x00000000      0x285 HAL/LCD.o
 .comment       0x00000000       0x31 HAL/LCD.o
 .debug_frame   0x00000000       0xbc HAL/LCD.o
 .text          0x00000000        0x0 HAL/Servo_Motor.o
 .data          0x00000000        0x0 HAL/Servo_Motor.o
 .bss           0x00000000        0x0 HAL/Servo_Motor.o
 .text.Servo_Init
                0x00000000       0x5a HAL/Servo_Motor.o
 .text.My_Servo
                0x00000000       0x4c HAL/Servo_Motor.o
 .text.Servo_DInit
                0x00000000        0x6 HAL/Servo_Motor.o
 .debug_info    0x00000000      0x232 HAL/Servo_Motor.o
 .debug_abbrev  0x00000000      0x131 HAL/Servo_Motor.o
 .debug_loc     0x00000000       0xa7 HAL/Servo_Motor.o
 .debug_aranges
                0x00000000       0x30 HAL/Servo_Motor.o
 .debug_ranges  0x00000000       0x20 HAL/Servo_Motor.o
 .debug_line    0x00000000      0x151 HAL/Servo_Motor.o
 .debug_str     0x00000000      0x29c HAL/Servo_Motor.o
 .comment       0x00000000       0x31 HAL/Servo_Motor.o
 .debug_frame   0x00000000       0x54 HAL/Servo_Motor.o
 .text          0x00000000        0x0 main.o
 .data          0x00000000        0x0 main.o
 .bss           0x00000000        0x0 main.o
 .text.TIMER0_CALL
                0x00000000        0xc main.o
 .text          0x00000000        0x0 c:/program files (x86)/atmel/studio/7.0/toolchain/avr8/avr8-gnu-toolchain/bin/../lib/gcc/avr/5.4.0/../../../../avr/lib/avr5\libm.a(addsf3.o)
 .data          0x00000000        0x0 c:/program files (x86)/atmel/studio/7.0/toolchain/avr8/avr8-gnu-toolchain/bin/../lib/gcc/avr/5.4.0/../../../../avr/lib/avr5\libm.a(addsf3.o)
 .bss           0x00000000        0x0 c:/program files (x86)/atmel/studio/7.0/toolchain/avr8/avr8-gnu-toolchain/bin/../lib/gcc/avr/5.4.0/../../../../avr/lib/avr5\libm.a(addsf3.o)
 .text.avr-libc.fplib
                0x00000000        0xe c:/program files (x86)/atmel/studio/7.0/toolchain/avr8/avr8-gnu-toolchain/bin/../lib/gcc/avr/5.4.0/../../../../avr/lib/avr5\libm.a(addsf3.o)
 .text          0x00000000        0x0 c:/program files (x86)/atmel/studio/7.0/toolchain/avr8/avr8-gnu-toolchain/bin/../lib/gcc/avr/5.4.0/../../../../avr/lib/avr5\libm.a(addsf3x.o)
 .data          0x00000000        0x0 c:/program files (x86)/atmel/studio/7.0/toolchain/avr8/avr8-gnu-toolchain/bin/../lib/gcc/avr/5.4.0/../../../../avr/lib/avr5\libm.a(addsf3x.o)
 .bss           0x00000000        0x0 c:/program files (x86)/atmel/studio/7.0/toolchain/avr8/avr8-gnu-toolchain/bin/../lib/gcc/avr/5.4.0/../../../../avr/lib/avr5\libm.a(addsf3x.o)
 .text.avr-libc.fplib
                0x00000000       0xcc c:/program files (x86)/atmel/studio/7.0/toolchain/avr8/avr8-gnu-toolchain/bin/../lib/gcc/avr/5.4.0/../../../../avr/lib/avr5\libm.a(addsf3x.o)
 .text          0x00000000        0x0 c:/program files (x86)/atmel/studio/7.0/toolchain/avr8/avr8-gnu-toolchain/bin/../lib/gcc/avr/5.4.0/../../../../avr/lib/avr5\libm.a(divsf3.o)
 .data          0x00000000        0x0 c:/program files (x86)/atmel/studio/7.0/toolchain/avr8/avr8-gnu-toolchain/bin/../lib/gcc/avr/5.4.0/../../../../avr/lib/avr5\libm.a(divsf3.o)
 .bss           0x00000000        0x0 c:/program files (x86)/atmel/studio/7.0/toolchain/avr8/avr8-gnu-toolchain/bin/../lib/gcc/avr/5.4.0/../../../../avr/lib/avr5\libm.a(divsf3.o)
 .text.avr-libc.fplib
                0x00000000        0x8 c:/program files (x86)/atmel/studio/7.0/toolchain/avr8/avr8-gnu-toolchain/bin/../lib/gcc/avr/5.4.0/../../../../avr/lib/avr5\libm.a(divsf3.o)
 .text          0x00000000        0x0 c:/program files (x86)/atmel/studio/7.0/toolchain/avr8/avr8-gnu-toolchain/bin/../lib/gcc/avr/5.4.0/../../../../avr/lib/avr5\libm.a(divsf3x.o)
 .data          0x00000000        0x0 c:/program files (x86)/atmel/studio/7.0/toolchain/avr8/avr8-gnu-toolchain/bin/../lib/gcc/avr/5.4.0/../../../../avr/lib/avr5\libm.a(divsf3x.o)
 .bss           0x00000000        0x0 c:/program files (x86)/atmel/studio/7.0/toolchain/avr8/avr8-gnu-toolchain/bin/../lib/gcc/avr/5.4.0/../../../../avr/lib/avr5\libm.a(divsf3x.o)
 .text.avr-libc.fplib
                0x00000000       0xdc c:/program files (x86)/atmel/studio/7.0/toolchain/avr8/avr8-gnu-toolchain/bin/../lib/gcc/avr/5.4.0/../../../../avr/lib/avr5\libm.a(divsf3x.o)
 .text          0x00000000        0x0 c:/program files (x86)/atmel/studio/7.0/toolchain/avr8/avr8-gnu-toolchain/bin/../lib/gcc/avr/5.4.0/../../../../avr/lib/avr5\libm.a(fixunssfsi.o)
 .data          0x00000000        0x0 c:/program files (x86)/atmel/studio/7.0/toolchain/avr8/avr8-gnu-toolchain/bin/../lib/gcc/avr/5.4.0/../../../../avr/lib/avr5\libm.a(fixunssfsi.o)
 .bss           0x00000000        0x0 c:/program files (x86)/atmel/studio/7.0/toolchain/avr8/avr8-gnu-toolchain/bin/../lib/gcc/avr/5.4.0/../../../../avr/lib/avr5\libm.a(fixunssfsi.o)
 .text.avr-libc.fplib
                0x00000000       0x5e c:/program files (x86)/atmel/studio/7.0/toolchain/avr8/avr8-gnu-toolchain/bin/../lib/gcc/avr/5.4.0/../../../../avr/lib/avr5\libm.a(fixunssfsi.o)
 .text          0x00000000        0x0 c:/program files (x86)/atmel/studio/7.0/toolchain/avr8/avr8-gnu-toolchain/bin/../lib/gcc/avr/5.4.0/../../../../avr/lib/avr5\libm.a(floatsisf.o)
 .data          0x00000000        0x0 c:/program files (x86)/atmel/studio/7.0/toolchain/avr8/avr8-gnu-toolchain/bin/../lib/gcc/avr/5.4.0/../../../../avr/lib/avr5\libm.a(floatsisf.o)
 .bss           0x00000000        0x0 c:/program files (x86)/atmel/studio/7.0/toolchain/avr8/avr8-gnu-toolchain/bin/../lib/gcc/avr/5.4.0/../../../../avr/lib/avr5\libm.a(floatsisf.o)
 .text.avr-libc.fplib
                0x00000000       0x7a c:/program files (x86)/atmel/studio/7.0/toolchain/avr8/avr8-gnu-toolchain/bin/../lib/gcc/avr/5.4.0/../../../../avr/lib/avr5\libm.a(floatsisf.o)
 .text          0x00000000        0x0 c:/program files (x86)/atmel/studio/7.0/toolchain/avr8/avr8-gnu-toolchain/bin/../lib/gcc/avr/5.4.0/../../../../avr/lib/avr5\libm.a(fp_inf.o)
 .data          0x00000000        0x0 c:/program files (x86)/atmel/studio/7.0/toolchain/avr8/avr8-gnu-toolchain/bin/../lib/gcc/avr/5.4.0/../../../../avr/lib/avr5\libm.a(fp_inf.o)
 .bss           0x00000000        0x0 c:/program files (x86)/atmel/studio/7.0/toolchain/avr8/avr8-gnu-toolchain/bin/../lib/gcc/avr/5.4.0/../../../../avr/lib/avr5\libm.a(fp_inf.o)
 .text.avr-libc.fplib
                0x00000000        0xc c:/program files (x86)/atmel/studio/7.0/toolchain/avr8/avr8-gnu-toolchain/bin/../lib/gcc/avr/5.4.0/../../../../avr/lib/avr5\libm.a(fp_inf.o)
 .text          0x00000000        0x0 c:/program files (x86)/atmel/studio/7.0/toolchain/avr8/avr8-gnu-toolchain/bin/../lib/gcc/avr/5.4.0/../../../../avr/lib/avr5\libm.a(fp_nan.o)
 .data          0x00000000        0x0 c:/program files (x86)/atmel/studio/7.0/toolchain/avr8/avr8-gnu-toolchain/bin/../lib/gcc/avr/5.4.0/../../../../avr/lib/avr5\libm.a(fp_nan.o)
 .bss           0x00000000        0x0 c:/program files (x86)/atmel/studio/7.0/toolchain/avr8/avr8-gnu-toolchain/bin/../lib/gcc/avr/5.4.0/../../../../avr/lib/avr5\libm.a(fp_nan.o)
 .text.avr-libc.fplib
                0x00000000        0x6 c:/program files (x86)/atmel/studio/7.0/toolchain/avr8/avr8-gnu-toolchain/bin/../lib/gcc/avr/5.4.0/../../../../avr/lib/avr5\libm.a(fp_nan.o)
 .text          0x00000000        0x0 c:/program files (x86)/atmel/studio/7.0/toolchain/avr8/avr8-gnu-toolchain/bin/../lib/gcc/avr/5.4.0/../../../../avr/lib/avr5\libm.a(fp_pscA.o)
 .data          0x00000000        0x0 c:/program files (x86)/atmel/studio/7.0/toolchain/avr8/avr8-gnu-toolchain/bin/../lib/gcc/avr/5.4.0/../../../../avr/lib/avr5\libm.a(fp_pscA.o)
 .bss           0x00000000        0x0 c:/program files (x86)/atmel/studio/7.0/toolchain/avr8/avr8-gnu-toolchain/bin/../lib/gcc/avr/5.4.0/../../../../avr/lib/avr5\libm.a(fp_pscA.o)
 .text.avr-libc.fplib
                0x00000000        0xe c:/program files (x86)/atmel/studio/7.0/toolchain/avr8/avr8-gnu-toolchain/bin/../lib/gcc/avr/5.4.0/../../../../avr/lib/avr5\libm.a(fp_pscA.o)
 .text          0x00000000        0x0 c:/program files (x86)/atmel/studio/7.0/toolchain/avr8/avr8-gnu-toolchain/bin/../lib/gcc/avr/5.4.0/../../../../avr/lib/avr5\libm.a(fp_pscB.o)
 .data          0x00000000        0x0 c:/program files (x86)/atmel/studio/7.0/toolchain/avr8/avr8-gnu-toolchain/bin/../lib/gcc/avr/5.4.0/../../../../avr/lib/avr5\libm.a(fp_pscB.o)
 .bss           0x00000000        0x0 c:/program files (x86)/atmel/studio/7.0/toolchain/avr8/avr8-gnu-toolchain/bin/../lib/gcc/avr/5.4.0/../../../../avr/lib/avr5\libm.a(fp_pscB.o)
 .text.avr-libc.fplib
                0x00000000        0xe c:/program files (x86)/atmel/studio/7.0/toolchain/avr8/avr8-gnu-toolchain/bin/../lib/gcc/avr/5.4.0/../../../../avr/lib/avr5\libm.a(fp_pscB.o)
 .text          0x00000000        0x0 c:/program files (x86)/atmel/studio/7.0/toolchain/avr8/avr8-gnu-toolchain/bin/../lib/gcc/avr/5.4.0/../../../../avr/lib/avr5\libm.a(fp_round.o)
 .data          0x00000000        0x0 c:/program files (x86)/atmel/studio/7.0/toolchain/avr8/avr8-gnu-toolchain/bin/../lib/gcc/avr/5.4.0/../../../../avr/lib/avr5\libm.a(fp_round.o)
 .bss           0x00000000        0x0 c:/program files (x86)/atmel/studio/7.0/toolchain/avr8/avr8-gnu-toolchain/bin/../lib/gcc/avr/5.4.0/../../../../avr/lib/avr5\libm.a(fp_round.o)
 .text.avr-libc.fplib
                0x00000000       0x22 c:/program files (x86)/atmel/studio/7.0/toolchain/avr8/avr8-gnu-toolchain/bin/../lib/gcc/avr/5.4.0/../../../../avr/lib/avr5\libm.a(fp_round.o)
 .text          0x00000000        0x0 c:/program files (x86)/atmel/studio/7.0/toolchain/avr8/avr8-gnu-toolchain/bin/../lib/gcc/avr/5.4.0/../../../../avr/lib/avr5\libm.a(fp_split3.o)
 .data          0x00000000        0x0 c:/program files (x86)/atmel/studio/7.0/toolchain/avr8/avr8-gnu-toolchain/bin/../lib/gcc/avr/5.4.0/../../../../avr/lib/avr5\libm.a(fp_split3.o)
 .bss           0x00000000        0x0 c:/program files (x86)/atmel/studio/7.0/toolchain/avr8/avr8-gnu-toolchain/bin/../lib/gcc/avr/5.4.0/../../../../avr/lib/avr5\libm.a(fp_split3.o)
 .text.avr-libc.fplib
                0x00000000       0x44 c:/program files (x86)/atmel/studio/7.0/toolchain/avr8/avr8-gnu-toolchain/bin/../lib/gcc/avr/5.4.0/../../../../avr/lib/avr5\libm.a(fp_split3.o)
 .text          0x00000000        0x0 c:/program files (x86)/atmel/studio/7.0/toolchain/avr8/avr8-gnu-toolchain/bin/../lib/gcc/avr/5.4.0/../../../../avr/lib/avr5\libm.a(fp_zero.o)
 .data          0x00000000        0x0 c:/program files (x86)/atmel/studio/7.0/toolchain/avr8/avr8-gnu-toolchain/bin/../lib/gcc/avr/5.4.0/../../../../avr/lib/avr5\libm.a(fp_zero.o)
 .bss           0x00000000        0x0 c:/program files (x86)/atmel/studio/7.0/toolchain/avr8/avr8-gnu-toolchain/bin/../lib/gcc/avr/5.4.0/../../../../avr/lib/avr5\libm.a(fp_zero.o)
 .text.avr-libc.fplib
                0x00000000        0xe c:/program files (x86)/atmel/studio/7.0/toolchain/avr8/avr8-gnu-toolchain/bin/../lib/gcc/avr/5.4.0/../../../../avr/lib/avr5\libm.a(fp_zero.o)
 .text          0x00000000        0x0 c:/program files (x86)/atmel/studio/7.0/toolchain/avr8/avr8-gnu-toolchain/bin/../lib/gcc/avr/5.4.0/../../../../avr/lib/avr5\libm.a(mulsf3.o)
 .data          0x00000000        0x0 c:/program files (x86)/atmel/studio/7.0/toolchain/avr8/avr8-gnu-toolchain/bin/../lib/gcc/avr/5.4.0/../../../../avr/lib/avr5\libm.a(mulsf3.o)
 .bss           0x00000000        0x0 c:/program files (x86)/atmel/studio/7.0/toolchain/avr8/avr8-gnu-toolchain/bin/../lib/gcc/avr/5.4.0/../../../../avr/lib/avr5\libm.a(mulsf3.o)
 .text.avr-libc.fplib
                0x00000000        0x8 c:/program files (x86)/atmel/studio/7.0/toolchain/avr8/avr8-gnu-toolchain/bin/../lib/gcc/avr/5.4.0/../../../../avr/lib/avr5\libm.a(mulsf3.o)
 .text          0x00000000        0x0 c:/program files (x86)/atmel/studio/7.0/toolchain/avr8/avr8-gnu-toolchain/bin/../lib/gcc/avr/5.4.0/../../../../avr/lib/avr5\libm.a(mulsf3x.o)
 .data          0x00000000        0x0 c:/program files (x86)/atmel/studio/7.0/toolchain/avr8/avr8-gnu-toolchain/bin/../lib/gcc/avr/5.4.0/../../../../avr/lib/avr5\libm.a(mulsf3x.o)
 .bss           0x00000000        0x0 c:/program files (x86)/atmel/studio/7.0/toolchain/avr8/avr8-gnu-toolchain/bin/../lib/gcc/avr/5.4.0/../../../../avr/lib/avr5\libm.a(mulsf3x.o)
 .text.avr-libc.fplib
                0x00000000       0xd2 c:/program files (x86)/atmel/studio/7.0/toolchain/avr8/avr8-gnu-toolchain/bin/../lib/gcc/avr/5.4.0/../../../../avr/lib/avr5\libm.a(mulsf3x.o)
 .text          0x00000000        0x0 c:/program files (x86)/atmel/studio/7.0/toolchain/avr8/avr8-gnu-toolchain/bin/../lib/gcc/avr/5.4.0/avr5\libgcc.a(_udivmodsi4.o)
 .data          0x00000000        0x0 c:/program files (x86)/atmel/studio/7.0/toolchain/avr8/avr8-gnu-toolchain/bin/../lib/gcc/avr/5.4.0/avr5\libgcc.a(_udivmodsi4.o)
 .bss           0x00000000        0x0 c:/program files (x86)/atmel/studio/7.0/toolchain/avr8/avr8-gnu-toolchain/bin/../lib/gcc/avr/5.4.0/avr5\libgcc.a(_udivmodsi4.o)
 .text.libgcc.mul
                0x00000000        0x0 c:/program files (x86)/atmel/studio/7.0/toolchain/avr8/avr8-gnu-toolchain/bin/../lib/gcc/avr/5.4.0/avr5\libgcc.a(_udivmodsi4.o)
 .text.libgcc   0x00000000        0x0 c:/program files (x86)/atmel/studio/7.0/toolchain/avr8/avr8-gnu-toolchain/bin/../lib/gcc/avr/5.4.0/avr5\libgcc.a(_udivmodsi4.o)
 .text.libgcc.prologue
                0x00000000        0x0 c:/program files (x86)/atmel/studio/7.0/toolchain/avr8/avr8-gnu-toolchain/bin/../lib/gcc/avr/5.4.0/avr5\libgcc.a(_udivmodsi4.o)
 .text.libgcc.builtins
                0x00000000        0x0 c:/program files (x86)/atmel/studio/7.0/toolchain/avr8/avr8-gnu-toolchain/bin/../lib/gcc/avr/5.4.0/avr5\libgcc.a(_udivmodsi4.o)
 .text.libgcc.fmul
                0x00000000        0x0 c:/program files (x86)/atmel/studio/7.0/toolchain/avr8/avr8-gnu-toolchain/bin/../lib/gcc/avr/5.4.0/avr5\libgcc.a(_udivmodsi4.o)
 .text.libgcc.fixed
                0x00000000        0x0 c:/program files (x86)/atmel/studio/7.0/toolchain/avr8/avr8-gnu-toolchain/bin/../lib/gcc/avr/5.4.0/avr5\libgcc.a(_udivmodsi4.o)
 .text          0x00000000        0x0 c:/program files (x86)/atmel/studio/7.0/toolchain/avr8/avr8-gnu-toolchain/bin/../lib/gcc/avr/5.4.0/avr5\libgcc.a(_exit.o)
 .data          0x00000000        0x0 c:/program files (x86)/atmel/studio/7.0/toolchain/avr8/avr8-gnu-toolchain/bin/../lib/gcc/avr/5.4.0/avr5\libgcc.a(_exit.o)
 .bss           0x00000000        0x0 c:/program files (x86)/atmel/studio/7.0/toolchain/avr8/avr8-gnu-toolchain/bin/../lib/gcc/avr/5.4.0/avr5\libgcc.a(_exit.o)
 .text.libgcc.mul
                0x00000000        0x0 c:/program files (x86)/atmel/studio/7.0/toolchain/avr8/avr8-gnu-toolchain/bin/../lib/gcc/avr/5.4.0/avr5\libgcc.a(_exit.o)
 .text.libgcc.div
                0x00000000        0x0 c:/program files (x86)/atmel/studio/7.0/toolchain/avr8/avr8-gnu-toolchain/bin/../lib/gcc/avr/5.4.0/avr5\libgcc.a(_exit.o)
 .text.libgcc   0x00000000        0x0 c:/program files (x86)/atmel/studio/7.0/toolchain/avr8/avr8-gnu-toolchain/bin/../lib/gcc/avr/5.4.0/avr5\libgcc.a(_exit.o)
 .text.libgcc.prologue
                0x00000000        0x0 c:/program files (x86)/atmel/studio/7.0/toolchain/avr8/avr8-gnu-toolchain/bin/../lib/gcc/avr/5.4.0/avr5\libgcc.a(_exit.o)
 .text.libgcc.builtins
                0x00000000        0x0 c:/program files (x86)/atmel/studio/7.0/toolchain/avr8/avr8-gnu-toolchain/bin/../lib/gcc/avr/5.4.0/avr5\libgcc.a(_exit.o)
 .text.libgcc.fmul
                0x00000000        0x0 c:/program files (x86)/atmel/studio/7.0/toolchain/avr8/avr8-gnu-toolchain/bin/../lib/gcc/avr/5.4.0/avr5\libgcc.a(_exit.o)
 .text.libgcc.fixed
                0x00000000        0x0 c:/program files (x86)/atmel/studio/7.0/toolchain/avr8/avr8-gnu-toolchain/bin/../lib/gcc/avr/5.4.0/avr5\libgcc.a(_exit.o)
 .text          0x00000000        0x0 c:/program files (x86)/atmel/studio/7.0/toolchain/avr8/avr8-gnu-toolchain/bin/../lib/gcc/avr/5.4.0/avr5\libgcc.a(_tablejump2.o)
 .data          0x00000000        0x0 c:/program files (x86)/atmel/studio/7.0/toolchain/avr8/avr8-gnu-toolchain/bin/../lib/gcc/avr/5.4.0/avr5\libgcc.a(_tablejump2.o)
 .bss           0x00000000        0x0 c:/program files (x86)/atmel/studio/7.0/toolchain/avr8/avr8-gnu-toolchain/bin/../lib/gcc/avr/5.4.0/avr5\libgcc.a(_tablejump2.o)
 .text.libgcc.mul
                0x00000000        0x0 c:/program files (x86)/atmel/studio/7.0/toolchain/avr8/avr8-gnu-toolchain/bin/../lib/gcc/avr/5.4.0/avr5\libgcc.a(_tablejump2.o)
 .text.libgcc.div
                0x00000000        0x0 c:/program files (x86)/atmel/studio/7.0/toolchain/avr8/avr8-gnu-toolchain/bin/../lib/gcc/avr/5.4.0/avr5\libgcc.a(_tablejump2.o)
 .text.libgcc.prologue
                0x00000000        0x0 c:/program files (x86)/atmel/studio/7.0/toolchain/avr8/avr8-gnu-toolchain/bin/../lib/gcc/avr/5.4.0/avr5\libgcc.a(_tablejump2.o)
 .text.libgcc.builtins
                0x00000000        0x0 c:/program files (x86)/atmel/studio/7.0/toolchain/avr8/avr8-gnu-toolchain/bin/../lib/gcc/avr/5.4.0/avr5\libgcc.a(_tablejump2.o)
 .text.libgcc.fmul
                0x00000000        0x0 c:/program files (x86)/atmel/studio/7.0/toolchain/avr8/avr8-gnu-toolchain/bin/../lib/gcc/avr/5.4.0/avr5\libgcc.a(_tablejump2.o)
 .text.libgcc.fixed
                0x00000000        0x0 c:/program files (x86)/atmel/studio/7.0/toolchain/avr8/avr8-gnu-toolchain/bin/../lib/gcc/avr/5.4.0/avr5\libgcc.a(_tablejump2.o)
 .text          0x00000000        0x0 c:/program files (x86)/atmel/studio/7.0/toolchain/avr8/avr8-gnu-toolchain/bin/../lib/gcc/avr/5.4.0/avr5\libgcc.a(_copy_data.o)
 .data          0x00000000        0x0 c:/program files (x86)/atmel/studio/7.0/toolchain/avr8/avr8-gnu-toolchain/bin/../lib/gcc/avr/5.4.0/avr5\libgcc.a(_copy_data.o)
 .bss           0x00000000        0x0 c:/program files (x86)/atmel/studio/7.0/toolchain/avr8/avr8-gnu-toolchain/bin/../lib/gcc/avr/5.4.0/avr5\libgcc.a(_copy_data.o)
 .text.libgcc.mul
                0x00000000        0x0 c:/program files (x86)/atmel/studio/7.0/toolchain/avr8/avr8-gnu-toolchain/bin/../lib/gcc/avr/5.4.0/avr5\libgcc.a(_copy_data.o)
 .text.libgcc.div
                0x00000000        0x0 c:/program files (x86)/atmel/studio/7.0/toolchain/avr8/avr8-gnu-toolchain/bin/../lib/gcc/avr/5.4.0/avr5\libgcc.a(_copy_data.o)
 .text.libgcc   0x00000000        0x0 c:/program files (x86)/atmel/studio/7.0/toolchain/avr8/avr8-gnu-toolchain/bin/../lib/gcc/avr/5.4.0/avr5\libgcc.a(_copy_data.o)
 .text.libgcc.prologue
                0x00000000        0x0 c:/program files (x86)/atmel/studio/7.0/toolchain/avr8/avr8-gnu-toolchain/bin/../lib/gcc/avr/5.4.0/avr5\libgcc.a(_copy_data.o)
 .text.libgcc.builtins
                0x00000000        0x0 c:/program files (x86)/atmel/studio/7.0/toolchain/avr8/avr8-gnu-toolchain/bin/../lib/gcc/avr/5.4.0/avr5\libgcc.a(_copy_data.o)
 .text.libgcc.fmul
                0x00000000        0x0 c:/program files (x86)/atmel/studio/7.0/toolchain/avr8/avr8-gnu-toolchain/bin/../lib/gcc/avr/5.4.0/avr5\libgcc.a(_copy_data.o)
 .text.libgcc.fixed
                0x00000000        0x0 c:/program files (x86)/atmel/studio/7.0/toolchain/avr8/avr8-gnu-toolchain/bin/../lib/gcc/avr/5.4.0/avr5\libgcc.a(_copy_data.o)
 .text          0x00000000        0x0 c:/program files (x86)/atmel/studio/7.0/toolchain/avr8/avr8-gnu-toolchain/bin/../lib/gcc/avr/5.4.0/avr5\libgcc.a(_clear_bss.o)
 .data          0x00000000        0x0 c:/program files (x86)/atmel/studio/7.0/toolchain/avr8/avr8-gnu-toolchain/bin/../lib/gcc/avr/5.4.0/avr5\libgcc.a(_clear_bss.o)
 .bss           0x00000000        0x0 c:/program files (x86)/atmel/studio/7.0/toolchain/avr8/avr8-gnu-toolchain/bin/../lib/gcc/avr/5.4.0/avr5\libgcc.a(_clear_bss.o)
 .text.libgcc.mul
                0x00000000        0x0 c:/program files (x86)/atmel/studio/7.0/toolchain/avr8/avr8-gnu-toolchain/bin/../lib/gcc/avr/5.4.0/avr5\libgcc.a(_clear_bss.o)
 .text.libgcc.div
                0x00000000        0x0 c:/program files (x86)/atmel/studio/7.0/toolchain/avr8/avr8-gnu-toolchain/bin/../lib/gcc/avr/5.4.0/avr5\libgcc.a(_clear_bss.o)
 .text.libgcc   0x00000000        0x0 c:/program files (x86)/atmel/studio/7.0/toolchain/avr8/avr8-gnu-toolchain/bin/../lib/gcc/avr/5.4.0/avr5\libgcc.a(_clear_bss.o)
 .text.libgcc.prologue
                0x00000000        0x0 c:/program files (x86)/atmel/studio/7.0/toolchain/avr8/avr8-gnu-toolchain/bin/../lib/gcc/avr/5.4.0/avr5\libgcc.a(_clear_bss.o)
 .text.libgcc.builtins
                0x00000000        0x0 c:/program files (x86)/atmel/studio/7.0/toolchain/avr8/avr8-gnu-toolchain/bin/../lib/gcc/avr/5.4.0/avr5\libgcc.a(_clear_bss.o)
 .text.libgcc.fmul
                0x00000000        0x0 c:/program files (x86)/atmel/studio/7.0/toolchain/avr8/avr8-gnu-toolchain/bin/../lib/gcc/avr/5.4.0/avr5\libgcc.a(_clear_bss.o)
 .text.libgcc.fixed
                0x00000000        0x0 c:/program files (x86)/atmel/studio/7.0/toolchain/avr8/avr8-gnu-toolchain/bin/../lib/gcc/avr/5.4.0/avr5\libgcc.a(_clear_bss.o)

Memory Configuration

Name             Origin             Length             Attributes
text             0x00000000         0x00008000         xr
data             0x00800060         0x00000800         rw !x
eeprom           0x00810000         0x00000400         rw !x
fuse             0x00820000         0x00000002         rw !x
lock             0x00830000         0x00000400         rw !x
signature        0x00840000         0x00000400         rw !x
user_signatures  0x00850000         0x00000400         rw !x
*default*        0x00000000         0xffffffff

Linker script and memory map

LOAD C:/Program Files (x86)/Atmel/Studio/7.0/Packs/atmel/ATmega_DFP/1.6.364/gcc/dev/atmega32/avr5/crtatmega32.o
LOAD ATMEGA32_Driver/EXTI_Driver.o
LOAD ATMEGA32_Driver/GPIO_Driver.o
LOAD ATMEGA32_Driver/I2C_Driver.o
LOAD ATMEGA32_Driver/PWM_Driver.o
LOAD ATMEGA32_Driver/SPI_Driver.o
LOAD ATMEGA32_Driver/TIMER0_Driver.o
LOAD ATMEGA32_Driver/USART_Driver.o
LOAD HAL/DHT11.o
LOAD HAL/EEPROM.o
LOAD HAL/LCD.o
LOAD HAL/Servo_Motor.o
LOAD main.o
START GROUP
LOAD c:/program files (x86)/atmel/studio/7.0/toolchain/avr8/avr8-gnu-toolchain/bin/../lib/gcc/avr/5.4.0/../../../../avr/lib/avr5\libm.a
END GROUP
START GROUP
LOAD c:/program files (x86)/atmel/studio/7.0/toolchain/avr8/avr8-gnu-toolchain/bin/../lib/gcc/avr/5.4.0/avr5\libgcc.a
LOAD c:/program files (x86)/atmel/studio/7.0/toolchain/avr8/avr8-gnu-toolchain/bin/../lib/gcc/avr/5.4.0/../../../../avr/lib/avr5\libm.a
LOAD c:/program files (x86)/atmel/studio/7.0/toolchain/avr8/avr8-gnu-toolchain/bin/../lib/gcc/avr/5.4.0/../../../../avr/lib/avr5\libc.a
LOAD C:/Program Files (x86)/Atmel/Studio/7.0/Packs/atmel/ATmega_DFP/1.6.364/gcc/dev/atmega32/avr5\libatmega32.a
END GROUP
                0x00000000                __TEXT_REGION_ORIGIN__ = DEFINED (__TEXT_REGION_ORIGIN__)?__TEXT_REGION_ORIGIN__:0x0
                [0x00800060]                __DATA_REGION_ORIGIN__ = DEFINED (__DATA_REGION_ORIGIN__)?__DATA_REGION_ORIGIN__:0x800060
                [0x00008000]                __TEXT_REGION_LENGTH__ = DEFINED (__TEXT_REGION_LENGTH__)?__TEXT_REGION_LENGTH__:0x20000
                [0x00000800]                __DATA_REGION_LENGTH__ = DEFINED (__DATA_REGION_LENGTH__)?__DATA_REGION_LENGTH__:0xffa0
                [0x00000400]                __EEPROM_REGION_LENGTH__ = DEFINED (__EEPROM_REGION_LENGTH__)?__EEPROM_REGION_LENGTH__:0x10000
                [0x00000002]                __FUSE_REGION_LENGTH__ = DEFINED (__FUSE_REGION_LENGTH__)?__FUSE_REGION_LENGTH__:0x400
                0x00000400                __LOCK_REGION_LENGTH__ = DEFINED (__LOCK_REGION_LENGTH__)?__LOCK_REGION_LENGTH__:0x400
                0x00000400                __SIGNATURE_REGION_LENGTH__ = DEFINED (__SIGNATURE_REGION_LENGTH__)?__SIGNATURE_REGION_LENGTH__:0x400
                0x00000400                __USER_SIGNATURE_REGION_LENGTH__ = DEFINED (__USER_SIGNATURE_REGION_LENGTH__)?__USER_SIGNATURE_REGION_LENGTH__:0x400

.hash
 *(.hash)

.dynsym
 *(.dynsym)

.dynstr
 *(.dynstr)

.gnu.version
 *(.gnu.version)

.gnu.version_d
 *(.gnu.version_d)

.gnu.version_r
 *(.gnu.version_r)

.rel.init
 *(.rel.init)

.rela.init
 *(.rela.init)

.rel.text
 *(.rel.text)
 *(.rel.text.*)
 *(.rel.gnu.linkonce.t*)

.rela.text
 *(.rela.text)
 *(.rela.text.*)
 *(.rela.gnu.linkonce.t*)

.rel.fini
 *(.rel.fini)

.rela.fini
 *(.rela.fini)

.rel.rodata
 *(.rel.rodata)
 *(.rel.rodata.*)
 *(.rel.gnu.linkonce.r*)

.rela.rodata
 *(.rela.rodata)
 *(.rela.rodata.*)
 *(.rela.gnu.linkonce.r*)

.rel.data
 *(.rel.data)
 *(.rel.data.*)
 *(.rel.gnu.linkonce.d*)

.rela.data
 *(.rela.data)
 *(.rela.data.*)
 *(.rela.gnu.linkonce.d*)

.rel.ctors
 *(.rel.ctors)

.rela.ctors
 *(.rela.ctors)

.rel.dtors
 *(.rel.dtors)

.rela.dtors
 *(.rela.dtors)

.rel.got
 *(.rel.got)

.rela.got
 *(.rela.got)

.rel.bss
 *(.rel.bss)

.rela.bss
 *(.rela.bss)

.rel.plt
 *(.rel.plt)

.rela.plt
 *(.rela.plt)

.text           0x00000000      0x866
 *(.vectors)
 .vectors       0x00000000       0x54 C:/Program Files (x86)/Atmel/Studio/7.0/Packs/atmel/ATmega_DFP/1.6.364/gcc/dev/atmega32/avr5/crtatmega32.o
                0x00000000                __vector_default
                0x00000000                __vectors
 *(.vectors)
 *(.progmem.gcc*)
 .progmem.gcc_sw_table.Get_flag_stutus
                0x00000054       0x14 ATMEGA32_Driver/I2C_Driver.o
                0x00000068                . = ALIGN (0x2)
                0x00000068                __trampolines_start = .
 *(.trampolines)
 .trampolines   0x00000068        0x0 linker stubs
 *(.trampolines*)
                0x00000068                __trampolines_end = .
 *libprintf_flt.a:*(.progmem.data)
 *libc.a:*(.progmem.data)
 *(.progmem*)
                0x00000068                . = ALIGN (0x2)
 *(.jumptables)
 *(.jumptables*)
 *(.lowtext)
 *(.lowtext*)
                0x00000068                __ctors_start = .
 *(.ctors)
                0x00000068                __ctors_end = .
                0x00000068                __dtors_start = .
 *(.dtors)
                0x00000068                __dtors_end = .
 SORT(*)(.ctors)
 SORT(*)(.dtors)
 *(.init0)
 .init0         0x00000068        0x0 C:/Program Files (x86)/Atmel/Studio/7.0/Packs/atmel/ATmega_DFP/1.6.364/gcc/dev/atmega32/avr5/crtatmega32.o
                0x00000068                __init
 *(.init0)
 *(.init1)
 *(.init1)
 *(.init2)
 .init2         0x00000068        0xc C:/Program Files (x86)/Atmel/Studio/7.0/Packs/atmel/ATmega_DFP/1.6.364/gcc/dev/atmega32/avr5/crtatmega32.o
 *(.init2)
 *(.init3)
 *(.init3)
 *(.init4)
 .init4         0x00000074       0x16 c:/program files (x86)/atmel/studio/7.0/toolchain/avr8/avr8-gnu-toolchain/bin/../lib/gcc/avr/5.4.0/avr5\libgcc.a(_copy_data.o)
                0x00000074                __do_copy_data
 .init4         0x0000008a       0x10 c:/program files (x86)/atmel/studio/7.0/toolchain/avr8/avr8-gnu-toolchain/bin/../lib/gcc/avr/5.4.0/avr5\libgcc.a(_clear_bss.o)
                0x0000008a                __do_clear_bss
 *(.init4)
 *(.init5)
 *(.init5)
 *(.init6)
 *(.init6)
 *(.init7)
 *(.init7)
 *(.init8)
 *(.init8)
 *(.init9)
 .init9         0x0000009a        0x8 C:/Program Files (x86)/Atmel/Studio/7.0/Packs/atmel/ATmega_DFP/1.6.364/gcc/dev/atmega32/avr5/crtatmega32.o
 *(.init9)
 *(.text)
 .text          0x000000a2        0x4 C:/Program Files (x86)/Atmel/Studio/7.0/Packs/atmel/ATmega_DFP/1.6.364/gcc/dev/atmega32/avr5/crtatmega32.o
                0x000000a2                __vector_6
                0x000000a2                __vector_17
                0x000000a2                __vector_5
                0x000000a2                __vector_4
                0x000000a2                __vector_16
                0x000000a2                __vector_18
                0x000000a2                __vector_20
                0x000000a2                __bad_interrupt
                0x000000a6                . = ALIGN (0x2)
 *(.text.*)
 .text.__vector_1
                0x000000a6       0x4e ATMEGA32_Driver/EXTI_Driver.o
                0x000000a6                __vector_1
 .text.__vector_2
                0x000000f4       0x4e ATMEGA32_Driver/EXTI_Driver.o
                0x000000f4                __vector_2
 .text.__vector_3
                0x00000142       0x4e ATMEGA32_Driver/EXTI_Driver.o
                0x00000142                __vector_3
 .text.MCAL_I2C_Init
                0x00000190       0x62 ATMEGA32_Driver/I2C_Driver.o
                0x00000190                MCAL_I2C_Init
 .text.Get_flag_stutus
                0x000001f2       0xb4 ATMEGA32_Driver/I2C_Driver.o
                0x000001f2                Get_flag_stutus
 .text.I2C_Generate_Start
                0x000002a6       0x1c ATMEGA32_Driver/I2C_Driver.o
                0x000002a6                I2C_Generate_Start
 .text.I2C_Generate_Stop
                0x000002c2        0x6 ATMEGA32_Driver/I2C_Driver.o
                0x000002c2                I2C_Generate_Stop
 .text.MCAL_I2C_Master_TX
                0x000002c8       0x6c ATMEGA32_Driver/I2C_Driver.o
                0x000002c8                MCAL_I2C_Master_TX
 .text.MCAL_I2C_Master_RX
                0x00000334       0x62 ATMEGA32_Driver/I2C_Driver.o
                0x00000334                MCAL_I2C_Master_RX
 .text.__vector_19
                0x00000396       0x54 ATMEGA32_Driver/I2C_Driver.o
                0x00000396                __vector_19
 .text.__vector_9
                0x000003ea       0x54 ATMEGA32_Driver/PWM_Driver.o
                0x000003ea                __vector_9
 .text.__vector_7
                0x0000043e       0x54 ATMEGA32_Driver/PWM_Driver.o
                0x0000043e                __vector_7
 .text.__vector_8
                0x00000492       0x54 ATMEGA32_Driver/PWM_Driver.o
                0x00000492                __vector_8
 .text.__vector_12
                0x000004e6       0x54 ATMEGA32_Driver/SPI_Driver.o
                0x000004e6                __vector_12
 .text.__vector_10
                0x0000053a       0x54 ATMEGA32_Driver/TIMER0_Driver.o
                0x0000053a                __vector_10
 .text.__vector_11
                0x0000058e       0x54 ATMEGA32_Driver/TIMER0_Driver.o
                0x0000058e                __vector_11
 .text.__vector_13
                0x000005e2       0x4e ATMEGA32_Driver/USART_Driver.o
                0x000005e2                __vector_13
 .text.__vector_14
                0x00000630       0x4e ATMEGA32_Driver/USART_Driver.o
                0x00000630                __vector_14
 .text.__vector_15
                0x0000067e       0x4e ATMEGA32_Driver/USART_Driver.o
                0x0000067e                __vector_15
 .text.EEPROM_Init
                0x000006cc       0x38 HAL/EEPROM.o
                0x000006cc                EEPROM_Init
 .text.EEPROM_Write_Data
                0x00000704       0x68 HAL/EEPROM.o
                0x00000704                EEPROM_Write_Data
 .text.EEPROM_Read_Data
                0x0000076c       0x42 HAL/EEPROM.o
                0x0000076c                EEPROM_Read_Data
 .text.main     0x000007ae       0x64 main.o
                0x000007ae                main
 .text.libgcc.div
                0x00000812       0x44 c:/program files (x86)/atmel/studio/7.0/toolchain/avr8/avr8-gnu-toolchain/bin/../lib/gcc/avr/5.4.0/avr5\libgcc.a(_udivmodsi4.o)
                0x00000812                __udivmodsi4
 .text.libgcc   0x00000856        0xc c:/program files (x86)/atmel/studio/7.0/toolchain/avr8/avr8-gnu-toolchain/bin/../lib/gcc/avr/5.4.0/avr5\libgcc.a(_tablejump2.o)
                0x00000856                __tablejump2__
                0x00000862                . = ALIGN (0x2)
 *(.fini9)
 .fini9         0x00000862        0x0 c:/program files (x86)/atmel/studio/7.0/toolchain/avr8/avr8-gnu-toolchain/bin/../lib/gcc/avr/5.4.0/avr5\libgcc.a(_exit.o)
                0x00000862                _exit
                0x00000862                exit
 *(.fini9)
 *(.fini8)
 *(.fini8)
 *(.fini7)
 *(.fini7)
 *(.fini6)
 *(.fini6)
 *(.fini5)
 *(.fini5)
 *(.fini4)
 *(.fini4)
 *(.fini3)
 *(.fini3)
 *(.fini2)
 *(.fini2)
 *(.fini1)
 *(.fini1)
 *(.fini0)
 .fini0         0x00000862        0x4 c:/program files (x86)/atmel/studio/7.0/toolchain/avr8/avr8-gnu-toolchain/bin/../lib/gcc/avr/5.4.0/avr5\libgcc.a(_exit.o)
 *(.fini0)
                0x00000866                _etext = .

.data           0x00800060        0x8 load address 0x00000866
                0x00800060                PROVIDE (__data_start, .)
 *(.data)
 *(.data*)
 *(.gnu.linkonce.d*)
 *(.rodata)
 .rodata        0x00800060        0x7 main.o
 *(.rodata*)
 *(.gnu.linkonce.r*)
                0x00800068                . = ALIGN (0x2)
 *fill*         0x00800067        0x1 
                0x00800068                _edata = .
                0x00800068                PROVIDE (__data_end, .)

.bss            0x00800068       0x14
                0x00800068                PROVIDE (__bss_start, .)
 *(.bss)
 *(.bss*)
 .bss.g_I2C_Config
                0x00800068        0x2 ATMEGA32_Driver/I2C_Driver.o
                0x00800068                g_I2C_Config
 .bss.g_PWM_Config
                0x0080006a        0x2 ATMEGA32_Driver/PWM_Driver.o
                0x0080006a                g_PWM_Config
 .bss.g_SPI_Config
                0x0080006c        0x2 ATMEGA32_Driver/SPI_Driver.o
                0x0080006c                g_SPI_Config
 .bss.g_TIM0_Config
                0x0080006e        0x2 ATMEGA32_Driver/TIMER0_Driver.o
                0x0080006e                g_TIM0_Config
 *(COMMON)
 COMMON         0x00800070        0x6 ATMEGA32_Driver/EXTI_Driver.o
                0x00800070                GP_IRQ_CALL
 COMMON         0x00800076        0x6 ATMEGA32_Driver/USART_Driver.o
                0x00800076                GPU_IRQ_CALL
                0x0080007c                PROVIDE (__bss_end, .)
                0x00000866                __data_load_start = LOADADDR (.data)
                0x0000086e                __data_load_end = (__data_load_start + SIZEOF (.data))

.noinit         0x0080007c        0x0
                [!provide]                PROVIDE (__noinit_start, .)
 *(.noinit*)
                [!provide]                PROVIDE (__noinit_end, .)
                0x0080007c                _end = .
                [!provide]                PROVIDE (__heap_start, .)

.eeprom         0x00810000        0x0
 *(.eeprom*)
                0x00810000                __eeprom_end = .

.fuse
 *(.fuse)
 *(.lfuse)
 *(.hfuse)
 *(.efuse)

.lock
 *(.lock*)

.signature
 *(.signature*)

.user_signatures
 *(.user_signatures*)

.stab
 *(.stab)

.stabstr
 *(.stabstr)

.stab.excl
 *(.stab.excl)

.stab.exclstr
 *(.stab.exclstr)

.stab.index
 *(.stab.index)

.stab.indexstr
 *(.stab.indexstr)

.comment        0x00000000       0x30
 *(.comment)
 .comment       0x00000000       0x30 ATMEGA32_Driver/EXTI_Driver.o
                                 0x31 (size before relaxing)
 .comment       0x00000030       0x31 ATMEGA32_Driver/I2C_Driver.o
 .comment       0x00000030       0x31 ATMEGA32_Driver/PWM_Driver.o
 .comment       0x00000030       0x31 ATMEGA32_Driver/SPI_Driver.o
 .comment       0x00000030       0x31 ATMEGA32_Driver/TIMER0_Driver.o
 .comment       0x00000030       0x31 ATMEGA32_Driver/USART_Driver.o
 .comment       0x00000030       0x31 HAL/EEPROM.o
 .comment       0x00000030       0x31 main.o

.note.gnu.avr.deviceinfo
                0x00000000       0x3c
 .note.gnu.avr.deviceinfo
                0x00000000       0x3c C:/Program Files (x86)/Atmel/Studio/7.0/Packs/atmel/ATmega_DFP/1.6.364/gcc/dev/atmega32/avr5/crtatmega32.o

.note.gnu.build-id
 *(.note.gnu.build-id)

.debug
 *(.debug)

.line
 *(.line)

.debug_srcinfo
 *(.debug_srcinfo)

.debug_sfnames
 *(.debug_sfnames)

.debug_aranges  0x00000000      0x248
 *(.debug_aranges)
 .debug_aranges
                0x00000000       0x40 ATMEGA32_Driver/EXTI_Driver.o
 .debug_aranges
                0x00000040       0x60 ATMEGA32_Driver/I2C_Driver.o
 .debug_aranges
                0x000000a0       0x50 ATMEGA32_Driver/PWM_Driver.o
 .debug_aranges
                0x000000f0       0x58 ATMEGA32_Driver/SPI_Driver.o
 .debug_aranges
                0x00000148       0x48 ATMEGA32_Driver/TIMER0_Driver.o
 .debug_aranges
                0x00000190       0x60 ATMEGA32_Driver/USART_Driver.o
 .debug_aranges
                0x000001f0       0x30 HAL/EEPROM.o
 .debug_aranges
                0x00000220       0x28 main.o

.debug_pubnames
 *(.debug_pubnames)

.debug_info     0x00000000     0x2111
 *(.debug_info .gnu.linkonce.wi.*)
 .debug_info    0x00000000      0x4e6 C:/Program Files (x86)/Atmel/Studio/7.0/Packs/atmel/ATmega_DFP/1.6.364/gcc/dev/atmega32/avr5/crtatmega32.o
 .debug_info    0x000004e6      0x293 ATMEGA32_Driver/EXTI_Driver.o
 .debug_info    0x00000779      0x4fa ATMEGA32_Driver/I2C_Driver.o
 .debug_info    0x00000c73      0x40f ATMEGA32_Driver/PWM_Driver.o
 .debug_info    0x00001082      0x4a9 ATMEGA32_Driver/SPI_Driver.o
 .debug_info    0x0000152b      0x297 ATMEGA32_Driver/TIMER0_Driver.o
 .debug_info    0x000017c2      0x44c ATMEGA32_Driver/USART_Driver.o
 .debug_info    0x00001c0e      0x2c1 HAL/EEPROM.o
 .debug_info    0x00001ecf      0x242 main.o

.debug_abbrev   0x00000000     0x104a
 *(.debug_abbrev)
 .debug_abbrev  0x00000000      0x4a3 C:/Program Files (x86)/Atmel/Studio/7.0/Packs/atmel/ATmega_DFP/1.6.364/gcc/dev/atmega32/avr5/crtatmega32.o
 .debug_abbrev  0x000004a3      0x135 ATMEGA32_Driver/EXTI_Driver.o
 .debug_abbrev  0x000005d8      0x1bd ATMEGA32_Driver/I2C_Driver.o
 .debug_abbrev  0x00000795      0x17f ATMEGA32_Driver/PWM_Driver.o
 .debug_abbrev  0x00000914      0x17a ATMEGA32_Driver/SPI_Driver.o
 .debug_abbrev  0x00000a8e      0x15c ATMEGA32_Driver/TIMER0_Driver.o
 .debug_abbrev  0x00000bea      0x1d9 ATMEGA32_Driver/USART_Driver.o
 .debug_abbrev  0x00000dc3      0x120 HAL/EEPROM.o
 .debug_abbrev  0x00000ee3      0x167 main.o

.debug_line     0x00000000     0x1700
 *(.debug_line .debug_line.* .debug_line_end)
 .debug_line    0x00000000      0x116 C:/Program Files (x86)/Atmel/Studio/7.0/Packs/atmel/ATmega_DFP/1.6.364/gcc/dev/atmega32/avr5/crtatmega32.o
 .debug_line    0x00000116      0x298 ATMEGA32_Driver/EXTI_Driver.o
 .debug_line    0x000003ae      0x3ca ATMEGA32_Driver/I2C_Driver.o
 .debug_line    0x00000778      0x2b7 ATMEGA32_Driver/PWM_Driver.o
 .debug_line    0x00000a2f      0x326 ATMEGA32_Driver/SPI_Driver.o
 .debug_line    0x00000d55      0x216 ATMEGA32_Driver/TIMER0_Driver.o
 .debug_line    0x00000f6b      0x4a1 ATMEGA32_Driver/USART_Driver.o
 .debug_line    0x0000140c      0x166 HAL/EEPROM.o
 .debug_line    0x00001572      0x18e main.o

.debug_frame    0x00000000      0x8c4
 *(.debug_frame)
 .debug_frame   0x00000000      0x158 ATMEGA32_Driver/EXTI_Driver.o
 .debug_frame   0x00000158      0x124 ATMEGA32_Driver/I2C_Driver.o
 .debug_frame   0x0000027c      0x180 ATMEGA32_Driver/PWM_Driver.o
 .debug_frame   0x000003fc      0x120 ATMEGA32_Driver/SPI_Driver.o
 .debug_frame   0x0000051c      0x124 ATMEGA32_Driver/TIMER0_Driver.o
 .debug_frame   0x00000640      0x1b8 ATMEGA32_Driver/USART_Driver.o
 .debug_frame   0x000007f8       0x88 HAL/EEPROM.o
 .debug_frame   0x00000880       0x44 main.o

.debug_str      0x00000000      0xce4
 *(.debug_str)
 .debug_str     0x00000000      0x196 C:/Program Files (x86)/Atmel/Studio/7.0/Packs/atmel/ATmega_DFP/1.6.364/gcc/dev/atmega32/avr5/crtatmega32.o
 .debug_str     0x00000196      0x22f ATMEGA32_Driver/EXTI_Driver.o
                                0x26e (size before relaxing)
 .debug_str     0x000003c5      0x254 ATMEGA32_Driver/I2C_Driver.o
                                0x398 (size before relaxing)
 .debug_str     0x00000619      0x1ca ATMEGA32_Driver/PWM_Driver.o
                                0x385 (size before relaxing)
 .debug_str     0x000007e3      0x185 ATMEGA32_Driver/SPI_Driver.o
                                0x358 (size before relaxing)
 .debug_str     0x00000968      0x135 ATMEGA32_Driver/TIMER0_Driver.o
                                0x2e4 (size before relaxing)
 .debug_str     0x00000a9d      0x16a ATMEGA32_Driver/USART_Driver.o
                                0x365 (size before relaxing)
 .debug_str     0x00000c07       0x55 HAL/EEPROM.o
                                0x264 (size before relaxing)
 .debug_str     0x00000c5c       0x88 main.o
                                0x21e (size before relaxing)

.debug_loc      0x00000000     0x175a
 *(.debug_loc)
 .debug_loc     0x00000000      0x2fb ATMEGA32_Driver/EXTI_Driver.o
 .debug_loc     0x000002fb      0x476 ATMEGA32_Driver/I2C_Driver.o
 .debug_loc     0x00000771      0x36a ATMEGA32_Driver/PWM_Driver.o
 .debug_loc     0x00000adb      0x268 ATMEGA32_Driver/SPI_Driver.o
 .debug_loc     0x00000d43      0x286 ATMEGA32_Driver/TIMER0_Driver.o
 .debug_loc     0x00000fc9      0x4b7 ATMEGA32_Driver/USART_Driver.o
 .debug_loc     0x00001480      0x24b HAL/EEPROM.o
 .debug_loc     0x000016cb       0x8f main.o

.debug_macinfo
 *(.debug_macinfo)

.debug_weaknames
 *(.debug_weaknames)

.debug_funcnames
 *(.debug_funcnames)

.debug_typenames
 *(.debug_typenames)

.debug_varnames
 *(.debug_varnames)

.debug_pubtypes
 *(.debug_pubtypes)

.debug_ranges   0x00000000      0x1c8
 *(.debug_ranges)
 .debug_ranges  0x00000000       0x30 ATMEGA32_Driver/EXTI_Driver.o
 .debug_ranges  0x00000030       0x50 ATMEGA32_Driver/I2C_Driver.o
 .debug_ranges  0x00000080       0x40 ATMEGA32_Driver/PWM_Driver.o
 .debug_ranges  0x000000c0       0x48 ATMEGA32_Driver/SPI_Driver.o
 .debug_ranges  0x00000108       0x38 ATMEGA32_Driver/TIMER0_Driver.o
 .debug_ranges  0x00000140       0x50 ATMEGA32_Driver/USART_Driver.o
 .debug_ranges  0x00000190       0x20 HAL/EEPROM.o
 .debug_ranges  0x000001b0       0x18 main.o

.debug_macro
 *(.debug_macro)
OUTPUT(Atmega32_Drivers.elf elf32-avr)
LOAD linker stubs
