Scheduler.c:50:6:MYRTOS_IdleTask	4	static,ignoring_inline_asm
Scheduler.c:76:28:PendSV_Handler	0	static,ignoring_inline_asm
Scheduler.c:141:6:MYRTOS_Create_MainStack	4	static
Scheduler.c:155:17:MYRTOS_Init	16	static
Scheduler.c:182:6:MyRTOS_Create_TaskStack	24	static
Scheduler.c:224:17:MYRTOS_CreateTask	24	static
Scheduler.c:255:6:bubbleSort	24	static
Scheduler.c:275:17:MyRTOS_Update_Schadule_tables	32	static
Scheduler.c:333:6:Decide_whatNext	8	static
Scheduler.c:362:6:OS_SV	24	static
Scheduler.c:400:6:MYRTOS_OS_SVC_Set	16	static,ignoring_inline_asm
Scheduler.c:422:6:MYRTOS_ActivateTask	16	static
Scheduler.c:434:6:MYRTOS_TerminateTask	16	static
Scheduler.c:447:6:MYRTOS_TaskWait	16	static
Scheduler.c:463:6:MYRTOS_Update_TasksWaitingTime	16	static
Scheduler.c:488:6:MYRTOS_STARTOS	8	static,ignoring_inline_asm
Scheduler.c:513:17:MYRTOS_AcquireMutex	16	static
Scheduler.c:554:6:MYRTOS_ReleaseMutex	16	static
Scheduler.c:582:17:MYRTOS_AcquireSemaphore	16	static
Scheduler.c:606:6:MYRTOS_ReleaseSemaphore	16	static
